
> frontend@0.1.0 build
> next build --webpack

node.exe : Ô¿» Another next build process is already running.
Au caractère Ligne:1 : 1
+ & "C:\Program Files\nodejs/node.exe" "C:\Program Files\nodejs/node_mo ...
+ ~~~~~~~~~~~~~~~~~~~~~~~~~~~~~~~~~~~~~~~~~~~~~~~~~~~~~~~~~~~~~~~~~~~~~
    + CategoryInfo          : NotSpecified: (Ô¿» Another nex...lready running. 
   :String) [], RemoteException
    + FullyQualifiedErrorId : NativeCommandError
 

  This could be:
  - A next build still in progress
  - A previous build that didn't exit cleanly

  Suggestion: Wait for the build to complete.
