============================= test session starts =============================
platform win32 -- Python 3.11.8, pytest-9.0.2, pluggy-1.6.0
rootdir: D:\Projet_streamlit\assistant_matanne
configfile: pytest.ini (WARNING: ignoring pytest config in pyproject.toml!)
plugins: anyio-4.12.1, asyncio-1.3.0, cov-7.0.0
asyncio: mode=Mode.STRICT, debug=False, asyncio_default_fixture_loop_scope=function, asyncio_default_test_loop_scope=function
collected 6105 items

tests\api\test_85_coverage.py .................                          [  0%]
tests\api\test_api_coverage_80.py ...................................... [  0%]
.............................s.......................................... [  2%]
................................                                         [  2%]
tests\api\test_api_deep.py ............................................. [  3%]
....ss.s........s.....ss..s..sss...                                      [  3%]
tests\api\test_api_endpoints_basic.py ssssssssssssssssssssssssssssssssss [  4%]
ssssssssssssssssssssssssssssssssssssssssssss                             [  5%]
tests\api\test_api_endpoints_crud.py sssssssssssssssssssssssssssssssssss [  5%]
ssssssssssssssssssssssssss                                               [  6%]
tests\api\test_api_integration.py ssssssssssssssssssssssssssssssssssssss [  6%]
sssssssss                                                                [  6%]
tests\api\test_extended_api.py ......................                    [  7%]
tests\api\test_main.py sssss                                             [  7%]
tests\api\test_rate_limiting.py ......                                   [  7%]
tests\api\test_simple_extended.py .........                              [  7%]
tests\benchmarks\test_perf_core_operations.py .........                  [  7%]
tests\core\test_action_history.py ........................               [  8%]
tests\core\test_ai_agent.py ......................                       [  8%]
tests\core\test_ai_agent_sync.py ..............                          [  8%]
tests\core\test_ai_cache.py ................                             [  9%]
tests\core\test_ai_client.py ..............                              [  9%]
tests\core\test_ai_modules.py ss........s                                [  9%]
tests\core\test_ai_parser_extended.py .......................            [  9%]
tests\core\test_ai_rate_limit.py ............                            [ 10%]
tests\core\test_cache.py ............................                    [ 10%]
tests\core\test_cache_coverage.py .............................          [ 10%]
tests\core\test_cache_deep.py .....................................      [ 11%]
tests\core\test_cache_multi.py ..ss......ss..sssssssss.....              [ 12%]
tests\core\test_cache_multi_deep.py ...................ssssssss          [ 12%]
tests\core\test_config.py ..............................                 [ 12%]
tests\core\test_config_deep.py .............s..............              [ 13%]
tests\core\test_config_extended.py ...............                       [ 13%]
tests\core\test_constants.py ........................................... [ 14%]
...                                                                      [ 14%]
tests\core\test_core_deep.py ........................................... [ 15%]
...........................................                              [ 15%]
tests\core\test_coverage_80_boost.py ......................              [ 16%]
tests\core\test_coverage_80_final.py ....................                [ 16%]
tests\core\test_coverage_80_push.py ........................             [ 16%]
tests\core\test_coverage_80_targeted.py ............................     [ 17%]
tests\core\test_coverage_boost.py ...................................... [ 17%]
.......                                                                  [ 18%]
tests\core\test_database.py ..........s........................          [ 18%]
tests\core\test_database_deep.py ..................................F.... [ 19%]
                                                                         [ 19%]
tests\core\test_database_extended.py .......s..                          [ 19%]
tests\core\test_decorators.py ...........                                [ 19%]
tests\core\test_decorators_basic.py .....................                [ 20%]
tests\core\test_decorators_deep.py .....................                 [ 20%]
tests\core\test_decorators_edge_cases.py .....................           [ 20%]
tests\core\test_decorators_extended.py ............                      [ 20%]
tests\core\test_errors.py .....................................          [ 21%]
tests\core\test_errors_advanced.py ..................................... [ 22%]
......                                                                   [ 22%]
tests\core\test_errors_base.py ......................................... [ 22%]
......                                                                   [ 22%]
tests\core\test_errors_deep.py .......................................   [ 23%]
tests\core\test_lazy_cache_advanced.py ................................  [ 24%]
tests\core\test_lazy_loader.py ......                                    [ 24%]
tests\core\test_lazy_loader_deep.py ..........................           [ 24%]
tests\core\test_lazy_loader_extended.py ..................               [ 24%]
tests\core\test_logging.py ...............................               [ 25%]
tests\core\test_models_batch_cooking.py sssss                            [ 25%]
tests\core\test_models_comprehensive.py sssssssss...ssss                 [ 25%]
tests\core\test_models_recettes.py .......................               [ 26%]
tests\core\test_multi_tenant.py .................................        [ 26%]
tests\core\test_multi_tenant_deep.py ................................... [ 27%]
...........                                                              [ 27%]
tests\core\test_notifications.py ....................................... [ 28%]
....                                                                     [ 28%]
tests\core\test_notifications_deep.py .................................. [ 28%]
..............                                                           [ 28%]
tests\core\test_offline.py ...                                           [ 29%]
tests\core\test_offline_deep.py ...........................              [ 29%]
tests\core\test_parser_ai.py ......................                      [ 29%]
tests\core\test_performance.py ..                                        [ 29%]
tests\core\test_performance_deep.py .......................              [ 30%]
tests\core\test_performance_optimizations.py ........................... [ 30%]
..............                                                           [ 30%]
tests\core\test_performance_optimizations_deep.py .ss................    [ 31%]
tests\core\test_redis_cache.py ........................................  [ 31%]
tests\core\test_redis_cache_deep.py .................................... [ 32%]
.........                                                                [ 32%]
tests\core\test_sql_optimizer.py .......s                                [ 32%]
tests\core\test_sql_optimizer_deep.py .........................          [ 33%]
tests\core\test_state.py ..................................              [ 33%]
tests\core\test_validation.py .......................................... [ 34%]
                                                                         [ 34%]
tests\core\test_validation_pydantic.py ................................. [ 34%]
.......                                                                  [ 35%]
tests\core\test_validators_pydantic.py .....................             [ 35%]
tests\core\test_validators_pydantic_deep.py ......................       [ 35%]
tests\domains\cuisine\services\test_batch_cooking.py ................... [ 36%]
...                                                                      [ 36%]
tests\domains\cuisine\test_batch_cooking_detaille_ui.py .                [ 36%]
tests\domains\cuisine\test_batch_cooking_logic.py ...................... [ 36%]
.....................                                                    [ 36%]
tests\domains\cuisine\test_courses_logic.py ............................ [ 37%]
.....................                                                    [ 37%]
tests\domains\cuisine\test_courses_ui.py .                               [ 37%]
tests\domains\cuisine\test_init.py .                                     [ 37%]
tests\domains\cuisine\test_inventaire_logic.py ......................... [ 38%]
................................                                         [ 38%]
tests\domains\cuisine\test_inventaire_ui.py .                            [ 38%]
tests\domains\cuisine\test_phase2_meals.py ...............               [ 38%]
tests\domains\cuisine\test_phase2_recipes.py ...............             [ 39%]
tests\domains\cuisine\test_planificateur_repas_logic.py ................ [ 39%]
...........                                                              [ 39%]
tests\domains\cuisine\test_planning_logic.py ........................    [ 39%]
tests\domains\cuisine\test_recettes_logic.py ............                [ 40%]
tests\domains\cuisine\test_schemas.py ...................                [ 40%]
tests\domains\cuisine\ui\test_batch_cooking_detaille.py .                [ 40%]
tests\domains\cuisine\ui\test_planificateur_repas.py .........           [ 40%]
tests\domains\cuisine\ui\test_planificateur_repas_extended.py .......... [ 40%]
.......................                                                  [ 41%]
tests\domains\cuisine\ui\test_recettes.py .................              [ 41%]
tests\domains\famille\test_achats_famille_ui.py .                        [ 41%]
tests\domains\famille\test_activites_logic.py .......................... [ 41%]
...........                                                              [ 42%]
tests\domains\famille\test_init.py .                                     [ 42%]
tests\domains\famille\test_phase2_profiles.py ..............             [ 42%]
tests\domains\famille\test_phase2_tracking.py ..............             [ 42%]
tests\domains\famille\test_routines_logic.py ........................... [ 42%]
...................                                                      [ 43%]
tests\domains\famille\ui\test_achats_famille.py .....                    [ 43%]
tests\domains\famille\ui\test_activites.py ...                           [ 43%]
tests\domains\famille\ui\test_hub_famille.py ..                          [ 43%]
tests\domains\famille\ui\test_jules.py .                                 [ 43%]
tests\domains\famille\ui\test_jules_planning.py .........                [ 43%]
tests\domains\famille\ui\test_jules_planning_extended.py ............... [ 43%]
...............                                                          [ 44%]
tests\domains\famille\ui\test_routines.py ..                             [ 44%]
tests\domains\famille\ui\test_suivi_perso.py .                           [ 44%]
tests\domains\famille\ui\test_weekend.py .                               [ 44%]
tests\domains\jeux\test_integration.py .....                             [ 44%]
tests\domains\jeux\test_loto_logic.py .................                  [ 44%]
tests\domains\jeux\test_setup.py ......                                  [ 44%]
tests\domains\jeux\ui\test_loto.py .                                     [ 44%]
tests\domains\maison\services\test_inventaire.py ..                      [ 44%]
tests\domains\maison\services\test_paris_logic.py ..................     [ 44%]
tests\domains\maison\test_entretien_logic.py ........................... [ 45%]
....                                                                     [ 45%]
tests\domains\maison\test_init.py .                                      [ 45%]
tests\domains\maison\test_jardin_logic.py .............................  [ 45%]
tests\domains\maison\test_projets_logic.py ............................. [ 46%]
.                                                                        [ 46%]
tests\domains\maison\ui\test_courses.py ..                               [ 46%]
tests\domains\maison\ui\test_depenses.py .........                       [ 46%]
tests\domains\maison\ui\test_eco_tips.py sssssssssss                     [ 46%]
tests\domains\maison\ui\test_energie.py ..                               [ 46%]
tests\domains\maison\ui\test_entretien.py ..                             [ 46%]
tests\domains\maison\ui\test_hub_maison.py ..                            [ 46%]
tests\domains\maison\ui\test_imports_maison_ui.py .........              [ 47%]
tests\domains\maison\ui\test_jardin.py ssssss                            [ 47%]
tests\domains\maison\ui\test_jardin_zones.py ssssssssss                  [ 47%]
tests\domains\maison\ui\test_meubles.py ..                               [ 47%]
tests\domains\maison\ui\test_paris.py ..                                 [ 47%]
tests\domains\maison\ui\test_projets.py ..                               [ 47%]
tests\domains\maison\ui\test_scan_factures.py ..                         [ 47%]
tests\domains\planning\logic\test_calendrier_unifie_logic.py .           [ 47%]
tests\domains\planning\test_calendrier_unifie_logic.py ................. [ 47%]
....................                                                     [ 48%]
tests\domains\planning\test_phase2_events.py ........................... [ 48%]
......                                                                   [ 48%]
tests\domains\planning\test_vue_ensemble_logic.py ...................... [ 48%]
..                                                                       [ 49%]
tests\domains\planning\test_vue_semaine_logic.py ......................  [ 49%]
tests\domains\planning\ui\components\test_components_init.py .......     [ 49%]
tests\domains\planning\ui\components\test_components_init_extended.py .. [ 49%]
................................                                         [ 50%]
tests\domains\planning\ui\components\test_init.py ..                     [ 50%]
tests\domains\planning\ui\test_calendrier_unifie.py ..                   [ 50%]
tests\domains\planning\ui\test_imports_planning_ui.py ...                [ 50%]
tests\domains\planning\ui\test_vue_semaine.py ..                         [ 50%]
tests\domains\test_85_coverage.py .....................                  [ 50%]
tests\domains\test_core_workflows.py sssssssssssssssss                   [ 50%]
tests\domains\test_domains_coverage_80.py .............................. [ 51%]
.......s..........                                                       [ 51%]
tests\domains\test_domains_logic_coverage.py ........................... [ 52%]
.................                                                        [ 52%]
tests\domains\test_extended_domains.py ................................. [ 52%]
.....                                                                    [ 52%]
tests\domains\test_init.py .                                             [ 52%]
tests\domains\test_logic_comprehensive.py sssssssssssssssssssssss        [ 53%]
tests\domains\test_modules_accueil.py ..........                         [ 53%]
tests\domains\test_modules_barcode.py ........                           [ 53%]
tests\domains\test_modules_cuisine.py ................                   [ 53%]
tests\domains\test_modules_famille.py ............                       [ 54%]
tests\domains\test_modules_logic.py .........                            [ 54%]
tests\domains\test_modules_planning.py ............                      [ 54%]
tests\domains\test_simple_extended.py .........                          [ 54%]
tests\domains\ui\test_ui_helpers.py ........................             [ 54%]
tests\domains\utils\test_accueil_logic.py ...........................    [ 55%]
tests\domains\utils\test_barcode_logic.py ........................       [ 55%]
tests\domains\utils\test_parametres_logic.py ........................... [ 56%]
................                                                         [ 56%]
tests\domains\utils\test_rapports_logic.py ............................. [ 56%]
.....                                                                    [ 57%]
tests\domains\utils\ui\test_accueil.py ..                                [ 57%]
tests\domains\utils\ui\test_barcode.py ..                                [ 57%]
tests\domains\utils\ui\test_imports_utils_ui.py .....                    [ 57%]
tests\domains\utils\ui\test_notifications_push.py ..                     [ 57%]
tests\e2e\test_complete_flows.py ...........                             [ 57%]
tests\e2e\test_critical_paths.py .............                           [ 57%]
tests\e2e\test_domains_e2e.py ..........                                 [ 57%]
tests\e2e\test_integration_workflows.py ................................ [ 58%]
.......                                                                  [ 58%]
tests\e2e\test_main_flows.py ..........                                  [ 58%]
tests\edge_cases\test_edge_cases_models.py ..................            [ 58%]
tests\integration\test_integration_business_logic.py sssssssssssssssssss [ 59%]
sssss                                                                    [ 59%]
tests\integration\test_integration_crud_models.py ssssssssssssssssssssss [ 59%]
sssssssssssss                                                            [ 59%]
tests\integration\test_integration_domains_workflows.py ................ [ 60%]
............                                                             [ 60%]
tests\models\test_models_basic.py ......................                 [ 60%]
tests\property_tests\test_models_hypothesis.py s                         [ 60%]
tests\services\test_85_coverage.py ..............                        [ 60%]
tests\services\test_action_history_service.py .....                      [ 61%]
tests\services\test_additional_services.py sssssssssss.........          [ 61%]
tests\services\test_auth_service.py .                                    [ 61%]
tests\services\test_backup_service.py ...........                        [ 61%]
tests\services\test_barcode_service.py .                                 [ 61%]
tests\services\test_base_ai_service.py ..........                        [ 61%]
tests\services\test_base_service.py ...........                          [ 61%]
tests\services\test_batch_cooking_service.py .                           [ 61%]
tests\services\test_budget_service.py .                                  [ 61%]
tests\services\test_calendar_sync_service.py .                           [ 61%]
tests\services\test_courses_intelligentes_service.py .                   [ 61%]
tests\services\test_courses_service.py .....s......ss..........s.        [ 62%]
tests\services\test_critical_services.py ssssssssssssssssssssss          [ 62%]
tests\services\test_direct_methods.py sssssssssssssssssssssss            [ 63%]
tests\services\test_domains_coverage.py ssssssssssssssssssssssssssssssss [ 63%]
ssssssssssssssssssssssssssssssssssss                                     [ 64%]
tests\services\test_existing_services.py ............................... [ 64%]
......                                                                   [ 64%]
tests\services\test_extended_services.py ...........                     [ 65%]
tests\services\test_factures_ocr.py ...............                      [ 65%]
tests\services\test_garmin_sync.py .                                     [ 65%]
tests\services\test_imports_services.py .............................    [ 65%]
tests\services\test_inventaire_extended.py sssssssssssssssssssssssssssss [ 66%]
sss                                                                      [ 66%]
tests\services\test_inventaire_service.py ..................             [ 66%]
tests\services\test_io_service.py .                                      [ 66%]
tests\services\test_maison_extended.py sssssssssssssssssssssssssssssssss [ 67%]
sss                                                                      [ 67%]
tests\services\test_notifications_push_service.py ..                     [ 67%]
tests\services\test_notifications_service.py ..                          [ 67%]
tests\services\test_openfoodfacts.py .........                           [ 67%]
tests\services\test_pdf_export_service.py ...                            [ 67%]
tests\services\test_phase10_budget_real.py FFFFFFFFFFFFFFFFFFFFF         [ 67%]
tests\services\test_phase10_inventory_real.py FFFFFFFFFFFFFFFFFFFFFFFF   [ 68%]
tests\services\test_phase10_planning_real.py ................            [ 68%]
tests\services\test_phase11_recipes_shopping.py FFFFFFFFFFFFFFFFFFFFFFF  [ 68%]
tests\services\test_phase12_edge_cases.py FFFFFFFFFFFFFFFFFFFFFFF        [ 69%]
tests\services\test_phase1_barcode.py ............                       [ 69%]
tests\services\test_phase1_courses.py ............................       [ 69%]
tests\services\test_phase1_inventaire.py ..................              [ 70%]
tests\services\test_phase1_planning.py ........................          [ 70%]
tests\services\test_phase1_recettes.py ................................. [ 71%]
..                                                                       [ 71%]
tests\services\test_planning_extended.py sssssssssssssssssssssssssss     [ 71%]
tests\services\test_planning_service.py ...........                      [ 71%]
tests\services\test_planning_unified_service.py ..                       [ 71%]
tests\services\test_predictions_service.py ..........                    [ 71%]
tests\services\test_recettes_service.py .....................            [ 72%]
tests\services\test_recipe_import_service.py ...                         [ 72%]
tests\services\test_services_basic.py ............                       [ 72%]
tests\services\test_services_coverage_80.py ............................ [ 72%]
........................................................                 [ 73%]
tests\services\test_services_coverage_80_part2.py ...................... [ 74%]
............................F..............                              [ 74%]
tests\services\test_services_coverage_80_part3.py ...................... [ 75%]
...........................                                              [ 75%]
tests\services\test_services_coverage_boost.py ......................... [ 76%]
...........                                                              [ 76%]
tests\services\test_services_deep.py ................................... [ 76%]
......                                                                   [ 77%]
tests\services\test_services_integration.py ...........F.FF.F.           [ 77%]
tests\services\test_simple_coverage.py ................................  [ 77%]
tests\services\test_suggestions_ia_service.py .                          [ 77%]
tests\services\test_tier1_critical.py ssssssssssssssssssssssssssssssssss [ 78%]
sssss                                                                    [ 78%]
tests\services\test_types_service.py .                                   [ 78%]
tests\services\test_user_preferences_service.py ...                      [ 78%]
tests\services\test_weather_service.py .                                 [ 78%]
tests\test_api.py ssssssssssssssss                                       [ 78%]
tests\test_app.py ...                                                    [ 78%]
tests\test_app_main.py .......................                           [ 79%]
tests\test_core_utils.py ..sssssssss                                     [ 79%]
tests\test_formatters_dates.py ......................                    [ 79%]
tests\test_integrations.py ssssssssss                                    [ 79%]
tests\test_jeux_apis.py ...                                              [ 80%]
tests\test_parametres.py ..                                              [ 80%]
tests\test_rapports.py ..                                                [ 80%]
tests\test_recettes_import.py ..                                         [ 80%]
tests\test_services_extended.py ssssssssssssssss                         [ 80%]
tests\test_vue_ensemble.py ..                                            [ 80%]
tests\ui\test_atoms_component.py .                                       [ 80%]
tests\ui\test_base_form_core.py .                                        [ 80%]
tests\ui\test_base_io_core.py .                                          [ 80%]
tests\ui\test_base_module_core.py .                                      [ 80%]
tests\ui\test_camera_scanner_component.py .                              [ 80%]
tests\ui\test_components_additional.py sssssssssssssssssss               [ 80%]
tests\ui\test_components_atoms.py ...................                    [ 81%]
tests\ui\test_components_data.py ......................                  [ 81%]
tests\ui\test_components_dynamic.py ....................                 [ 81%]
tests\ui\test_components_extended.py ssssssssssssss                      [ 82%]
tests\ui\test_components_forms.py ......................                 [ 82%]
tests\ui\test_components_layouts.py .......................              [ 82%]
tests\ui\test_coverage_80_extended.py .................................. [ 83%]
..............                                                           [ 83%]
tests\ui\test_coverage_80_final.py ..................................... [ 84%]
.....                                                                    [ 84%]
tests\ui\test_coverage_80_widgets.py ................................... [ 84%]
....                                                                     [ 84%]
tests\ui\test_dashboard_widgets_component.py .                           [ 84%]
tests\ui\test_data_component.py .                                        [ 84%]
tests\ui\test_domain_ui.py .                                             [ 84%]
tests\ui\test_dynamic_component.py .                                     [ 84%]
tests\ui\test_feedback.py ......................                         [ 85%]
tests\ui\test_footer_layout.py .                                         [ 85%]
tests\ui\test_forms_component.py .                                       [ 85%]
tests\ui\test_google_calendar_sync_component.py .                        [ 85%]
tests\ui\test_header_layout.py .                                         [ 85%]
tests\ui\test_imports_ui.py .....................                        [ 85%]
tests\ui\test_layouts_component.py .                                     [ 85%]
tests\ui\test_progress_deep.py ............................              [ 86%]
tests\ui\test_progress_feedback.py .                                     [ 86%]
tests\ui\test_sidebar_layout.py .                                        [ 86%]
tests\ui\test_spinners_feedback.py .                                     [ 86%]
tests\ui\test_tablet_mode.py .                                           [ 86%]
tests\ui\test_tablet_mode_deep.py .....................................  [ 86%]
tests\ui\test_toasts_feedback.py .                                       [ 86%]
tests\ui\test_ui_deep.py ............................................... [ 87%]
....                                                                     [ 87%]
tests\utils\test_85_coverage.py .............                            [ 87%]
tests\utils\test_extended_utils.py ...............                       [ 88%]
tests\utils\test_formatters_deep.py .................................... [ 88%]
........................................................................ [ 89%]
....................                                                     [ 90%]
tests\utils\test_helpers_all_deep.py .........................           [ 90%]
tests\utils\test_helpers_data.py ........................                [ 91%]
tests\utils\test_helpers_dates.py ....................                   [ 91%]
tests\utils\test_helpers_deep.py ....................................... [ 92%]
........................................                                 [ 92%]
tests\utils\test_helpers_extra_deep.py ................................. [ 93%]
..................................................                       [ 94%]
tests\utils\test_helpers_general.py sssssssssssssssss                    [ 94%]
tests\utils\test_helpers_strings.py .......................              [ 94%]
tests\utils\test_image_generator.py sssssssssssss                        [ 94%]
tests\utils\test_image_generator_deep_v2.py .......................      [ 95%]
tests\utils\test_image_recipe_deep.py .................................. [ 95%]
..................                                                       [ 96%]
tests\utils\test_media_deep.py ...........................               [ 96%]
tests\utils\test_simple_extended.py .............                        [ 96%]
tests\utils\test_utilities_comprehensive.py sssssssss..ssssssssssssssss  [ 97%]
tests\utils\test_utils_basic.py .................                        [ 97%]
tests\utils\test_validators_common.py .............................      [ 98%]
tests\utils\test_validators_dates.py ......................              [ 98%]
tests\utils\test_validators_deep.py .................................... [ 98%]
................................................                         [ 99%]
tests\utils\test_validators_food.py ...............                      [100%]

================================== FAILURES ===================================
E   assert <function <lambda> at 0x0000023F83EDA7A0> is <function obtenir_contexte_db at 0x0000023F82F65440>
---------------------------- Captured stdout setup ----------------------------
[32mINFO[0m | src.core.cache            | Cache cleared
---------------------------- Captured stderr setup ----------------------------
2026-02-06 11:56:30.291 Thread 'MainThread': missing ScriptRunContext! This warning can be ignored when running in bare mode.
2026-02-06 11:56:30.292 Thread 'MainThread': missing ScriptRunContext! This warning can be ignored when running in bare mode.
2026-02-06 11:56:30.292 Thread 'MainThread': missing ScriptRunContext! This warning can be ignored when running in bare mode.
2026-02-06 11:56:30.292 Thread 'MainThread': missing ScriptRunContext! This warning can be ignored when running in bare mode.
2026-02-06 11:56:30.292 Thread 'MainThread': missing ScriptRunContext! This warning can be ignored when running in bare mode.
2026-02-06 11:56:30.292 Thread 'MainThread': missing ScriptRunContext! This warning can be ignored when running in bare mode.
2026-02-06 11:56:30.292 Thread 'MainThread': missing ScriptRunContext! This warning can be ignored when running in bare mode.
2026-02-06 11:56:30.292 Thread 'MainThread': missing ScriptRunContext! This warning can be ignored when running in bare mode.
2026-02-06 11:56:30.292 Thread 'MainThread': missing ScriptRunContext! This warning can be ignored when running in bare mode.
2026-02-06 11:56:30.292 Thread 'MainThread': missing ScriptRunContext! This warning can be ignored when running in bare mode.
2026-02-06 11:56:30.292 Thread 'MainThread': missing ScriptRunContext! This warning can be ignored when running in bare mode.
2026-02-06 11:56:30.292 Thread 'MainThread': missing ScriptRunContext! This warning can be ignored when running in bare mode.
----------------------------- Captured log setup ------------------------------
INFO     src.core.cache:cache.py:164 Cache cleared
D:\Projet_streamlit\assistant_matanne\tests\core\test_database_deep.py:578: assert <function <lambda> at 0x0000023F83EDA7A0> is <function obtenir_contexte_db at 0x0000023F82F65440>
E   TypeError: BudgetService.__init__() takes 1 positional argument but 2 were given
---------------------------- Captured stdout setup ----------------------------
[32mINFO[0m | src.core.cache            | Cache cleared
---------------------------- Captured stderr setup ----------------------------
2026-02-06 11:57:15.090 Thread 'MainThread': missing ScriptRunContext! This warning can be ignored when running in bare mode.
2026-02-06 11:57:15.090 Thread 'MainThread': missing ScriptRunContext! This warning can be ignored when running in bare mode.
2026-02-06 11:57:15.090 Thread 'MainThread': missing ScriptRunContext! This warning can be ignored when running in bare mode.
2026-02-06 11:57:15.090 Thread 'MainThread': missing ScriptRunContext! This warning can be ignored when running in bare mode.
2026-02-06 11:57:15.090 Thread 'MainThread': missing ScriptRunContext! This warning can be ignored when running in bare mode.
2026-02-06 11:57:15.090 Thread 'MainThread': missing ScriptRunContext! This warning can be ignored when running in bare mode.
2026-02-06 11:57:15.090 Thread 'MainThread': missing ScriptRunContext! This warning can be ignored when running in bare mode.
2026-02-06 11:57:15.090 Thread 'MainThread': missing ScriptRunContext! This warning can be ignored when running in bare mode.
2026-02-06 11:57:15.090 Thread 'MainThread': missing ScriptRunContext! This warning can be ignored when running in bare mode.
2026-02-06 11:57:15.090 Thread 'MainThread': missing ScriptRunContext! This warning can be ignored when running in bare mode.
2026-02-06 11:57:15.090 Thread 'MainThread': missing ScriptRunContext! This warning can be ignored when running in bare mode.
2026-02-06 11:57:15.091 Thread 'MainThread': missing ScriptRunContext! This warning can be ignored when running in bare mode.
----------------------------- Captured log setup ------------------------------
INFO     src.core.cache:cache.py:164 Cache cleared
D:\Projet_streamlit\assistant_matanne\tests\services\test_phase10_budget_real.py:27: TypeError: BudgetService.__init__() takes 1 positional argument but 2 were given
E   TypeError: BudgetService.__init__() takes 1 positional argument but 2 were given
---------------------------- Captured stdout setup ----------------------------
[32mINFO[0m | src.core.cache            | Cache cleared
---------------------------- Captured stderr setup ----------------------------
2026-02-06 11:57:15.097 Thread 'MainThread': missing ScriptRunContext! This warning can be ignored when running in bare mode.
2026-02-06 11:57:15.098 Thread 'MainThread': missing ScriptRunContext! This warning can be ignored when running in bare mode.
2026-02-06 11:57:15.098 Thread 'MainThread': missing ScriptRunContext! This warning can be ignored when running in bare mode.
2026-02-06 11:57:15.098 Thread 'MainThread': missing ScriptRunContext! This warning can be ignored when running in bare mode.
2026-02-06 11:57:15.098 Thread 'MainThread': missing ScriptRunContext! This warning can be ignored when running in bare mode.
2026-02-06 11:57:15.098 Thread 'MainThread': missing ScriptRunContext! This warning can be ignored when running in bare mode.
2026-02-06 11:57:15.098 Thread 'MainThread': missing ScriptRunContext! This warning can be ignored when running in bare mode.
2026-02-06 11:57:15.098 Thread 'MainThread': missing ScriptRunContext! This warning can be ignored when running in bare mode.
2026-02-06 11:57:15.098 Thread 'MainThread': missing ScriptRunContext! This warning can be ignored when running in bare mode.
2026-02-06 11:57:15.098 Thread 'MainThread': missing ScriptRunContext! This warning can be ignored when running in bare mode.
2026-02-06 11:57:15.098 Thread 'MainThread': missing ScriptRunContext! This warning can be ignored when running in bare mode.
2026-02-06 11:57:15.098 Thread 'MainThread': missing ScriptRunContext! This warning can be ignored when running in bare mode.
----------------------------- Captured log setup ------------------------------
INFO     src.core.cache:cache.py:164 Cache cleared
D:\Projet_streamlit\assistant_matanne\tests\services\test_phase10_budget_real.py:43: TypeError: BudgetService.__init__() takes 1 positional argument but 2 were given
E   TypeError: BudgetService.__init__() takes 1 positional argument but 2 were given
---------------------------- Captured stdout setup ----------------------------
[32mINFO[0m | src.core.cache            | Cache cleared
---------------------------- Captured stderr setup ----------------------------
2026-02-06 11:57:15.104 Thread 'MainThread': missing ScriptRunContext! This warning can be ignored when running in bare mode.
2026-02-06 11:57:15.104 Thread 'MainThread': missing ScriptRunContext! This warning can be ignored when running in bare mode.
2026-02-06 11:57:15.104 Thread 'MainThread': missing ScriptRunContext! This warning can be ignored when running in bare mode.
2026-02-06 11:57:15.104 Thread 'MainThread': missing ScriptRunContext! This warning can be ignored when running in bare mode.
2026-02-06 11:57:15.104 Thread 'MainThread': missing ScriptRunContext! This warning can be ignored when running in bare mode.
2026-02-06 11:57:15.104 Thread 'MainThread': missing ScriptRunContext! This warning can be ignored when running in bare mode.
2026-02-06 11:57:15.104 Thread 'MainThread': missing ScriptRunContext! This warning can be ignored when running in bare mode.
2026-02-06 11:57:15.104 Thread 'MainThread': missing ScriptRunContext! This warning can be ignored when running in bare mode.
2026-02-06 11:57:15.104 Thread 'MainThread': missing ScriptRunContext! This warning can be ignored when running in bare mode.
2026-02-06 11:57:15.104 Thread 'MainThread': missing ScriptRunContext! This warning can be ignored when running in bare mode.
2026-02-06 11:57:15.104 Thread 'MainThread': missing ScriptRunContext! This warning can be ignored when running in bare mode.
2026-02-06 11:57:15.104 Thread 'MainThread': missing ScriptRunContext! This warning can be ignored when running in bare mode.
----------------------------- Captured log setup ------------------------------
INFO     src.core.cache:cache.py:164 Cache cleared
D:\Projet_streamlit\assistant_matanne\tests\services\test_phase10_budget_real.py:72: TypeError: BudgetService.__init__() takes 1 positional argument but 2 were given
E   TypeError: BudgetService.__init__() takes 1 positional argument but 2 were given
---------------------------- Captured stdout setup ----------------------------
[32mINFO[0m | src.core.cache            | Cache cleared
---------------------------- Captured stderr setup ----------------------------
2026-02-06 11:57:15.111 Thread 'MainThread': missing ScriptRunContext! This warning can be ignored when running in bare mode.
2026-02-06 11:57:15.112 Thread 'MainThread': missing ScriptRunContext! This warning can be ignored when running in bare mode.
2026-02-06 11:57:15.112 Thread 'MainThread': missing ScriptRunContext! This warning can be ignored when running in bare mode.
2026-02-06 11:57:15.112 Thread 'MainThread': missing ScriptRunContext! This warning can be ignored when running in bare mode.
2026-02-06 11:57:15.112 Thread 'MainThread': missing ScriptRunContext! This warning can be ignored when running in bare mode.
2026-02-06 11:57:15.112 Thread 'MainThread': missing ScriptRunContext! This warning can be ignored when running in bare mode.
2026-02-06 11:57:15.112 Thread 'MainThread': missing ScriptRunContext! This warning can be ignored when running in bare mode.
2026-02-06 11:57:15.112 Thread 'MainThread': missing ScriptRunContext! This warning can be ignored when running in bare mode.
2026-02-06 11:57:15.112 Thread 'MainThread': missing ScriptRunContext! This warning can be ignored when running in bare mode.
2026-02-06 11:57:15.112 Thread 'MainThread': missing ScriptRunContext! This warning can be ignored when running in bare mode.
2026-02-06 11:57:15.112 Thread 'MainThread': missing ScriptRunContext! This warning can be ignored when running in bare mode.
2026-02-06 11:57:15.112 Thread 'MainThread': missing ScriptRunContext! This warning can be ignored when running in bare mode.
----------------------------- Captured log setup ------------------------------
INFO     src.core.cache:cache.py:164 Cache cleared
D:\Projet_streamlit\assistant_matanne\tests\services\test_phase10_budget_real.py:99: TypeError: BudgetService.__init__() takes 1 positional argument but 2 were given
E   TypeError: BudgetService.__init__() takes 1 positional argument but 2 were given
---------------------------- Captured stdout setup ----------------------------
[32mINFO[0m | src.core.cache            | Cache cleared
---------------------------- Captured stderr setup ----------------------------
2026-02-06 11:57:15.118 Thread 'MainThread': missing ScriptRunContext! This warning can be ignored when running in bare mode.
2026-02-06 11:57:15.118 Thread 'MainThread': missing ScriptRunContext! This warning can be ignored when running in bare mode.
2026-02-06 11:57:15.118 Thread 'MainThread': missing ScriptRunContext! This warning can be ignored when running in bare mode.
2026-02-06 11:57:15.118 Thread 'MainThread': missing ScriptRunContext! This warning can be ignored when running in bare mode.
2026-02-06 11:57:15.118 Thread 'MainThread': missing ScriptRunContext! This warning can be ignored when running in bare mode.
2026-02-06 11:57:15.118 Thread 'MainThread': missing ScriptRunContext! This warning can be ignored when running in bare mode.
2026-02-06 11:57:15.118 Thread 'MainThread': missing ScriptRunContext! This warning can be ignored when running in bare mode.
2026-02-06 11:57:15.118 Thread 'MainThread': missing ScriptRunContext! This warning can be ignored when running in bare mode.
2026-02-06 11:57:15.118 Thread 'MainThread': missing ScriptRunContext! This warning can be ignored when running in bare mode.
2026-02-06 11:57:15.118 Thread 'MainThread': missing ScriptRunContext! This warning can be ignored when running in bare mode.
2026-02-06 11:57:15.118 Thread 'MainThread': missing ScriptRunContext! This warning can be ignored when running in bare mode.
2026-02-06 11:57:15.118 Thread 'MainThread': missing ScriptRunContext! This warning can be ignored when running in bare mode.
----------------------------- Captured log setup ------------------------------
INFO     src.core.cache:cache.py:164 Cache cleared
D:\Projet_streamlit\assistant_matanne\tests\services\test_phase10_budget_real.py:126: TypeError: BudgetService.__init__() takes 1 positional argument but 2 were given
E   TypeError: BudgetService.__init__() takes 1 positional argument but 2 were given
---------------------------- Captured stdout setup ----------------------------
[32mINFO[0m | src.core.cache            | Cache cleared
---------------------------- Captured stderr setup ----------------------------
2026-02-06 11:57:15.128 Thread 'MainThread': missing ScriptRunContext! This warning can be ignored when running in bare mode.
2026-02-06 11:57:15.128 Thread 'MainThread': missing ScriptRunContext! This warning can be ignored when running in bare mode.
2026-02-06 11:57:15.128 Thread 'MainThread': missing ScriptRunContext! This warning can be ignored when running in bare mode.
2026-02-06 11:57:15.128 Thread 'MainThread': missing ScriptRunContext! This warning can be ignored when running in bare mode.
2026-02-06 11:57:15.128 Thread 'MainThread': missing ScriptRunContext! This warning can be ignored when running in bare mode.
2026-02-06 11:57:15.128 Thread 'MainThread': missing ScriptRunContext! This warning can be ignored when running in bare mode.
2026-02-06 11:57:15.128 Thread 'MainThread': missing ScriptRunContext! This warning can be ignored when running in bare mode.
2026-02-06 11:57:15.128 Thread 'MainThread': missing ScriptRunContext! This warning can be ignored when running in bare mode.
2026-02-06 11:57:15.128 Thread 'MainThread': missing ScriptRunContext! This warning can be ignored when running in bare mode.
2026-02-06 11:57:15.128 Thread 'MainThread': missing ScriptRunContext! This warning can be ignored when running in bare mode.
2026-02-06 11:57:15.128 Thread 'MainThread': missing ScriptRunContext! This warning can be ignored when running in bare mode.
2026-02-06 11:57:15.128 Thread 'MainThread': missing ScriptRunContext! This warning can be ignored when running in bare mode.
----------------------------- Captured log setup ------------------------------
INFO     src.core.cache:cache.py:164 Cache cleared
D:\Projet_streamlit\assistant_matanne\tests\services\test_phase10_budget_real.py:156: TypeError: BudgetService.__init__() takes 1 positional argument but 2 were given
E   TypeError: BudgetService.__init__() takes 1 positional argument but 2 were given
---------------------------- Captured stdout setup ----------------------------
[32mINFO[0m | src.core.cache            | Cache cleared
---------------------------- Captured stderr setup ----------------------------
2026-02-06 11:57:15.135 Thread 'MainThread': missing ScriptRunContext! This warning can be ignored when running in bare mode.
2026-02-06 11:57:15.135 Thread 'MainThread': missing ScriptRunContext! This warning can be ignored when running in bare mode.
2026-02-06 11:57:15.135 Thread 'MainThread': missing ScriptRunContext! This warning can be ignored when running in bare mode.
2026-02-06 11:57:15.135 Thread 'MainThread': missing ScriptRunContext! This warning can be ignored when running in bare mode.
2026-02-06 11:57:15.135 Thread 'MainThread': missing ScriptRunContext! This warning can be ignored when running in bare mode.
2026-02-06 11:57:15.135 Thread 'MainThread': missing ScriptRunContext! This warning can be ignored when running in bare mode.
2026-02-06 11:57:15.135 Thread 'MainThread': missing ScriptRunContext! This warning can be ignored when running in bare mode.
2026-02-06 11:57:15.135 Thread 'MainThread': missing ScriptRunContext! This warning can be ignored when running in bare mode.
2026-02-06 11:57:15.135 Thread 'MainThread': missing ScriptRunContext! This warning can be ignored when running in bare mode.
2026-02-06 11:57:15.135 Thread 'MainThread': missing ScriptRunContext! This warning can be ignored when running in bare mode.
2026-02-06 11:57:15.135 Thread 'MainThread': missing ScriptRunContext! This warning can be ignored when running in bare mode.
2026-02-06 11:57:15.135 Thread 'MainThread': missing ScriptRunContext! This warning can be ignored when running in bare mode.
----------------------------- Captured log setup ------------------------------
INFO     src.core.cache:cache.py:164 Cache cleared
D:\Projet_streamlit\assistant_matanne\tests\services\test_phase10_budget_real.py:182: TypeError: BudgetService.__init__() takes 1 positional argument but 2 were given
E   TypeError: BudgetService.__init__() takes 1 positional argument but 2 were given
---------------------------- Captured stdout setup ----------------------------
[32mINFO[0m | src.core.cache            | Cache cleared
---------------------------- Captured stderr setup ----------------------------
2026-02-06 11:57:15.142 Thread 'MainThread': missing ScriptRunContext! This warning can be ignored when running in bare mode.
2026-02-06 11:57:15.143 Thread 'MainThread': missing ScriptRunContext! This warning can be ignored when running in bare mode.
2026-02-06 11:57:15.143 Thread 'MainThread': missing ScriptRunContext! This warning can be ignored when running in bare mode.
2026-02-06 11:57:15.143 Thread 'MainThread': missing ScriptRunContext! This warning can be ignored when running in bare mode.
2026-02-06 11:57:15.143 Thread 'MainThread': missing ScriptRunContext! This warning can be ignored when running in bare mode.
2026-02-06 11:57:15.143 Thread 'MainThread': missing ScriptRunContext! This warning can be ignored when running in bare mode.
2026-02-06 11:57:15.143 Thread 'MainThread': missing ScriptRunContext! This warning can be ignored when running in bare mode.
2026-02-06 11:57:15.143 Thread 'MainThread': missing ScriptRunContext! This warning can be ignored when running in bare mode.
2026-02-06 11:57:15.143 Thread 'MainThread': missing ScriptRunContext! This warning can be ignored when running in bare mode.
2026-02-06 11:57:15.143 Thread 'MainThread': missing ScriptRunContext! This warning can be ignored when running in bare mode.
2026-02-06 11:57:15.143 Thread 'MainThread': missing ScriptRunContext! This warning can be ignored when running in bare mode.
2026-02-06 11:57:15.143 Thread 'MainThread': missing ScriptRunContext! This warning can be ignored when running in bare mode.
----------------------------- Captured log setup ------------------------------
INFO     src.core.cache:cache.py:164 Cache cleared
D:\Projet_streamlit\assistant_matanne\tests\services\test_phase10_budget_real.py:207: TypeError: BudgetService.__init__() takes 1 positional argument but 2 were given
E   TypeError: BudgetService.__init__() takes 1 positional argument but 2 were given
---------------------------- Captured stdout setup ----------------------------
[32mINFO[0m | src.core.cache            | Cache cleared
---------------------------- Captured stderr setup ----------------------------
2026-02-06 11:57:15.150 Thread 'MainThread': missing ScriptRunContext! This warning can be ignored when running in bare mode.
2026-02-06 11:57:15.150 Thread 'MainThread': missing ScriptRunContext! This warning can be ignored when running in bare mode.
2026-02-06 11:57:15.150 Thread 'MainThread': missing ScriptRunContext! This warning can be ignored when running in bare mode.
2026-02-06 11:57:15.150 Thread 'MainThread': missing ScriptRunContext! This warning can be ignored when running in bare mode.
2026-02-06 11:57:15.150 Thread 'MainThread': missing ScriptRunContext! This warning can be ignored when running in bare mode.
2026-02-06 11:57:15.150 Thread 'MainThread': missing ScriptRunContext! This warning can be ignored when running in bare mode.
2026-02-06 11:57:15.150 Thread 'MainThread': missing ScriptRunContext! This warning can be ignored when running in bare mode.
2026-02-06 11:57:15.150 Thread 'MainThread': missing ScriptRunContext! This warning can be ignored when running in bare mode.
2026-02-06 11:57:15.150 Thread 'MainThread': missing ScriptRunContext! This warning can be ignored when running in bare mode.
2026-02-06 11:57:15.150 Thread 'MainThread': missing ScriptRunContext! This warning can be ignored when running in bare mode.
2026-02-06 11:57:15.150 Thread 'MainThread': missing ScriptRunContext! This warning can be ignored when running in bare mode.
2026-02-06 11:57:15.150 Thread 'MainThread': missing ScriptRunContext! This warning can be ignored when running in bare mode.
----------------------------- Captured log setup ------------------------------
INFO     src.core.cache:cache.py:164 Cache cleared
D:\Projet_streamlit\assistant_matanne\tests\services\test_phase10_budget_real.py:232: TypeError: BudgetService.__init__() takes 1 positional argument but 2 were given
E   TypeError: BudgetService.__init__() takes 1 positional argument but 2 were given
---------------------------- Captured stdout setup ----------------------------
[32mINFO[0m | src.core.cache            | Cache cleared
---------------------------- Captured stderr setup ----------------------------
2026-02-06 11:57:15.156 Thread 'MainThread': missing ScriptRunContext! This warning can be ignored when running in bare mode.
2026-02-06 11:57:15.156 Thread 'MainThread': missing ScriptRunContext! This warning can be ignored when running in bare mode.
2026-02-06 11:57:15.156 Thread 'MainThread': missing ScriptRunContext! This warning can be ignored when running in bare mode.
2026-02-06 11:57:15.156 Thread 'MainThread': missing ScriptRunContext! This warning can be ignored when running in bare mode.
2026-02-06 11:57:15.156 Thread 'MainThread': missing ScriptRunContext! This warning can be ignored when running in bare mode.
2026-02-06 11:57:15.157 Thread 'MainThread': missing ScriptRunContext! This warning can be ignored when running in bare mode.
2026-02-06 11:57:15.157 Thread 'MainThread': missing ScriptRunContext! This warning can be ignored when running in bare mode.
2026-02-06 11:57:15.157 Thread 'MainThread': missing ScriptRunContext! This warning can be ignored when running in bare mode.
2026-02-06 11:57:15.157 Thread 'MainThread': missing ScriptRunContext! This warning can be ignored when running in bare mode.
2026-02-06 11:57:15.157 Thread 'MainThread': missing ScriptRunContext! This warning can be ignored when running in bare mode.
2026-02-06 11:57:15.157 Thread 'MainThread': missing ScriptRunContext! This warning can be ignored when running in bare mode.
2026-02-06 11:57:15.157 Thread 'MainThread': missing ScriptRunContext! This warning can be ignored when running in bare mode.
----------------------------- Captured log setup ------------------------------
INFO     src.core.cache:cache.py:164 Cache cleared
D:\Projet_streamlit\assistant_matanne\tests\services\test_phase10_budget_real.py:262: TypeError: BudgetService.__init__() takes 1 positional argument but 2 were given
E   TypeError: BudgetService.__init__() takes 1 positional argument but 2 were given
---------------------------- Captured stdout setup ----------------------------
[32mINFO[0m | src.core.cache            | Cache cleared
---------------------------- Captured stderr setup ----------------------------
2026-02-06 11:57:15.163 Thread 'MainThread': missing ScriptRunContext! This warning can be ignored when running in bare mode.
2026-02-06 11:57:15.163 Thread 'MainThread': missing ScriptRunContext! This warning can be ignored when running in bare mode.
2026-02-06 11:57:15.163 Thread 'MainThread': missing ScriptRunContext! This warning can be ignored when running in bare mode.
2026-02-06 11:57:15.163 Thread 'MainThread': missing ScriptRunContext! This warning can be ignored when running in bare mode.
2026-02-06 11:57:15.163 Thread 'MainThread': missing ScriptRunContext! This warning can be ignored when running in bare mode.
2026-02-06 11:57:15.163 Thread 'MainThread': missing ScriptRunContext! This warning can be ignored when running in bare mode.
2026-02-06 11:57:15.163 Thread 'MainThread': missing ScriptRunContext! This warning can be ignored when running in bare mode.
2026-02-06 11:57:15.163 Thread 'MainThread': missing ScriptRunContext! This warning can be ignored when running in bare mode.
2026-02-06 11:57:15.163 Thread 'MainThread': missing ScriptRunContext! This warning can be ignored when running in bare mode.
2026-02-06 11:57:15.163 Thread 'MainThread': missing ScriptRunContext! This warning can be ignored when running in bare mode.
2026-02-06 11:57:15.163 Thread 'MainThread': missing ScriptRunContext! This warning can be ignored when running in bare mode.
2026-02-06 11:57:15.163 Thread 'MainThread': missing ScriptRunContext! This warning can be ignored when running in bare mode.
----------------------------- Captured log setup ------------------------------
INFO     src.core.cache:cache.py:164 Cache cleared
D:\Projet_streamlit\assistant_matanne\tests\services\test_phase10_budget_real.py:289: TypeError: BudgetService.__init__() takes 1 positional argument but 2 were given
E   TypeError: BudgetService.__init__() takes 1 positional argument but 2 were given
---------------------------- Captured stdout setup ----------------------------
[32mINFO[0m | src.core.cache            | Cache cleared
---------------------------- Captured stderr setup ----------------------------
2026-02-06 11:57:15.169 Thread 'MainThread': missing ScriptRunContext! This warning can be ignored when running in bare mode.
2026-02-06 11:57:15.169 Thread 'MainThread': missing ScriptRunContext! This warning can be ignored when running in bare mode.
2026-02-06 11:57:15.169 Thread 'MainThread': missing ScriptRunContext! This warning can be ignored when running in bare mode.
2026-02-06 11:57:15.169 Thread 'MainThread': missing ScriptRunContext! This warning can be ignored when running in bare mode.
2026-02-06 11:57:15.169 Thread 'MainThread': missing ScriptRunContext! This warning can be ignored when running in bare mode.
2026-02-06 11:57:15.169 Thread 'MainThread': missing ScriptRunContext! This warning can be ignored when running in bare mode.
2026-02-06 11:57:15.169 Thread 'MainThread': missing ScriptRunContext! This warning can be ignored when running in bare mode.
2026-02-06 11:57:15.169 Thread 'MainThread': missing ScriptRunContext! This warning can be ignored when running in bare mode.
2026-02-06 11:57:15.169 Thread 'MainThread': missing ScriptRunContext! This warning can be ignored when running in bare mode.
2026-02-06 11:57:15.170 Thread 'MainThread': missing ScriptRunContext! This warning can be ignored when running in bare mode.
2026-02-06 11:57:15.170 Thread 'MainThread': missing ScriptRunContext! This warning can be ignored when running in bare mode.
2026-02-06 11:57:15.170 Thread 'MainThread': missing ScriptRunContext! This warning can be ignored when running in bare mode.
----------------------------- Captured log setup ------------------------------
INFO     src.core.cache:cache.py:164 Cache cleared
D:\Projet_streamlit\assistant_matanne\tests\services\test_phase10_budget_real.py:323: TypeError: BudgetService.__init__() takes 1 positional argument but 2 were given
E   TypeError: BudgetService.__init__() takes 1 positional argument but 2 were given
---------------------------- Captured stdout setup ----------------------------
[32mINFO[0m | src.core.cache            | Cache cleared
---------------------------- Captured stderr setup ----------------------------
2026-02-06 11:57:15.176 Thread 'MainThread': missing ScriptRunContext! This warning can be ignored when running in bare mode.
2026-02-06 11:57:15.176 Thread 'MainThread': missing ScriptRunContext! This warning can be ignored when running in bare mode.
2026-02-06 11:57:15.176 Thread 'MainThread': missing ScriptRunContext! This warning can be ignored when running in bare mode.
2026-02-06 11:57:15.176 Thread 'MainThread': missing ScriptRunContext! This warning can be ignored when running in bare mode.
2026-02-06 11:57:15.176 Thread 'MainThread': missing ScriptRunContext! This warning can be ignored when running in bare mode.
2026-02-06 11:57:15.176 Thread 'MainThread': missing ScriptRunContext! This warning can be ignored when running in bare mode.
2026-02-06 11:57:15.176 Thread 'MainThread': missing ScriptRunContext! This warning can be ignored when running in bare mode.
2026-02-06 11:57:15.176 Thread 'MainThread': missing ScriptRunContext! This warning can be ignored when running in bare mode.
2026-02-06 11:57:15.176 Thread 'MainThread': missing ScriptRunContext! This warning can be ignored when running in bare mode.
2026-02-06 11:57:15.176 Thread 'MainThread': missing ScriptRunContext! This warning can be ignored when running in bare mode.
2026-02-06 11:57:15.176 Thread 'MainThread': missing ScriptRunContext! This warning can be ignored when running in bare mode.
2026-02-06 11:57:15.176 Thread 'MainThread': missing ScriptRunContext! This warning can be ignored when running in bare mode.
----------------------------- Captured log setup ------------------------------
INFO     src.core.cache:cache.py:164 Cache cleared
D:\Projet_streamlit\assistant_matanne\tests\services\test_phase10_budget_real.py:354: TypeError: BudgetService.__init__() takes 1 positional argument but 2 were given
E   TypeError: BudgetService.__init__() takes 1 positional argument but 2 were given
---------------------------- Captured stdout setup ----------------------------
[32mINFO[0m | src.core.cache            | Cache cleared
---------------------------- Captured stderr setup ----------------------------
2026-02-06 11:57:15.182 Thread 'MainThread': missing ScriptRunContext! This warning can be ignored when running in bare mode.
2026-02-06 11:57:15.183 Thread 'MainThread': missing ScriptRunContext! This warning can be ignored when running in bare mode.
2026-02-06 11:57:15.183 Thread 'MainThread': missing ScriptRunContext! This warning can be ignored when running in bare mode.
2026-02-06 11:57:15.183 Thread 'MainThread': missing ScriptRunContext! This warning can be ignored when running in bare mode.
2026-02-06 11:57:15.183 Thread 'MainThread': missing ScriptRunContext! This warning can be ignored when running in bare mode.
2026-02-06 11:57:15.183 Thread 'MainThread': missing ScriptRunContext! This warning can be ignored when running in bare mode.
2026-02-06 11:57:15.183 Thread 'MainThread': missing ScriptRunContext! This warning can be ignored when running in bare mode.
2026-02-06 11:57:15.183 Thread 'MainThread': missing ScriptRunContext! This warning can be ignored when running in bare mode.
2026-02-06 11:57:15.183 Thread 'MainThread': missing ScriptRunContext! This warning can be ignored when running in bare mode.
2026-02-06 11:57:15.183 Thread 'MainThread': missing ScriptRunContext! This warning can be ignored when running in bare mode.
2026-02-06 11:57:15.183 Thread 'MainThread': missing ScriptRunContext! This warning can be ignored when running in bare mode.
2026-02-06 11:57:15.183 Thread 'MainThread': missing ScriptRunContext! This warning can be ignored when running in bare mode.
----------------------------- Captured log setup ------------------------------
INFO     src.core.cache:cache.py:164 Cache cleared
D:\Projet_streamlit\assistant_matanne\tests\services\test_phase10_budget_real.py:382: TypeError: BudgetService.__init__() takes 1 positional argument but 2 were given
E   TypeError: BudgetService.__init__() takes 1 positional argument but 2 were given
---------------------------- Captured stdout setup ----------------------------
[32mINFO[0m | src.core.cache            | Cache cleared
---------------------------- Captured stderr setup ----------------------------
2026-02-06 11:57:15.190 Thread 'MainThread': missing ScriptRunContext! This warning can be ignored when running in bare mode.
2026-02-06 11:57:15.191 Thread 'MainThread': missing ScriptRunContext! This warning can be ignored when running in bare mode.
2026-02-06 11:57:15.191 Thread 'MainThread': missing ScriptRunContext! This warning can be ignored when running in bare mode.
2026-02-06 11:57:15.191 Thread 'MainThread': missing ScriptRunContext! This warning can be ignored when running in bare mode.
2026-02-06 11:57:15.191 Thread 'MainThread': missing ScriptRunContext! This warning can be ignored when running in bare mode.
2026-02-06 11:57:15.191 Thread 'MainThread': missing ScriptRunContext! This warning can be ignored when running in bare mode.
2026-02-06 11:57:15.191 Thread 'MainThread': missing ScriptRunContext! This warning can be ignored when running in bare mode.
2026-02-06 11:57:15.191 Thread 'MainThread': missing ScriptRunContext! This warning can be ignored when running in bare mode.
2026-02-06 11:57:15.191 Thread 'MainThread': missing ScriptRunContext! This warning can be ignored when running in bare mode.
2026-02-06 11:57:15.191 Thread 'MainThread': missing ScriptRunContext! This warning can be ignored when running in bare mode.
2026-02-06 11:57:15.191 Thread 'MainThread': missing ScriptRunContext! This warning can be ignored when running in bare mode.
2026-02-06 11:57:15.191 Thread 'MainThread': missing ScriptRunContext! This warning can be ignored when running in bare mode.
----------------------------- Captured log setup ------------------------------
INFO     src.core.cache:cache.py:164 Cache cleared
D:\Projet_streamlit\assistant_matanne\tests\services\test_phase10_budget_real.py:417: TypeError: BudgetService.__init__() takes 1 positional argument but 2 were given
E   TypeError: BudgetService.__init__() takes 1 positional argument but 2 were given
---------------------------- Captured stdout setup ----------------------------
[32mINFO[0m | src.core.cache            | Cache cleared
---------------------------- Captured stderr setup ----------------------------
2026-02-06 11:57:15.198 Thread 'MainThread': missing ScriptRunContext! This warning can be ignored when running in bare mode.
2026-02-06 11:57:15.198 Thread 'MainThread': missing ScriptRunContext! This warning can be ignored when running in bare mode.
2026-02-06 11:57:15.198 Thread 'MainThread': missing ScriptRunContext! This warning can be ignored when running in bare mode.
2026-02-06 11:57:15.198 Thread 'MainThread': missing ScriptRunContext! This warning can be ignored when running in bare mode.
2026-02-06 11:57:15.198 Thread 'MainThread': missing ScriptRunContext! This warning can be ignored when running in bare mode.
2026-02-06 11:57:15.198 Thread 'MainThread': missing ScriptRunContext! This warning can be ignored when running in bare mode.
2026-02-06 11:57:15.199 Thread 'MainThread': missing ScriptRunContext! This warning can be ignored when running in bare mode.
2026-02-06 11:57:15.199 Thread 'MainThread': missing ScriptRunContext! This warning can be ignored when running in bare mode.
2026-02-06 11:57:15.199 Thread 'MainThread': missing ScriptRunContext! This warning can be ignored when running in bare mode.
2026-02-06 11:57:15.199 Thread 'MainThread': missing ScriptRunContext! This warning can be ignored when running in bare mode.
2026-02-06 11:57:15.199 Thread 'MainThread': missing ScriptRunContext! This warning can be ignored when running in bare mode.
2026-02-06 11:57:15.199 Thread 'MainThread': missing ScriptRunContext! This warning can be ignored when running in bare mode.
----------------------------- Captured log setup ------------------------------
INFO     src.core.cache:cache.py:164 Cache cleared
D:\Projet_streamlit\assistant_matanne\tests\services\test_phase10_budget_real.py:443: TypeError: BudgetService.__init__() takes 1 positional argument but 2 were given
E   TypeError: BudgetService.__init__() takes 1 positional argument but 2 were given
---------------------------- Captured stdout setup ----------------------------
[32mINFO[0m | src.core.cache            | Cache cleared
---------------------------- Captured stderr setup ----------------------------
2026-02-06 11:57:15.207 Thread 'MainThread': missing ScriptRunContext! This warning can be ignored when running in bare mode.
2026-02-06 11:57:15.207 Thread 'MainThread': missing ScriptRunContext! This warning can be ignored when running in bare mode.
2026-02-06 11:57:15.207 Thread 'MainThread': missing ScriptRunContext! This warning can be ignored when running in bare mode.
2026-02-06 11:57:15.207 Thread 'MainThread': missing ScriptRunContext! This warning can be ignored when running in bare mode.
2026-02-06 11:57:15.207 Thread 'MainThread': missing ScriptRunContext! This warning can be ignored when running in bare mode.
2026-02-06 11:57:15.207 Thread 'MainThread': missing ScriptRunContext! This warning can be ignored when running in bare mode.
2026-02-06 11:57:15.207 Thread 'MainThread': missing ScriptRunContext! This warning can be ignored when running in bare mode.
2026-02-06 11:57:15.207 Thread 'MainThread': missing ScriptRunContext! This warning can be ignored when running in bare mode.
2026-02-06 11:57:15.207 Thread 'MainThread': missing ScriptRunContext! This warning can be ignored when running in bare mode.
2026-02-06 11:57:15.207 Thread 'MainThread': missing ScriptRunContext! This warning can be ignored when running in bare mode.
2026-02-06 11:57:15.207 Thread 'MainThread': missing ScriptRunContext! This warning can be ignored when running in bare mode.
2026-02-06 11:57:15.208 Thread 'MainThread': missing ScriptRunContext! This warning can be ignored when running in bare mode.
----------------------------- Captured log setup ------------------------------
INFO     src.core.cache:cache.py:164 Cache cleared
D:\Projet_streamlit\assistant_matanne\tests\services\test_phase10_budget_real.py:465: TypeError: BudgetService.__init__() takes 1 positional argument but 2 were given
E   TypeError: BudgetService.__init__() takes 1 positional argument but 2 were given
---------------------------- Captured stdout setup ----------------------------
[32mINFO[0m | src.core.cache            | Cache cleared
---------------------------- Captured stderr setup ----------------------------
2026-02-06 11:57:15.213 Thread 'MainThread': missing ScriptRunContext! This warning can be ignored when running in bare mode.
2026-02-06 11:57:15.213 Thread 'MainThread': missing ScriptRunContext! This warning can be ignored when running in bare mode.
2026-02-06 11:57:15.213 Thread 'MainThread': missing ScriptRunContext! This warning can be ignored when running in bare mode.
2026-02-06 11:57:15.213 Thread 'MainThread': missing ScriptRunContext! This warning can be ignored when running in bare mode.
2026-02-06 11:57:15.213 Thread 'MainThread': missing ScriptRunContext! This warning can be ignored when running in bare mode.
2026-02-06 11:57:15.213 Thread 'MainThread': missing ScriptRunContext! This warning can be ignored when running in bare mode.
2026-02-06 11:57:15.214 Thread 'MainThread': missing ScriptRunContext! This warning can be ignored when running in bare mode.
2026-02-06 11:57:15.214 Thread 'MainThread': missing ScriptRunContext! This warning can be ignored when running in bare mode.
2026-02-06 11:57:15.214 Thread 'MainThread': missing ScriptRunContext! This warning can be ignored when running in bare mode.
2026-02-06 11:57:15.214 Thread 'MainThread': missing ScriptRunContext! This warning can be ignored when running in bare mode.
2026-02-06 11:57:15.214 Thread 'MainThread': missing ScriptRunContext! This warning can be ignored when running in bare mode.
2026-02-06 11:57:15.214 Thread 'MainThread': missing ScriptRunContext! This warning can be ignored when running in bare mode.
----------------------------- Captured log setup ------------------------------
INFO     src.core.cache:cache.py:164 Cache cleared
D:\Projet_streamlit\assistant_matanne\tests\services\test_phase10_budget_real.py:488: TypeError: BudgetService.__init__() takes 1 positional argument but 2 were given
E   TypeError: BudgetService.__init__() takes 1 positional argument but 2 were given
---------------------------- Captured stdout setup ----------------------------
[32mINFO[0m | src.core.cache            | Cache cleared
---------------------------- Captured stderr setup ----------------------------
2026-02-06 11:57:15.219 Thread 'MainThread': missing ScriptRunContext! This warning can be ignored when running in bare mode.
2026-02-06 11:57:15.219 Thread 'MainThread': missing ScriptRunContext! This warning can be ignored when running in bare mode.
2026-02-06 11:57:15.219 Thread 'MainThread': missing ScriptRunContext! This warning can be ignored when running in bare mode.
2026-02-06 11:57:15.219 Thread 'MainThread': missing ScriptRunContext! This warning can be ignored when running in bare mode.
2026-02-06 11:57:15.220 Thread 'MainThread': missing ScriptRunContext! This warning can be ignored when running in bare mode.
2026-02-06 11:57:15.220 Thread 'MainThread': missing ScriptRunContext! This warning can be ignored when running in bare mode.
2026-02-06 11:57:15.220 Thread 'MainThread': missing ScriptRunContext! This warning can be ignored when running in bare mode.
2026-02-06 11:57:15.220 Thread 'MainThread': missing ScriptRunContext! This warning can be ignored when running in bare mode.
2026-02-06 11:57:15.220 Thread 'MainThread': missing ScriptRunContext! This warning can be ignored when running in bare mode.
2026-02-06 11:57:15.220 Thread 'MainThread': missing ScriptRunContext! This warning can be ignored when running in bare mode.
2026-02-06 11:57:15.220 Thread 'MainThread': missing ScriptRunContext! This warning can be ignored when running in bare mode.
2026-02-06 11:57:15.220 Thread 'MainThread': missing ScriptRunContext! This warning can be ignored when running in bare mode.
----------------------------- Captured log setup ------------------------------
INFO     src.core.cache:cache.py:164 Cache cleared
D:\Projet_streamlit\assistant_matanne\tests\services\test_phase10_budget_real.py:501: TypeError: BudgetService.__init__() takes 1 positional argument but 2 were given
E   TypeError: BudgetService.__init__() takes 1 positional argument but 2 were given
---------------------------- Captured stdout setup ----------------------------
[32mINFO[0m | src.core.cache            | Cache cleared
---------------------------- Captured stderr setup ----------------------------
2026-02-06 11:57:15.226 Thread 'MainThread': missing ScriptRunContext! This warning can be ignored when running in bare mode.
2026-02-06 11:57:15.226 Thread 'MainThread': missing ScriptRunContext! This warning can be ignored when running in bare mode.
2026-02-06 11:57:15.226 Thread 'MainThread': missing ScriptRunContext! This warning can be ignored when running in bare mode.
2026-02-06 11:57:15.226 Thread 'MainThread': missing ScriptRunContext! This warning can be ignored when running in bare mode.
2026-02-06 11:57:15.226 Thread 'MainThread': missing ScriptRunContext! This warning can be ignored when running in bare mode.
2026-02-06 11:57:15.226 Thread 'MainThread': missing ScriptRunContext! This warning can be ignored when running in bare mode.
2026-02-06 11:57:15.226 Thread 'MainThread': missing ScriptRunContext! This warning can be ignored when running in bare mode.
2026-02-06 11:57:15.226 Thread 'MainThread': missing ScriptRunContext! This warning can be ignored when running in bare mode.
2026-02-06 11:57:15.226 Thread 'MainThread': missing ScriptRunContext! This warning can be ignored when running in bare mode.
2026-02-06 11:57:15.226 Thread 'MainThread': missing ScriptRunContext! This warning can be ignored when running in bare mode.
2026-02-06 11:57:15.226 Thread 'MainThread': missing ScriptRunContext! This warning can be ignored when running in bare mode.
2026-02-06 11:57:15.226 Thread 'MainThread': missing ScriptRunContext! This warning can be ignored when running in bare mode.
----------------------------- Captured log setup ------------------------------
INFO     src.core.cache:cache.py:164 Cache cleared
D:\Projet_streamlit\assistant_matanne\tests\services\test_phase10_budget_real.py:517: TypeError: BudgetService.__init__() takes 1 positional argument but 2 were given
E   TypeError: BudgetService.__init__() takes 1 positional argument but 2 were given
---------------------------- Captured stdout setup ----------------------------
[32mINFO[0m | src.core.cache            | Cache cleared
---------------------------- Captured stderr setup ----------------------------
2026-02-06 11:57:15.232 Thread 'MainThread': missing ScriptRunContext! This warning can be ignored when running in bare mode.
2026-02-06 11:57:15.232 Thread 'MainThread': missing ScriptRunContext! This warning can be ignored when running in bare mode.
2026-02-06 11:57:15.232 Thread 'MainThread': missing ScriptRunContext! This warning can be ignored when running in bare mode.
2026-02-06 11:57:15.232 Thread 'MainThread': missing ScriptRunContext! This warning can be ignored when running in bare mode.
2026-02-06 11:57:15.232 Thread 'MainThread': missing ScriptRunContext! This warning can be ignored when running in bare mode.
2026-02-06 11:57:15.232 Thread 'MainThread': missing ScriptRunContext! This warning can be ignored when running in bare mode.
2026-02-06 11:57:15.232 Thread 'MainThread': missing ScriptRunContext! This warning can be ignored when running in bare mode.
2026-02-06 11:57:15.232 Thread 'MainThread': missing ScriptRunContext! This warning can be ignored when running in bare mode.
2026-02-06 11:57:15.232 Thread 'MainThread': missing ScriptRunContext! This warning can be ignored when running in bare mode.
2026-02-06 11:57:15.232 Thread 'MainThread': missing ScriptRunContext! This warning can be ignored when running in bare mode.
2026-02-06 11:57:15.232 Thread 'MainThread': missing ScriptRunContext! This warning can be ignored when running in bare mode.
2026-02-06 11:57:15.232 Thread 'MainThread': missing ScriptRunContext! This warning can be ignored when running in bare mode.
----------------------------- Captured log setup ------------------------------
INFO     src.core.cache:cache.py:164 Cache cleared
D:\Projet_streamlit\assistant_matanne\tests\services\test_phase10_budget_real.py:534: TypeError: BudgetService.__init__() takes 1 positional argument but 2 were given
E   TypeError: InventaireService.__init__() takes 1 positional argument but 2 were given
---------------------------- Captured stdout setup ----------------------------
[32mINFO[0m | src.core.cache            | Cache cleared
---------------------------- Captured stderr setup ----------------------------
2026-02-06 11:57:15.238 Thread 'MainThread': missing ScriptRunContext! This warning can be ignored when running in bare mode.
2026-02-06 11:57:15.238 Thread 'MainThread': missing ScriptRunContext! This warning can be ignored when running in bare mode.
2026-02-06 11:57:15.238 Thread 'MainThread': missing ScriptRunContext! This warning can be ignored when running in bare mode.
2026-02-06 11:57:15.238 Thread 'MainThread': missing ScriptRunContext! This warning can be ignored when running in bare mode.
2026-02-06 11:57:15.238 Thread 'MainThread': missing ScriptRunContext! This warning can be ignored when running in bare mode.
2026-02-06 11:57:15.238 Thread 'MainThread': missing ScriptRunContext! This warning can be ignored when running in bare mode.
2026-02-06 11:57:15.238 Thread 'MainThread': missing ScriptRunContext! This warning can be ignored when running in bare mode.
2026-02-06 11:57:15.238 Thread 'MainThread': missing ScriptRunContext! This warning can be ignored when running in bare mode.
2026-02-06 11:57:15.238 Thread 'MainThread': missing ScriptRunContext! This warning can be ignored when running in bare mode.
2026-02-06 11:57:15.238 Thread 'MainThread': missing ScriptRunContext! This warning can be ignored when running in bare mode.
2026-02-06 11:57:15.238 Thread 'MainThread': missing ScriptRunContext! This warning can be ignored when running in bare mode.
2026-02-06 11:57:15.238 Thread 'MainThread': missing ScriptRunContext! This warning can be ignored when running in bare mode.
----------------------------- Captured log setup ------------------------------
INFO     src.core.cache:cache.py:164 Cache cleared
D:\Projet_streamlit\assistant_matanne\tests\services\test_phase10_inventory_real.py:27: TypeError: InventaireService.__init__() takes 1 positional argument but 2 were given
E   TypeError: InventaireService.__init__() takes 1 positional argument but 2 were given
---------------------------- Captured stdout setup ----------------------------
[32mINFO[0m | src.core.cache            | Cache cleared
---------------------------- Captured stderr setup ----------------------------
2026-02-06 11:57:15.244 Thread 'MainThread': missing ScriptRunContext! This warning can be ignored when running in bare mode.
2026-02-06 11:57:15.244 Thread 'MainThread': missing ScriptRunContext! This warning can be ignored when running in bare mode.
2026-02-06 11:57:15.244 Thread 'MainThread': missing ScriptRunContext! This warning can be ignored when running in bare mode.
2026-02-06 11:57:15.244 Thread 'MainThread': missing ScriptRunContext! This warning can be ignored when running in bare mode.
2026-02-06 11:57:15.244 Thread 'MainThread': missing ScriptRunContext! This warning can be ignored when running in bare mode.
2026-02-06 11:57:15.244 Thread 'MainThread': missing ScriptRunContext! This warning can be ignored when running in bare mode.
2026-02-06 11:57:15.244 Thread 'MainThread': missing ScriptRunContext! This warning can be ignored when running in bare mode.
2026-02-06 11:57:15.244 Thread 'MainThread': missing ScriptRunContext! This warning can be ignored when running in bare mode.
2026-02-06 11:57:15.244 Thread 'MainThread': missing ScriptRunContext! This warning can be ignored when running in bare mode.
2026-02-06 11:57:15.244 Thread 'MainThread': missing ScriptRunContext! This warning can be ignored when running in bare mode.
2026-02-06 11:57:15.244 Thread 'MainThread': missing ScriptRunContext! This warning can be ignored when running in bare mode.
2026-02-06 11:57:15.244 Thread 'MainThread': missing ScriptRunContext! This warning can be ignored when running in bare mode.
----------------------------- Captured log setup ------------------------------
INFO     src.core.cache:cache.py:164 Cache cleared
D:\Projet_streamlit\assistant_matanne\tests\services\test_phase10_inventory_real.py:50: TypeError: InventaireService.__init__() takes 1 positional argument but 2 were given
E   TypeError: InventaireService.__init__() takes 1 positional argument but 2 were given
---------------------------- Captured stdout setup ----------------------------
[32mINFO[0m | src.core.cache            | Cache cleared
---------------------------- Captured stderr setup ----------------------------
2026-02-06 11:57:15.250 Thread 'MainThread': missing ScriptRunContext! This warning can be ignored when running in bare mode.
2026-02-06 11:57:15.250 Thread 'MainThread': missing ScriptRunContext! This warning can be ignored when running in bare mode.
2026-02-06 11:57:15.250 Thread 'MainThread': missing ScriptRunContext! This warning can be ignored when running in bare mode.
2026-02-06 11:57:15.250 Thread 'MainThread': missing ScriptRunContext! This warning can be ignored when running in bare mode.
2026-02-06 11:57:15.250 Thread 'MainThread': missing ScriptRunContext! This warning can be ignored when running in bare mode.
2026-02-06 11:57:15.250 Thread 'MainThread': missing ScriptRunContext! This warning can be ignored when running in bare mode.
2026-02-06 11:57:15.250 Thread 'MainThread': missing ScriptRunContext! This warning can be ignored when running in bare mode.
2026-02-06 11:57:15.250 Thread 'MainThread': missing ScriptRunContext! This warning can be ignored when running in bare mode.
2026-02-06 11:57:15.250 Thread 'MainThread': missing ScriptRunContext! This warning can be ignored when running in bare mode.
2026-02-06 11:57:15.250 Thread 'MainThread': missing ScriptRunContext! This warning can be ignored when running in bare mode.
2026-02-06 11:57:15.250 Thread 'MainThread': missing ScriptRunContext! This warning can be ignored when running in bare mode.
2026-02-06 11:57:15.250 Thread 'MainThread': missing ScriptRunContext! This warning can be ignored when running in bare mode.
----------------------------- Captured log setup ------------------------------
INFO     src.core.cache:cache.py:164 Cache cleared
D:\Projet_streamlit\assistant_matanne\tests\services\test_phase10_inventory_real.py:73: TypeError: InventaireService.__init__() takes 1 positional argument but 2 were given
E   TypeError: InventaireService.__init__() takes 1 positional argument but 2 were given
---------------------------- Captured stdout setup ----------------------------
[32mINFO[0m | src.core.cache            | Cache cleared
---------------------------- Captured stderr setup ----------------------------
2026-02-06 11:57:15.256 Thread 'MainThread': missing ScriptRunContext! This warning can be ignored when running in bare mode.
2026-02-06 11:57:15.256 Thread 'MainThread': missing ScriptRunContext! This warning can be ignored when running in bare mode.
2026-02-06 11:57:15.256 Thread 'MainThread': missing ScriptRunContext! This warning can be ignored when running in bare mode.
2026-02-06 11:57:15.256 Thread 'MainThread': missing ScriptRunContext! This warning can be ignored when running in bare mode.
2026-02-06 11:57:15.256 Thread 'MainThread': missing ScriptRunContext! This warning can be ignored when running in bare mode.
2026-02-06 11:57:15.256 Thread 'MainThread': missing ScriptRunContext! This warning can be ignored when running in bare mode.
2026-02-06 11:57:15.256 Thread 'MainThread': missing ScriptRunContext! This warning can be ignored when running in bare mode.
2026-02-06 11:57:15.256 Thread 'MainThread': missing ScriptRunContext! This warning can be ignored when running in bare mode.
2026-02-06 11:57:15.256 Thread 'MainThread': missing ScriptRunContext! This warning can be ignored when running in bare mode.
2026-02-06 11:57:15.256 Thread 'MainThread': missing ScriptRunContext! This warning can be ignored when running in bare mode.
2026-02-06 11:57:15.256 Thread 'MainThread': missing ScriptRunContext! This warning can be ignored when running in bare mode.
2026-02-06 11:57:15.256 Thread 'MainThread': missing ScriptRunContext! This warning can be ignored when running in bare mode.
----------------------------- Captured log setup ------------------------------
INFO     src.core.cache:cache.py:164 Cache cleared
D:\Projet_streamlit\assistant_matanne\tests\services\test_phase10_inventory_real.py:92: TypeError: InventaireService.__init__() takes 1 positional argument but 2 were given
E   TypeError: InventaireService.__init__() takes 1 positional argument but 2 were given
---------------------------- Captured stdout setup ----------------------------
[32mINFO[0m | src.core.cache            | Cache cleared
---------------------------- Captured stderr setup ----------------------------
2026-02-06 11:57:15.262 Thread 'MainThread': missing ScriptRunContext! This warning can be ignored when running in bare mode.
2026-02-06 11:57:15.262 Thread 'MainThread': missing ScriptRunContext! This warning can be ignored when running in bare mode.
2026-02-06 11:57:15.262 Thread 'MainThread': missing ScriptRunContext! This warning can be ignored when running in bare mode.
2026-02-06 11:57:15.262 Thread 'MainThread': missing ScriptRunContext! This warning can be ignored when running in bare mode.
2026-02-06 11:57:15.262 Thread 'MainThread': missing ScriptRunContext! This warning can be ignored when running in bare mode.
2026-02-06 11:57:15.262 Thread 'MainThread': missing ScriptRunContext! This warning can be ignored when running in bare mode.
2026-02-06 11:57:15.262 Thread 'MainThread': missing ScriptRunContext! This warning can be ignored when running in bare mode.
2026-02-06 11:57:15.262 Thread 'MainThread': missing ScriptRunContext! This warning can be ignored when running in bare mode.
2026-02-06 11:57:15.262 Thread 'MainThread': missing ScriptRunContext! This warning can be ignored when running in bare mode.
2026-02-06 11:57:15.262 Thread 'MainThread': missing ScriptRunContext! This warning can be ignored when running in bare mode.
2026-02-06 11:57:15.262 Thread 'MainThread': missing ScriptRunContext! This warning can be ignored when running in bare mode.
2026-02-06 11:57:15.262 Thread 'MainThread': missing ScriptRunContext! This warning can be ignored when running in bare mode.
----------------------------- Captured log setup ------------------------------
INFO     src.core.cache:cache.py:164 Cache cleared
D:\Projet_streamlit\assistant_matanne\tests\services\test_phase10_inventory_real.py:110: TypeError: InventaireService.__init__() takes 1 positional argument but 2 were given
E   TypeError: InventaireService.__init__() takes 1 positional argument but 2 were given
---------------------------- Captured stdout setup ----------------------------
[32mINFO[0m | src.core.cache            | Cache cleared
---------------------------- Captured stderr setup ----------------------------
2026-02-06 11:57:15.269 Thread 'MainThread': missing ScriptRunContext! This warning can be ignored when running in bare mode.
2026-02-06 11:57:15.269 Thread 'MainThread': missing ScriptRunContext! This warning can be ignored when running in bare mode.
2026-02-06 11:57:15.269 Thread 'MainThread': missing ScriptRunContext! This warning can be ignored when running in bare mode.
2026-02-06 11:57:15.269 Thread 'MainThread': missing ScriptRunContext! This warning can be ignored when running in bare mode.
2026-02-06 11:57:15.269 Thread 'MainThread': missing ScriptRunContext! This warning can be ignored when running in bare mode.
2026-02-06 11:57:15.269 Thread 'MainThread': missing ScriptRunContext! This warning can be ignored when running in bare mode.
2026-02-06 11:57:15.269 Thread 'MainThread': missing ScriptRunContext! This warning can be ignored when running in bare mode.
2026-02-06 11:57:15.270 Thread 'MainThread': missing ScriptRunContext! This warning can be ignored when running in bare mode.
2026-02-06 11:57:15.270 Thread 'MainThread': missing ScriptRunContext! This warning can be ignored when running in bare mode.
2026-02-06 11:57:15.270 Thread 'MainThread': missing ScriptRunContext! This warning can be ignored when running in bare mode.
2026-02-06 11:57:15.270 Thread 'MainThread': missing ScriptRunContext! This warning can be ignored when running in bare mode.
2026-02-06 11:57:15.270 Thread 'MainThread': missing ScriptRunContext! This warning can be ignored when running in bare mode.
----------------------------- Captured log setup ------------------------------
INFO     src.core.cache:cache.py:164 Cache cleared
D:\Projet_streamlit\assistant_matanne\tests\services\test_phase10_inventory_real.py:128: TypeError: InventaireService.__init__() takes 1 positional argument but 2 were given
E   TypeError: InventaireService.__init__() takes 1 positional argument but 2 were given
---------------------------- Captured stdout setup ----------------------------
[32mINFO[0m | src.core.cache            | Cache cleared
---------------------------- Captured stderr setup ----------------------------
2026-02-06 11:57:15.275 Thread 'MainThread': missing ScriptRunContext! This warning can be ignored when running in bare mode.
2026-02-06 11:57:15.275 Thread 'MainThread': missing ScriptRunContext! This warning can be ignored when running in bare mode.
2026-02-06 11:57:15.276 Thread 'MainThread': missing ScriptRunContext! This warning can be ignored when running in bare mode.
2026-02-06 11:57:15.276 Thread 'MainThread': missing ScriptRunContext! This warning can be ignored when running in bare mode.
2026-02-06 11:57:15.276 Thread 'MainThread': missing ScriptRunContext! This warning can be ignored when running in bare mode.
2026-02-06 11:57:15.276 Thread 'MainThread': missing ScriptRunContext! This warning can be ignored when running in bare mode.
2026-02-06 11:57:15.276 Thread 'MainThread': missing ScriptRunContext! This warning can be ignored when running in bare mode.
2026-02-06 11:57:15.276 Thread 'MainThread': missing ScriptRunContext! This warning can be ignored when running in bare mode.
2026-02-06 11:57:15.276 Thread 'MainThread': missing ScriptRunContext! This warning can be ignored when running in bare mode.
2026-02-06 11:57:15.276 Thread 'MainThread': missing ScriptRunContext! This warning can be ignored when running in bare mode.
2026-02-06 11:57:15.276 Thread 'MainThread': missing ScriptRunContext! This warning can be ignored when running in bare mode.
2026-02-06 11:57:15.276 Thread 'MainThread': missing ScriptRunContext! This warning can be ignored when running in bare mode.
----------------------------- Captured log setup ------------------------------
INFO     src.core.cache:cache.py:164 Cache cleared
D:\Projet_streamlit\assistant_matanne\tests\services\test_phase10_inventory_real.py:149: TypeError: InventaireService.__init__() takes 1 positional argument but 2 were given
E   TypeError: InventaireService.__init__() takes 1 positional argument but 2 were given
---------------------------- Captured stdout setup ----------------------------
[32mINFO[0m | src.core.cache            | Cache cleared
---------------------------- Captured stderr setup ----------------------------
2026-02-06 11:57:15.281 Thread 'MainThread': missing ScriptRunContext! This warning can be ignored when running in bare mode.
2026-02-06 11:57:15.281 Thread 'MainThread': missing ScriptRunContext! This warning can be ignored when running in bare mode.
2026-02-06 11:57:15.281 Thread 'MainThread': missing ScriptRunContext! This warning can be ignored when running in bare mode.
2026-02-06 11:57:15.281 Thread 'MainThread': missing ScriptRunContext! This warning can be ignored when running in bare mode.
2026-02-06 11:57:15.281 Thread 'MainThread': missing ScriptRunContext! This warning can be ignored when running in bare mode.
2026-02-06 11:57:15.281 Thread 'MainThread': missing ScriptRunContext! This warning can be ignored when running in bare mode.
2026-02-06 11:57:15.281 Thread 'MainThread': missing ScriptRunContext! This warning can be ignored when running in bare mode.
2026-02-06 11:57:15.282 Thread 'MainThread': missing ScriptRunContext! This warning can be ignored when running in bare mode.
2026-02-06 11:57:15.282 Thread 'MainThread': missing ScriptRunContext! This warning can be ignored when running in bare mode.
2026-02-06 11:57:15.282 Thread 'MainThread': missing ScriptRunContext! This warning can be ignored when running in bare mode.
2026-02-06 11:57:15.282 Thread 'MainThread': missing ScriptRunContext! This warning can be ignored when running in bare mode.
2026-02-06 11:57:15.282 Thread 'MainThread': missing ScriptRunContext! This warning can be ignored when running in bare mode.
----------------------------- Captured log setup ------------------------------
INFO     src.core.cache:cache.py:164 Cache cleared
D:\Projet_streamlit\assistant_matanne\tests\services\test_phase10_inventory_real.py:167: TypeError: InventaireService.__init__() takes 1 positional argument but 2 were given
E   TypeError: InventaireService.__init__() takes 1 positional argument but 2 were given
---------------------------- Captured stdout setup ----------------------------
[32mINFO[0m | src.core.cache            | Cache cleared
---------------------------- Captured stderr setup ----------------------------
2026-02-06 11:57:15.287 Thread 'MainThread': missing ScriptRunContext! This warning can be ignored when running in bare mode.
2026-02-06 11:57:15.287 Thread 'MainThread': missing ScriptRunContext! This warning can be ignored when running in bare mode.
2026-02-06 11:57:15.287 Thread 'MainThread': missing ScriptRunContext! This warning can be ignored when running in bare mode.
2026-02-06 11:57:15.287 Thread 'MainThread': missing ScriptRunContext! This warning can be ignored when running in bare mode.
2026-02-06 11:57:15.287 Thread 'MainThread': missing ScriptRunContext! This warning can be ignored when running in bare mode.
2026-02-06 11:57:15.287 Thread 'MainThread': missing ScriptRunContext! This warning can be ignored when running in bare mode.
2026-02-06 11:57:15.287 Thread 'MainThread': missing ScriptRunContext! This warning can be ignored when running in bare mode.
2026-02-06 11:57:15.287 Thread 'MainThread': missing ScriptRunContext! This warning can be ignored when running in bare mode.
2026-02-06 11:57:15.287 Thread 'MainThread': missing ScriptRunContext! This warning can be ignored when running in bare mode.
2026-02-06 11:57:15.288 Thread 'MainThread': missing ScriptRunContext! This warning can be ignored when running in bare mode.
2026-02-06 11:57:15.288 Thread 'MainThread': missing ScriptRunContext! This warning can be ignored when running in bare mode.
2026-02-06 11:57:15.288 Thread 'MainThread': missing ScriptRunContext! This warning can be ignored when running in bare mode.
----------------------------- Captured log setup ------------------------------
INFO     src.core.cache:cache.py:164 Cache cleared
D:\Projet_streamlit\assistant_matanne\tests\services\test_phase10_inventory_real.py:190: TypeError: InventaireService.__init__() takes 1 positional argument but 2 were given
E   TypeError: InventaireService.__init__() takes 1 positional argument but 2 were given
---------------------------- Captured stdout setup ----------------------------
[32mINFO[0m | src.core.cache            | Cache cleared
---------------------------- Captured stderr setup ----------------------------
2026-02-06 11:57:15.293 Thread 'MainThread': missing ScriptRunContext! This warning can be ignored when running in bare mode.
2026-02-06 11:57:15.293 Thread 'MainThread': missing ScriptRunContext! This warning can be ignored when running in bare mode.
2026-02-06 11:57:15.293 Thread 'MainThread': missing ScriptRunContext! This warning can be ignored when running in bare mode.
2026-02-06 11:57:15.293 Thread 'MainThread': missing ScriptRunContext! This warning can be ignored when running in bare mode.
2026-02-06 11:57:15.293 Thread 'MainThread': missing ScriptRunContext! This warning can be ignored when running in bare mode.
2026-02-06 11:57:15.293 Thread 'MainThread': missing ScriptRunContext! This warning can be ignored when running in bare mode.
2026-02-06 11:57:15.293 Thread 'MainThread': missing ScriptRunContext! This warning can be ignored when running in bare mode.
2026-02-06 11:57:15.293 Thread 'MainThread': missing ScriptRunContext! This warning can be ignored when running in bare mode.
2026-02-06 11:57:15.293 Thread 'MainThread': missing ScriptRunContext! This warning can be ignored when running in bare mode.
2026-02-06 11:57:15.293 Thread 'MainThread': missing ScriptRunContext! This warning can be ignored when running in bare mode.
2026-02-06 11:57:15.293 Thread 'MainThread': missing ScriptRunContext! This warning can be ignored when running in bare mode.
2026-02-06 11:57:15.293 Thread 'MainThread': missing ScriptRunContext! This warning can be ignored when running in bare mode.
----------------------------- Captured log setup ------------------------------
INFO     src.core.cache:cache.py:164 Cache cleared
D:\Projet_streamlit\assistant_matanne\tests\services\test_phase10_inventory_real.py:206: TypeError: InventaireService.__init__() takes 1 positional argument but 2 were given
E   TypeError: InventaireService.__init__() takes 1 positional argument but 2 were given
---------------------------- Captured stdout setup ----------------------------
[32mINFO[0m | src.core.cache            | Cache cleared
---------------------------- Captured stderr setup ----------------------------
2026-02-06 11:57:15.298 Thread 'MainThread': missing ScriptRunContext! This warning can be ignored when running in bare mode.
2026-02-06 11:57:15.299 Thread 'MainThread': missing ScriptRunContext! This warning can be ignored when running in bare mode.
2026-02-06 11:57:15.299 Thread 'MainThread': missing ScriptRunContext! This warning can be ignored when running in bare mode.
2026-02-06 11:57:15.299 Thread 'MainThread': missing ScriptRunContext! This warning can be ignored when running in bare mode.
2026-02-06 11:57:15.299 Thread 'MainThread': missing ScriptRunContext! This warning can be ignored when running in bare mode.
2026-02-06 11:57:15.299 Thread 'MainThread': missing ScriptRunContext! This warning can be ignored when running in bare mode.
2026-02-06 11:57:15.299 Thread 'MainThread': missing ScriptRunContext! This warning can be ignored when running in bare mode.
2026-02-06 11:57:15.299 Thread 'MainThread': missing ScriptRunContext! This warning can be ignored when running in bare mode.
2026-02-06 11:57:15.299 Thread 'MainThread': missing ScriptRunContext! This warning can be ignored when running in bare mode.
2026-02-06 11:57:15.299 Thread 'MainThread': missing ScriptRunContext! This warning can be ignored when running in bare mode.
2026-02-06 11:57:15.299 Thread 'MainThread': missing ScriptRunContext! This warning can be ignored when running in bare mode.
2026-02-06 11:57:15.299 Thread 'MainThread': missing ScriptRunContext! This warning can be ignored when running in bare mode.
----------------------------- Captured log setup ------------------------------
INFO     src.core.cache:cache.py:164 Cache cleared
D:\Projet_streamlit\assistant_matanne\tests\services\test_phase10_inventory_real.py:229: TypeError: InventaireService.__init__() takes 1 positional argument but 2 were given
E   TypeError: InventaireService.__init__() takes 1 positional argument but 2 were given
---------------------------- Captured stdout setup ----------------------------
[32mINFO[0m | src.core.cache            | Cache cleared
---------------------------- Captured stderr setup ----------------------------
2026-02-06 11:57:15.304 Thread 'MainThread': missing ScriptRunContext! This warning can be ignored when running in bare mode.
2026-02-06 11:57:15.304 Thread 'MainThread': missing ScriptRunContext! This warning can be ignored when running in bare mode.
2026-02-06 11:57:15.304 Thread 'MainThread': missing ScriptRunContext! This warning can be ignored when running in bare mode.
2026-02-06 11:57:15.304 Thread 'MainThread': missing ScriptRunContext! This warning can be ignored when running in bare mode.
2026-02-06 11:57:15.305 Thread 'MainThread': missing ScriptRunContext! This warning can be ignored when running in bare mode.
2026-02-06 11:57:15.305 Thread 'MainThread': missing ScriptRunContext! This warning can be ignored when running in bare mode.
2026-02-06 11:57:15.305 Thread 'MainThread': missing ScriptRunContext! This warning can be ignored when running in bare mode.
2026-02-06 11:57:15.305 Thread 'MainThread': missing ScriptRunContext! This warning can be ignored when running in bare mode.
2026-02-06 11:57:15.305 Thread 'MainThread': missing ScriptRunContext! This warning can be ignored when running in bare mode.
2026-02-06 11:57:15.305 Thread 'MainThread': missing ScriptRunContext! This warning can be ignored when running in bare mode.
2026-02-06 11:57:15.305 Thread 'MainThread': missing ScriptRunContext! This warning can be ignored when running in bare mode.
2026-02-06 11:57:15.305 Thread 'MainThread': missing ScriptRunContext! This warning can be ignored when running in bare mode.
----------------------------- Captured log setup ------------------------------
INFO     src.core.cache:cache.py:164 Cache cleared
D:\Projet_streamlit\assistant_matanne\tests\services\test_phase10_inventory_real.py:247: TypeError: InventaireService.__init__() takes 1 positional argument but 2 were given
E   TypeError: InventaireService.__init__() takes 1 positional argument but 2 were given
---------------------------- Captured stdout setup ----------------------------
[32mINFO[0m | src.core.cache            | Cache cleared
---------------------------- Captured stderr setup ----------------------------
2026-02-06 11:57:15.310 Thread 'MainThread': missing ScriptRunContext! This warning can be ignored when running in bare mode.
2026-02-06 11:57:15.310 Thread 'MainThread': missing ScriptRunContext! This warning can be ignored when running in bare mode.
2026-02-06 11:57:15.310 Thread 'MainThread': missing ScriptRunContext! This warning can be ignored when running in bare mode.
2026-02-06 11:57:15.310 Thread 'MainThread': missing ScriptRunContext! This warning can be ignored when running in bare mode.
2026-02-06 11:57:15.310 Thread 'MainThread': missing ScriptRunContext! This warning can be ignored when running in bare mode.
2026-02-06 11:57:15.310 Thread 'MainThread': missing ScriptRunContext! This warning can be ignored when running in bare mode.
2026-02-06 11:57:15.310 Thread 'MainThread': missing ScriptRunContext! This warning can be ignored when running in bare mode.
2026-02-06 11:57:15.310 Thread 'MainThread': missing ScriptRunContext! This warning can be ignored when running in bare mode.
2026-02-06 11:57:15.310 Thread 'MainThread': missing ScriptRunContext! This warning can be ignored when running in bare mode.
2026-02-06 11:57:15.310 Thread 'MainThread': missing ScriptRunContext! This warning can be ignored when running in bare mode.
2026-02-06 11:57:15.310 Thread 'MainThread': missing ScriptRunContext! This warning can be ignored when running in bare mode.
2026-02-06 11:57:15.310 Thread 'MainThread': missing ScriptRunContext! This warning can be ignored when running in bare mode.
----------------------------- Captured log setup ------------------------------
INFO     src.core.cache:cache.py:164 Cache cleared
D:\Projet_streamlit\assistant_matanne\tests\services\test_phase10_inventory_real.py:264: TypeError: InventaireService.__init__() takes 1 positional argument but 2 were given
E   TypeError: InventaireService.__init__() takes 1 positional argument but 2 were given
---------------------------- Captured stdout setup ----------------------------
[32mINFO[0m | src.core.cache            | Cache cleared
---------------------------- Captured stderr setup ----------------------------
2026-02-06 11:57:15.318 Thread 'MainThread': missing ScriptRunContext! This warning can be ignored when running in bare mode.
2026-02-06 11:57:15.318 Thread 'MainThread': missing ScriptRunContext! This warning can be ignored when running in bare mode.
2026-02-06 11:57:15.318 Thread 'MainThread': missing ScriptRunContext! This warning can be ignored when running in bare mode.
2026-02-06 11:57:15.318 Thread 'MainThread': missing ScriptRunContext! This warning can be ignored when running in bare mode.
2026-02-06 11:57:15.318 Thread 'MainThread': missing ScriptRunContext! This warning can be ignored when running in bare mode.
2026-02-06 11:57:15.318 Thread 'MainThread': missing ScriptRunContext! This warning can be ignored when running in bare mode.
2026-02-06 11:57:15.318 Thread 'MainThread': missing ScriptRunContext! This warning can be ignored when running in bare mode.
2026-02-06 11:57:15.318 Thread 'MainThread': missing ScriptRunContext! This warning can be ignored when running in bare mode.
2026-02-06 11:57:15.319 Thread 'MainThread': missing ScriptRunContext! This warning can be ignored when running in bare mode.
2026-02-06 11:57:15.319 Thread 'MainThread': missing ScriptRunContext! This warning can be ignored when running in bare mode.
2026-02-06 11:57:15.319 Thread 'MainThread': missing ScriptRunContext! This warning can be ignored when running in bare mode.
2026-02-06 11:57:15.319 Thread 'MainThread': missing ScriptRunContext! This warning can be ignored when running in bare mode.
----------------------------- Captured log setup ------------------------------
INFO     src.core.cache:cache.py:164 Cache cleared
D:\Projet_streamlit\assistant_matanne\tests\services\test_phase10_inventory_real.py:292: TypeError: InventaireService.__init__() takes 1 positional argument but 2 were given
E   TypeError: InventaireService.__init__() takes 1 positional argument but 2 were given
---------------------------- Captured stdout setup ----------------------------
[32mINFO[0m | src.core.cache            | Cache cleared
---------------------------- Captured stderr setup ----------------------------
2026-02-06 11:57:15.325 Thread 'MainThread': missing ScriptRunContext! This warning can be ignored when running in bare mode.
2026-02-06 11:57:15.326 Thread 'MainThread': missing ScriptRunContext! This warning can be ignored when running in bare mode.
2026-02-06 11:57:15.326 Thread 'MainThread': missing ScriptRunContext! This warning can be ignored when running in bare mode.
2026-02-06 11:57:15.326 Thread 'MainThread': missing ScriptRunContext! This warning can be ignored when running in bare mode.
2026-02-06 11:57:15.326 Thread 'MainThread': missing ScriptRunContext! This warning can be ignored when running in bare mode.
2026-02-06 11:57:15.326 Thread 'MainThread': missing ScriptRunContext! This warning can be ignored when running in bare mode.
2026-02-06 11:57:15.326 Thread 'MainThread': missing ScriptRunContext! This warning can be ignored when running in bare mode.
2026-02-06 11:57:15.326 Thread 'MainThread': missing ScriptRunContext! This warning can be ignored when running in bare mode.
2026-02-06 11:57:15.326 Thread 'MainThread': missing ScriptRunContext! This warning can be ignored when running in bare mode.
2026-02-06 11:57:15.326 Thread 'MainThread': missing ScriptRunContext! This warning can be ignored when running in bare mode.
2026-02-06 11:57:15.326 Thread 'MainThread': missing ScriptRunContext! This warning can be ignored when running in bare mode.
2026-02-06 11:57:15.326 Thread 'MainThread': missing ScriptRunContext! This warning can be ignored when running in bare mode.
----------------------------- Captured log setup ------------------------------
INFO     src.core.cache:cache.py:164 Cache cleared
D:\Projet_streamlit\assistant_matanne\tests\services\test_phase10_inventory_real.py:308: TypeError: InventaireService.__init__() takes 1 positional argument but 2 were given
E   TypeError: InventaireService.__init__() takes 1 positional argument but 2 were given
---------------------------- Captured stdout setup ----------------------------
[32mINFO[0m | src.core.cache            | Cache cleared
---------------------------- Captured stderr setup ----------------------------
2026-02-06 11:57:15.336 Thread 'MainThread': missing ScriptRunContext! This warning can be ignored when running in bare mode.
2026-02-06 11:57:15.336 Thread 'MainThread': missing ScriptRunContext! This warning can be ignored when running in bare mode.
2026-02-06 11:57:15.336 Thread 'MainThread': missing ScriptRunContext! This warning can be ignored when running in bare mode.
2026-02-06 11:57:15.336 Thread 'MainThread': missing ScriptRunContext! This warning can be ignored when running in bare mode.
2026-02-06 11:57:15.336 Thread 'MainThread': missing ScriptRunContext! This warning can be ignored when running in bare mode.
2026-02-06 11:57:15.336 Thread 'MainThread': missing ScriptRunContext! This warning can be ignored when running in bare mode.
2026-02-06 11:57:15.336 Thread 'MainThread': missing ScriptRunContext! This warning can be ignored when running in bare mode.
2026-02-06 11:57:15.336 Thread 'MainThread': missing ScriptRunContext! This warning can be ignored when running in bare mode.
2026-02-06 11:57:15.336 Thread 'MainThread': missing ScriptRunContext! This warning can be ignored when running in bare mode.
2026-02-06 11:57:15.336 Thread 'MainThread': missing ScriptRunContext! This warning can be ignored when running in bare mode.
2026-02-06 11:57:15.336 Thread 'MainThread': missing ScriptRunContext! This warning can be ignored when running in bare mode.
2026-02-06 11:57:15.336 Thread 'MainThread': missing ScriptRunContext! This warning can be ignored when running in bare mode.
----------------------------- Captured log setup ------------------------------
INFO     src.core.cache:cache.py:164 Cache cleared
D:\Projet_streamlit\assistant_matanne\tests\services\test_phase10_inventory_real.py:330: TypeError: InventaireService.__init__() takes 1 positional argument but 2 were given
E   TypeError: InventaireService.__init__() takes 1 positional argument but 2 were given
---------------------------- Captured stdout setup ----------------------------
[32mINFO[0m | src.core.cache            | Cache cleared
---------------------------- Captured stderr setup ----------------------------
2026-02-06 11:57:15.346 Thread 'MainThread': missing ScriptRunContext! This warning can be ignored when running in bare mode.
2026-02-06 11:57:15.346 Thread 'MainThread': missing ScriptRunContext! This warning can be ignored when running in bare mode.
2026-02-06 11:57:15.346 Thread 'MainThread': missing ScriptRunContext! This warning can be ignored when running in bare mode.
2026-02-06 11:57:15.346 Thread 'MainThread': missing ScriptRunContext! This warning can be ignored when running in bare mode.
2026-02-06 11:57:15.346 Thread 'MainThread': missing ScriptRunContext! This warning can be ignored when running in bare mode.
2026-02-06 11:57:15.346 Thread 'MainThread': missing ScriptRunContext! This warning can be ignored when running in bare mode.
2026-02-06 11:57:15.346 Thread 'MainThread': missing ScriptRunContext! This warning can be ignored when running in bare mode.
2026-02-06 11:57:15.347 Thread 'MainThread': missing ScriptRunContext! This warning can be ignored when running in bare mode.
2026-02-06 11:57:15.347 Thread 'MainThread': missing ScriptRunContext! This warning can be ignored when running in bare mode.
2026-02-06 11:57:15.347 Thread 'MainThread': missing ScriptRunContext! This warning can be ignored when running in bare mode.
2026-02-06 11:57:15.347 Thread 'MainThread': missing ScriptRunContext! This warning can be ignored when running in bare mode.
2026-02-06 11:57:15.347 Thread 'MainThread': missing ScriptRunContext! This warning can be ignored when running in bare mode.
----------------------------- Captured log setup ------------------------------
INFO     src.core.cache:cache.py:164 Cache cleared
D:\Projet_streamlit\assistant_matanne\tests\services\test_phase10_inventory_real.py:354: TypeError: InventaireService.__init__() takes 1 positional argument but 2 were given
E   TypeError: InventaireService.__init__() takes 1 positional argument but 2 were given
---------------------------- Captured stdout setup ----------------------------
[32mINFO[0m | src.core.cache            | Cache cleared
---------------------------- Captured stderr setup ----------------------------
2026-02-06 11:57:15.353 Thread 'MainThread': missing ScriptRunContext! This warning can be ignored when running in bare mode.
2026-02-06 11:57:15.353 Thread 'MainThread': missing ScriptRunContext! This warning can be ignored when running in bare mode.
2026-02-06 11:57:15.353 Thread 'MainThread': missing ScriptRunContext! This warning can be ignored when running in bare mode.
2026-02-06 11:57:15.353 Thread 'MainThread': missing ScriptRunContext! This warning can be ignored when running in bare mode.
2026-02-06 11:57:15.353 Thread 'MainThread': missing ScriptRunContext! This warning can be ignored when running in bare mode.
2026-02-06 11:57:15.353 Thread 'MainThread': missing ScriptRunContext! This warning can be ignored when running in bare mode.
2026-02-06 11:57:15.353 Thread 'MainThread': missing ScriptRunContext! This warning can be ignored when running in bare mode.
2026-02-06 11:57:15.353 Thread 'MainThread': missing ScriptRunContext! This warning can be ignored when running in bare mode.
2026-02-06 11:57:15.353 Thread 'MainThread': missing ScriptRunContext! This warning can be ignored when running in bare mode.
2026-02-06 11:57:15.353 Thread 'MainThread': missing ScriptRunContext! This warning can be ignored when running in bare mode.
2026-02-06 11:57:15.354 Thread 'MainThread': missing ScriptRunContext! This warning can be ignored when running in bare mode.
2026-02-06 11:57:15.354 Thread 'MainThread': missing ScriptRunContext! This warning can be ignored when running in bare mode.
----------------------------- Captured log setup ------------------------------
INFO     src.core.cache:cache.py:164 Cache cleared
D:\Projet_streamlit\assistant_matanne\tests\services\test_phase10_inventory_real.py:371: TypeError: InventaireService.__init__() takes 1 positional argument but 2 were given
E   TypeError: InventaireService.__init__() takes 1 positional argument but 2 were given
---------------------------- Captured stdout setup ----------------------------
[32mINFO[0m | src.core.cache            | Cache cleared
---------------------------- Captured stderr setup ----------------------------
2026-02-06 11:57:15.360 Thread 'MainThread': missing ScriptRunContext! This warning can be ignored when running in bare mode.
2026-02-06 11:57:15.360 Thread 'MainThread': missing ScriptRunContext! This warning can be ignored when running in bare mode.
2026-02-06 11:57:15.360 Thread 'MainThread': missing ScriptRunContext! This warning can be ignored when running in bare mode.
2026-02-06 11:57:15.360 Thread 'MainThread': missing ScriptRunContext! This warning can be ignored when running in bare mode.
2026-02-06 11:57:15.360 Thread 'MainThread': missing ScriptRunContext! This warning can be ignored when running in bare mode.
2026-02-06 11:57:15.360 Thread 'MainThread': missing ScriptRunContext! This warning can be ignored when running in bare mode.
2026-02-06 11:57:15.360 Thread 'MainThread': missing ScriptRunContext! This warning can be ignored when running in bare mode.
2026-02-06 11:57:15.360 Thread 'MainThread': missing ScriptRunContext! This warning can be ignored when running in bare mode.
2026-02-06 11:57:15.360 Thread 'MainThread': missing ScriptRunContext! This warning can be ignored when running in bare mode.
2026-02-06 11:57:15.360 Thread 'MainThread': missing ScriptRunContext! This warning can be ignored when running in bare mode.
2026-02-06 11:57:15.360 Thread 'MainThread': missing ScriptRunContext! This warning can be ignored when running in bare mode.
2026-02-06 11:57:15.360 Thread 'MainThread': missing ScriptRunContext! This warning can be ignored when running in bare mode.
----------------------------- Captured log setup ------------------------------
INFO     src.core.cache:cache.py:164 Cache cleared
D:\Projet_streamlit\assistant_matanne\tests\services\test_phase10_inventory_real.py:393: TypeError: InventaireService.__init__() takes 1 positional argument but 2 were given
E   TypeError: InventaireService.__init__() takes 1 positional argument but 2 were given
---------------------------- Captured stdout setup ----------------------------
[32mINFO[0m | src.core.cache            | Cache cleared
---------------------------- Captured stderr setup ----------------------------
2026-02-06 11:57:15.367 Thread 'MainThread': missing ScriptRunContext! This warning can be ignored when running in bare mode.
2026-02-06 11:57:15.367 Thread 'MainThread': missing ScriptRunContext! This warning can be ignored when running in bare mode.
2026-02-06 11:57:15.367 Thread 'MainThread': missing ScriptRunContext! This warning can be ignored when running in bare mode.
2026-02-06 11:57:15.367 Thread 'MainThread': missing ScriptRunContext! This warning can be ignored when running in bare mode.
2026-02-06 11:57:15.368 Thread 'MainThread': missing ScriptRunContext! This warning can be ignored when running in bare mode.
2026-02-06 11:57:15.368 Thread 'MainThread': missing ScriptRunContext! This warning can be ignored when running in bare mode.
2026-02-06 11:57:15.368 Thread 'MainThread': missing ScriptRunContext! This warning can be ignored when running in bare mode.
2026-02-06 11:57:15.368 Thread 'MainThread': missing ScriptRunContext! This warning can be ignored when running in bare mode.
2026-02-06 11:57:15.368 Thread 'MainThread': missing ScriptRunContext! This warning can be ignored when running in bare mode.
2026-02-06 11:57:15.368 Thread 'MainThread': missing ScriptRunContext! This warning can be ignored when running in bare mode.
2026-02-06 11:57:15.368 Thread 'MainThread': missing ScriptRunContext! This warning can be ignored when running in bare mode.
2026-02-06 11:57:15.368 Thread 'MainThread': missing ScriptRunContext! This warning can be ignored when running in bare mode.
----------------------------- Captured log setup ------------------------------
INFO     src.core.cache:cache.py:164 Cache cleared
D:\Projet_streamlit\assistant_matanne\tests\services\test_phase10_inventory_real.py:406: TypeError: InventaireService.__init__() takes 1 positional argument but 2 were given
E   TypeError: InventaireService.__init__() takes 1 positional argument but 2 were given
---------------------------- Captured stdout setup ----------------------------
[32mINFO[0m | src.core.cache            | Cache cleared
---------------------------- Captured stderr setup ----------------------------
2026-02-06 11:57:15.377 Thread 'MainThread': missing ScriptRunContext! This warning can be ignored when running in bare mode.
2026-02-06 11:57:15.377 Thread 'MainThread': missing ScriptRunContext! This warning can be ignored when running in bare mode.
2026-02-06 11:57:15.377 Thread 'MainThread': missing ScriptRunContext! This warning can be ignored when running in bare mode.
2026-02-06 11:57:15.377 Thread 'MainThread': missing ScriptRunContext! This warning can be ignored when running in bare mode.
2026-02-06 11:57:15.377 Thread 'MainThread': missing ScriptRunContext! This warning can be ignored when running in bare mode.
2026-02-06 11:57:15.377 Thread 'MainThread': missing ScriptRunContext! This warning can be ignored when running in bare mode.
2026-02-06 11:57:15.377 Thread 'MainThread': missing ScriptRunContext! This warning can be ignored when running in bare mode.
2026-02-06 11:57:15.377 Thread 'MainThread': missing ScriptRunContext! This warning can be ignored when running in bare mode.
2026-02-06 11:57:15.377 Thread 'MainThread': missing ScriptRunContext! This warning can be ignored when running in bare mode.
2026-02-06 11:57:15.377 Thread 'MainThread': missing ScriptRunContext! This warning can be ignored when running in bare mode.
2026-02-06 11:57:15.377 Thread 'MainThread': missing ScriptRunContext! This warning can be ignored when running in bare mode.
2026-02-06 11:57:15.378 Thread 'MainThread': missing ScriptRunContext! This warning can be ignored when running in bare mode.
----------------------------- Captured log setup ------------------------------
INFO     src.core.cache:cache.py:164 Cache cleared
D:\Projet_streamlit\assistant_matanne\tests\services\test_phase10_inventory_real.py:431: TypeError: InventaireService.__init__() takes 1 positional argument but 2 were given
E   TypeError: InventaireService.__init__() takes 1 positional argument but 2 were given
---------------------------- Captured stdout setup ----------------------------
[32mINFO[0m | src.core.cache            | Cache cleared
---------------------------- Captured stderr setup ----------------------------
2026-02-06 11:57:15.383 Thread 'MainThread': missing ScriptRunContext! This warning can be ignored when running in bare mode.
2026-02-06 11:57:15.383 Thread 'MainThread': missing ScriptRunContext! This warning can be ignored when running in bare mode.
2026-02-06 11:57:15.383 Thread 'MainThread': missing ScriptRunContext! This warning can be ignored when running in bare mode.
2026-02-06 11:57:15.383 Thread 'MainThread': missing ScriptRunContext! This warning can be ignored when running in bare mode.
2026-02-06 11:57:15.384 Thread 'MainThread': missing ScriptRunContext! This warning can be ignored when running in bare mode.
2026-02-06 11:57:15.384 Thread 'MainThread': missing ScriptRunContext! This warning can be ignored when running in bare mode.
2026-02-06 11:57:15.384 Thread 'MainThread': missing ScriptRunContext! This warning can be ignored when running in bare mode.
2026-02-06 11:57:15.384 Thread 'MainThread': missing ScriptRunContext! This warning can be ignored when running in bare mode.
2026-02-06 11:57:15.384 Thread 'MainThread': missing ScriptRunContext! This warning can be ignored when running in bare mode.
2026-02-06 11:57:15.384 Thread 'MainThread': missing ScriptRunContext! This warning can be ignored when running in bare mode.
2026-02-06 11:57:15.384 Thread 'MainThread': missing ScriptRunContext! This warning can be ignored when running in bare mode.
2026-02-06 11:57:15.384 Thread 'MainThread': missing ScriptRunContext! This warning can be ignored when running in bare mode.
----------------------------- Captured log setup ------------------------------
INFO     src.core.cache:cache.py:164 Cache cleared
D:\Projet_streamlit\assistant_matanne\tests\services\test_phase10_inventory_real.py:452: TypeError: InventaireService.__init__() takes 1 positional argument but 2 were given
E   TypeError: InventaireService.__init__() takes 1 positional argument but 2 were given
---------------------------- Captured stdout setup ----------------------------
[32mINFO[0m | src.core.cache            | Cache cleared
---------------------------- Captured stderr setup ----------------------------
2026-02-06 11:57:15.390 Thread 'MainThread': missing ScriptRunContext! This warning can be ignored when running in bare mode.
2026-02-06 11:57:15.390 Thread 'MainThread': missing ScriptRunContext! This warning can be ignored when running in bare mode.
2026-02-06 11:57:15.390 Thread 'MainThread': missing ScriptRunContext! This warning can be ignored when running in bare mode.
2026-02-06 11:57:15.390 Thread 'MainThread': missing ScriptRunContext! This warning can be ignored when running in bare mode.
2026-02-06 11:57:15.390 Thread 'MainThread': missing ScriptRunContext! This warning can be ignored when running in bare mode.
2026-02-06 11:57:15.390 Thread 'MainThread': missing ScriptRunContext! This warning can be ignored when running in bare mode.
2026-02-06 11:57:15.390 Thread 'MainThread': missing ScriptRunContext! This warning can be ignored when running in bare mode.
2026-02-06 11:57:15.390 Thread 'MainThread': missing ScriptRunContext! This warning can be ignored when running in bare mode.
2026-02-06 11:57:15.390 Thread 'MainThread': missing ScriptRunContext! This warning can be ignored when running in bare mode.
2026-02-06 11:57:15.390 Thread 'MainThread': missing ScriptRunContext! This warning can be ignored when running in bare mode.
2026-02-06 11:57:15.390 Thread 'MainThread': missing ScriptRunContext! This warning can be ignored when running in bare mode.
2026-02-06 11:57:15.390 Thread 'MainThread': missing ScriptRunContext! This warning can be ignored when running in bare mode.
----------------------------- Captured log setup ------------------------------
INFO     src.core.cache:cache.py:164 Cache cleared
D:\Projet_streamlit\assistant_matanne\tests\services\test_phase10_inventory_real.py:469: TypeError: InventaireService.__init__() takes 1 positional argument but 2 were given
E   TypeError: InventaireService.__init__() takes 1 positional argument but 2 were given
---------------------------- Captured stdout setup ----------------------------
[32mINFO[0m | src.core.cache            | Cache cleared
---------------------------- Captured stderr setup ----------------------------
2026-02-06 11:57:15.397 Thread 'MainThread': missing ScriptRunContext! This warning can be ignored when running in bare mode.
2026-02-06 11:57:15.398 Thread 'MainThread': missing ScriptRunContext! This warning can be ignored when running in bare mode.
2026-02-06 11:57:15.398 Thread 'MainThread': missing ScriptRunContext! This warning can be ignored when running in bare mode.
2026-02-06 11:57:15.398 Thread 'MainThread': missing ScriptRunContext! This warning can be ignored when running in bare mode.
2026-02-06 11:57:15.398 Thread 'MainThread': missing ScriptRunContext! This warning can be ignored when running in bare mode.
2026-02-06 11:57:15.398 Thread 'MainThread': missing ScriptRunContext! This warning can be ignored when running in bare mode.
2026-02-06 11:57:15.398 Thread 'MainThread': missing ScriptRunContext! This warning can be ignored when running in bare mode.
2026-02-06 11:57:15.398 Thread 'MainThread': missing ScriptRunContext! This warning can be ignored when running in bare mode.
2026-02-06 11:57:15.398 Thread 'MainThread': missing ScriptRunContext! This warning can be ignored when running in bare mode.
2026-02-06 11:57:15.398 Thread 'MainThread': missing ScriptRunContext! This warning can be ignored when running in bare mode.
2026-02-06 11:57:15.398 Thread 'MainThread': missing ScriptRunContext! This warning can be ignored when running in bare mode.
2026-02-06 11:57:15.398 Thread 'MainThread': missing ScriptRunContext! This warning can be ignored when running in bare mode.
----------------------------- Captured log setup ------------------------------
INFO     src.core.cache:cache.py:164 Cache cleared
D:\Projet_streamlit\assistant_matanne\tests\services\test_phase10_inventory_real.py:485: TypeError: InventaireService.__init__() takes 1 positional argument but 2 were given
E   TypeError: RecetteService.__init__() takes 1 positional argument but 2 were given
---------------------------- Captured stdout setup ----------------------------
[32mINFO[0m | src.core.cache            | Cache cleared
---------------------------- Captured stderr setup ----------------------------
2026-02-06 11:57:18.274 Thread 'MainThread': missing ScriptRunContext! This warning can be ignored when running in bare mode.
2026-02-06 11:57:18.274 Thread 'MainThread': missing ScriptRunContext! This warning can be ignored when running in bare mode.
2026-02-06 11:57:18.274 Thread 'MainThread': missing ScriptRunContext! This warning can be ignored when running in bare mode.
2026-02-06 11:57:18.274 Thread 'MainThread': missing ScriptRunContext! This warning can be ignored when running in bare mode.
2026-02-06 11:57:18.274 Thread 'MainThread': missing ScriptRunContext! This warning can be ignored when running in bare mode.
2026-02-06 11:57:18.274 Thread 'MainThread': missing ScriptRunContext! This warning can be ignored when running in bare mode.
2026-02-06 11:57:18.274 Thread 'MainThread': missing ScriptRunContext! This warning can be ignored when running in bare mode.
2026-02-06 11:57:18.275 Thread 'MainThread': missing ScriptRunContext! This warning can be ignored when running in bare mode.
2026-02-06 11:57:18.275 Thread 'MainThread': missing ScriptRunContext! This warning can be ignored when running in bare mode.
2026-02-06 11:57:18.275 Thread 'MainThread': missing ScriptRunContext! This warning can be ignored when running in bare mode.
2026-02-06 11:57:18.275 Thread 'MainThread': missing ScriptRunContext! This warning can be ignored when running in bare mode.
2026-02-06 11:57:18.275 Thread 'MainThread': missing ScriptRunContext! This warning can be ignored when running in bare mode.
----------------------------- Captured log setup ------------------------------
INFO     src.core.cache:cache.py:164 Cache cleared
D:\Projet_streamlit\assistant_matanne\tests\services\test_phase11_recipes_shopping.py:29: TypeError: RecetteService.__init__() takes 1 positional argument but 2 were given
E   TypeError: RecetteService.__init__() takes 1 positional argument but 2 were given
---------------------------- Captured stdout setup ----------------------------
[32mINFO[0m | src.core.cache            | Cache cleared
---------------------------- Captured stderr setup ----------------------------
2026-02-06 11:57:18.283 Thread 'MainThread': missing ScriptRunContext! This warning can be ignored when running in bare mode.
2026-02-06 11:57:18.283 Thread 'MainThread': missing ScriptRunContext! This warning can be ignored when running in bare mode.
2026-02-06 11:57:18.283 Thread 'MainThread': missing ScriptRunContext! This warning can be ignored when running in bare mode.
2026-02-06 11:57:18.283 Thread 'MainThread': missing ScriptRunContext! This warning can be ignored when running in bare mode.
2026-02-06 11:57:18.283 Thread 'MainThread': missing ScriptRunContext! This warning can be ignored when running in bare mode.
2026-02-06 11:57:18.283 Thread 'MainThread': missing ScriptRunContext! This warning can be ignored when running in bare mode.
2026-02-06 11:57:18.283 Thread 'MainThread': missing ScriptRunContext! This warning can be ignored when running in bare mode.
2026-02-06 11:57:18.283 Thread 'MainThread': missing ScriptRunContext! This warning can be ignored when running in bare mode.
2026-02-06 11:57:18.283 Thread 'MainThread': missing ScriptRunContext! This warning can be ignored when running in bare mode.
2026-02-06 11:57:18.283 Thread 'MainThread': missing ScriptRunContext! This warning can be ignored when running in bare mode.
2026-02-06 11:57:18.283 Thread 'MainThread': missing ScriptRunContext! This warning can be ignored when running in bare mode.
2026-02-06 11:57:18.283 Thread 'MainThread': missing ScriptRunContext! This warning can be ignored when running in bare mode.
----------------------------- Captured log setup ------------------------------
INFO     src.core.cache:cache.py:164 Cache cleared
D:\Projet_streamlit\assistant_matanne\tests\services\test_phase11_recipes_shopping.py:58: TypeError: RecetteService.__init__() takes 1 positional argument but 2 were given
E   TypeError: RecetteService.__init__() takes 1 positional argument but 2 were given
---------------------------- Captured stdout setup ----------------------------
[32mINFO[0m | src.core.cache            | Cache cleared
---------------------------- Captured stderr setup ----------------------------
2026-02-06 11:57:18.289 Thread 'MainThread': missing ScriptRunContext! This warning can be ignored when running in bare mode.
2026-02-06 11:57:18.289 Thread 'MainThread': missing ScriptRunContext! This warning can be ignored when running in bare mode.
2026-02-06 11:57:18.290 Thread 'MainThread': missing ScriptRunContext! This warning can be ignored when running in bare mode.
2026-02-06 11:57:18.290 Thread 'MainThread': missing ScriptRunContext! This warning can be ignored when running in bare mode.
2026-02-06 11:57:18.290 Thread 'MainThread': missing ScriptRunContext! This warning can be ignored when running in bare mode.
2026-02-06 11:57:18.290 Thread 'MainThread': missing ScriptRunContext! This warning can be ignored when running in bare mode.
2026-02-06 11:57:18.290 Thread 'MainThread': missing ScriptRunContext! This warning can be ignored when running in bare mode.
2026-02-06 11:57:18.290 Thread 'MainThread': missing ScriptRunContext! This warning can be ignored when running in bare mode.
2026-02-06 11:57:18.290 Thread 'MainThread': missing ScriptRunContext! This warning can be ignored when running in bare mode.
2026-02-06 11:57:18.290 Thread 'MainThread': missing ScriptRunContext! This warning can be ignored when running in bare mode.
2026-02-06 11:57:18.290 Thread 'MainThread': missing ScriptRunContext! This warning can be ignored when running in bare mode.
2026-02-06 11:57:18.290 Thread 'MainThread': missing ScriptRunContext! This warning can be ignored when running in bare mode.
----------------------------- Captured log setup ------------------------------
INFO     src.core.cache:cache.py:164 Cache cleared
D:\Projet_streamlit\assistant_matanne\tests\services\test_phase11_recipes_shopping.py:83: TypeError: RecetteService.__init__() takes 1 positional argument but 2 were given
E   TypeError: RecetteService.__init__() takes 1 positional argument but 2 were given
---------------------------- Captured stdout setup ----------------------------
[32mINFO[0m | src.core.cache            | Cache cleared
---------------------------- Captured stderr setup ----------------------------
2026-02-06 11:57:18.296 Thread 'MainThread': missing ScriptRunContext! This warning can be ignored when running in bare mode.
2026-02-06 11:57:18.296 Thread 'MainThread': missing ScriptRunContext! This warning can be ignored when running in bare mode.
2026-02-06 11:57:18.296 Thread 'MainThread': missing ScriptRunContext! This warning can be ignored when running in bare mode.
2026-02-06 11:57:18.296 Thread 'MainThread': missing ScriptRunContext! This warning can be ignored when running in bare mode.
2026-02-06 11:57:18.296 Thread 'MainThread': missing ScriptRunContext! This warning can be ignored when running in bare mode.
2026-02-06 11:57:18.296 Thread 'MainThread': missing ScriptRunContext! This warning can be ignored when running in bare mode.
2026-02-06 11:57:18.297 Thread 'MainThread': missing ScriptRunContext! This warning can be ignored when running in bare mode.
2026-02-06 11:57:18.297 Thread 'MainThread': missing ScriptRunContext! This warning can be ignored when running in bare mode.
2026-02-06 11:57:18.297 Thread 'MainThread': missing ScriptRunContext! This warning can be ignored when running in bare mode.
2026-02-06 11:57:18.297 Thread 'MainThread': missing ScriptRunContext! This warning can be ignored when running in bare mode.
2026-02-06 11:57:18.297 Thread 'MainThread': missing ScriptRunContext! This warning can be ignored when running in bare mode.
2026-02-06 11:57:18.297 Thread 'MainThread': missing ScriptRunContext! This warning can be ignored when running in bare mode.
----------------------------- Captured log setup ------------------------------
INFO     src.core.cache:cache.py:164 Cache cleared
D:\Projet_streamlit\assistant_matanne\tests\services\test_phase11_recipes_shopping.py:109: TypeError: RecetteService.__init__() takes 1 positional argument but 2 were given
E   TypeError: RecetteService.__init__() takes 1 positional argument but 2 were given
---------------------------- Captured stdout setup ----------------------------
[32mINFO[0m | src.core.cache            | Cache cleared
---------------------------- Captured stderr setup ----------------------------
2026-02-06 11:57:18.303 Thread 'MainThread': missing ScriptRunContext! This warning can be ignored when running in bare mode.
2026-02-06 11:57:18.303 Thread 'MainThread': missing ScriptRunContext! This warning can be ignored when running in bare mode.
2026-02-06 11:57:18.303 Thread 'MainThread': missing ScriptRunContext! This warning can be ignored when running in bare mode.
2026-02-06 11:57:18.303 Thread 'MainThread': missing ScriptRunContext! This warning can be ignored when running in bare mode.
2026-02-06 11:57:18.303 Thread 'MainThread': missing ScriptRunContext! This warning can be ignored when running in bare mode.
2026-02-06 11:57:18.303 Thread 'MainThread': missing ScriptRunContext! This warning can be ignored when running in bare mode.
2026-02-06 11:57:18.303 Thread 'MainThread': missing ScriptRunContext! This warning can be ignored when running in bare mode.
2026-02-06 11:57:18.303 Thread 'MainThread': missing ScriptRunContext! This warning can be ignored when running in bare mode.
2026-02-06 11:57:18.303 Thread 'MainThread': missing ScriptRunContext! This warning can be ignored when running in bare mode.
2026-02-06 11:57:18.303 Thread 'MainThread': missing ScriptRunContext! This warning can be ignored when running in bare mode.
2026-02-06 11:57:18.303 Thread 'MainThread': missing ScriptRunContext! This warning can be ignored when running in bare mode.
2026-02-06 11:57:18.303 Thread 'MainThread': missing ScriptRunContext! This warning can be ignored when running in bare mode.
----------------------------- Captured log setup ------------------------------
INFO     src.core.cache:cache.py:164 Cache cleared
D:\Projet_streamlit\assistant_matanne\tests\services\test_phase11_recipes_shopping.py:152: TypeError: RecetteService.__init__() takes 1 positional argument but 2 were given
E   TypeError: RecetteService.__init__() takes 1 positional argument but 2 were given
---------------------------- Captured stdout setup ----------------------------
[32mINFO[0m | src.core.cache            | Cache cleared
---------------------------- Captured stderr setup ----------------------------
2026-02-06 11:57:18.310 Thread 'MainThread': missing ScriptRunContext! This warning can be ignored when running in bare mode.
2026-02-06 11:57:18.310 Thread 'MainThread': missing ScriptRunContext! This warning can be ignored when running in bare mode.
2026-02-06 11:57:18.310 Thread 'MainThread': missing ScriptRunContext! This warning can be ignored when running in bare mode.
2026-02-06 11:57:18.310 Thread 'MainThread': missing ScriptRunContext! This warning can be ignored when running in bare mode.
2026-02-06 11:57:18.310 Thread 'MainThread': missing ScriptRunContext! This warning can be ignored when running in bare mode.
2026-02-06 11:57:18.310 Thread 'MainThread': missing ScriptRunContext! This warning can be ignored when running in bare mode.
2026-02-06 11:57:18.310 Thread 'MainThread': missing ScriptRunContext! This warning can be ignored when running in bare mode.
2026-02-06 11:57:18.310 Thread 'MainThread': missing ScriptRunContext! This warning can be ignored when running in bare mode.
2026-02-06 11:57:18.310 Thread 'MainThread': missing ScriptRunContext! This warning can be ignored when running in bare mode.
2026-02-06 11:57:18.310 Thread 'MainThread': missing ScriptRunContext! This warning can be ignored when running in bare mode.
2026-02-06 11:57:18.310 Thread 'MainThread': missing ScriptRunContext! This warning can be ignored when running in bare mode.
2026-02-06 11:57:18.310 Thread 'MainThread': missing ScriptRunContext! This warning can be ignored when running in bare mode.
----------------------------- Captured log setup ------------------------------
INFO     src.core.cache:cache.py:164 Cache cleared
D:\Projet_streamlit\assistant_matanne\tests\services\test_phase11_recipes_shopping.py:175: TypeError: RecetteService.__init__() takes 1 positional argument but 2 were given
E   TypeError: RecetteService.__init__() takes 1 positional argument but 2 were given
---------------------------- Captured stdout setup ----------------------------
[32mINFO[0m | src.core.cache            | Cache cleared
---------------------------- Captured stderr setup ----------------------------
2026-02-06 11:57:18.318 Thread 'MainThread': missing ScriptRunContext! This warning can be ignored when running in bare mode.
2026-02-06 11:57:18.318 Thread 'MainThread': missing ScriptRunContext! This warning can be ignored when running in bare mode.
2026-02-06 11:57:18.318 Thread 'MainThread': missing ScriptRunContext! This warning can be ignored when running in bare mode.
2026-02-06 11:57:18.318 Thread 'MainThread': missing ScriptRunContext! This warning can be ignored when running in bare mode.
2026-02-06 11:57:18.318 Thread 'MainThread': missing ScriptRunContext! This warning can be ignored when running in bare mode.
2026-02-06 11:57:18.318 Thread 'MainThread': missing ScriptRunContext! This warning can be ignored when running in bare mode.
2026-02-06 11:57:18.318 Thread 'MainThread': missing ScriptRunContext! This warning can be ignored when running in bare mode.
2026-02-06 11:57:18.318 Thread 'MainThread': missing ScriptRunContext! This warning can be ignored when running in bare mode.
2026-02-06 11:57:18.318 Thread 'MainThread': missing ScriptRunContext! This warning can be ignored when running in bare mode.
2026-02-06 11:57:18.319 Thread 'MainThread': missing ScriptRunContext! This warning can be ignored when running in bare mode.
2026-02-06 11:57:18.319 Thread 'MainThread': missing ScriptRunContext! This warning can be ignored when running in bare mode.
2026-02-06 11:57:18.319 Thread 'MainThread': missing ScriptRunContext! This warning can be ignored when running in bare mode.
----------------------------- Captured log setup ------------------------------
INFO     src.core.cache:cache.py:164 Cache cleared
D:\Projet_streamlit\assistant_matanne\tests\services\test_phase11_recipes_shopping.py:203: TypeError: RecetteService.__init__() takes 1 positional argument but 2 were given
E   TypeError: RecetteService.__init__() takes 1 positional argument but 2 were given
---------------------------- Captured stdout setup ----------------------------
[32mINFO[0m | src.core.cache            | Cache cleared
---------------------------- Captured stderr setup ----------------------------
2026-02-06 11:57:18.324 Thread 'MainThread': missing ScriptRunContext! This warning can be ignored when running in bare mode.
2026-02-06 11:57:18.324 Thread 'MainThread': missing ScriptRunContext! This warning can be ignored when running in bare mode.
2026-02-06 11:57:18.324 Thread 'MainThread': missing ScriptRunContext! This warning can be ignored when running in bare mode.
2026-02-06 11:57:18.324 Thread 'MainThread': missing ScriptRunContext! This warning can be ignored when running in bare mode.
2026-02-06 11:57:18.324 Thread 'MainThread': missing ScriptRunContext! This warning can be ignored when running in bare mode.
2026-02-06 11:57:18.324 Thread 'MainThread': missing ScriptRunContext! This warning can be ignored when running in bare mode.
2026-02-06 11:57:18.324 Thread 'MainThread': missing ScriptRunContext! This warning can be ignored when running in bare mode.
2026-02-06 11:57:18.324 Thread 'MainThread': missing ScriptRunContext! This warning can be ignored when running in bare mode.
2026-02-06 11:57:18.325 Thread 'MainThread': missing ScriptRunContext! This warning can be ignored when running in bare mode.
2026-02-06 11:57:18.325 Thread 'MainThread': missing ScriptRunContext! This warning can be ignored when running in bare mode.
2026-02-06 11:57:18.325 Thread 'MainThread': missing ScriptRunContext! This warning can be ignored when running in bare mode.
2026-02-06 11:57:18.325 Thread 'MainThread': missing ScriptRunContext! This warning can be ignored when running in bare mode.
----------------------------- Captured log setup ------------------------------
INFO     src.core.cache:cache.py:164 Cache cleared
D:\Projet_streamlit\assistant_matanne\tests\services\test_phase11_recipes_shopping.py:220: TypeError: RecetteService.__init__() takes 1 positional argument but 2 were given
E   TypeError: RecetteService.__init__() takes 1 positional argument but 2 were given
---------------------------- Captured stdout setup ----------------------------
[32mINFO[0m | src.core.cache            | Cache cleared
---------------------------- Captured stderr setup ----------------------------
2026-02-06 11:57:18.330 Thread 'MainThread': missing ScriptRunContext! This warning can be ignored when running in bare mode.
2026-02-06 11:57:18.331 Thread 'MainThread': missing ScriptRunContext! This warning can be ignored when running in bare mode.
2026-02-06 11:57:18.331 Thread 'MainThread': missing ScriptRunContext! This warning can be ignored when running in bare mode.
2026-02-06 11:57:18.331 Thread 'MainThread': missing ScriptRunContext! This warning can be ignored when running in bare mode.
2026-02-06 11:57:18.331 Thread 'MainThread': missing ScriptRunContext! This warning can be ignored when running in bare mode.
2026-02-06 11:57:18.331 Thread 'MainThread': missing ScriptRunContext! This warning can be ignored when running in bare mode.
2026-02-06 11:57:18.331 Thread 'MainThread': missing ScriptRunContext! This warning can be ignored when running in bare mode.
2026-02-06 11:57:18.331 Thread 'MainThread': missing ScriptRunContext! This warning can be ignored when running in bare mode.
2026-02-06 11:57:18.331 Thread 'MainThread': missing ScriptRunContext! This warning can be ignored when running in bare mode.
2026-02-06 11:57:18.331 Thread 'MainThread': missing ScriptRunContext! This warning can be ignored when running in bare mode.
2026-02-06 11:57:18.331 Thread 'MainThread': missing ScriptRunContext! This warning can be ignored when running in bare mode.
2026-02-06 11:57:18.331 Thread 'MainThread': missing ScriptRunContext! This warning can be ignored when running in bare mode.
----------------------------- Captured log setup ------------------------------
INFO     src.core.cache:cache.py:164 Cache cleared
D:\Projet_streamlit\assistant_matanne\tests\services\test_phase11_recipes_shopping.py:241: TypeError: RecetteService.__init__() takes 1 positional argument but 2 were given
E   TypeError: CoursesService.__init__() takes 1 positional argument but 2 were given
---------------------------- Captured stdout setup ----------------------------
[32mINFO[0m | src.core.cache            | Cache cleared
---------------------------- Captured stderr setup ----------------------------
2026-02-06 11:57:18.337 Thread 'MainThread': missing ScriptRunContext! This warning can be ignored when running in bare mode.
2026-02-06 11:57:18.337 Thread 'MainThread': missing ScriptRunContext! This warning can be ignored when running in bare mode.
2026-02-06 11:57:18.337 Thread 'MainThread': missing ScriptRunContext! This warning can be ignored when running in bare mode.
2026-02-06 11:57:18.337 Thread 'MainThread': missing ScriptRunContext! This warning can be ignored when running in bare mode.
2026-02-06 11:57:18.337 Thread 'MainThread': missing ScriptRunContext! This warning can be ignored when running in bare mode.
2026-02-06 11:57:18.337 Thread 'MainThread': missing ScriptRunContext! This warning can be ignored when running in bare mode.
2026-02-06 11:57:18.337 Thread 'MainThread': missing ScriptRunContext! This warning can be ignored when running in bare mode.
2026-02-06 11:57:18.337 Thread 'MainThread': missing ScriptRunContext! This warning can be ignored when running in bare mode.
2026-02-06 11:57:18.337 Thread 'MainThread': missing ScriptRunContext! This warning can be ignored when running in bare mode.
2026-02-06 11:57:18.337 Thread 'MainThread': missing ScriptRunContext! This warning can be ignored when running in bare mode.
2026-02-06 11:57:18.337 Thread 'MainThread': missing ScriptRunContext! This warning can be ignored when running in bare mode.
2026-02-06 11:57:18.337 Thread 'MainThread': missing ScriptRunContext! This warning can be ignored when running in bare mode.
----------------------------- Captured log setup ------------------------------
INFO     src.core.cache:cache.py:164 Cache cleared
D:\Projet_streamlit\assistant_matanne\tests\services\test_phase11_recipes_shopping.py:261: TypeError: CoursesService.__init__() takes 1 positional argument but 2 were given
E   TypeError: CoursesService.__init__() takes 1 positional argument but 2 were given
---------------------------- Captured stdout setup ----------------------------
[32mINFO[0m | src.core.cache            | Cache cleared
---------------------------- Captured stderr setup ----------------------------
2026-02-06 11:57:18.343 Thread 'MainThread': missing ScriptRunContext! This warning can be ignored when running in bare mode.
2026-02-06 11:57:18.343 Thread 'MainThread': missing ScriptRunContext! This warning can be ignored when running in bare mode.
2026-02-06 11:57:18.343 Thread 'MainThread': missing ScriptRunContext! This warning can be ignored when running in bare mode.
2026-02-06 11:57:18.343 Thread 'MainThread': missing ScriptRunContext! This warning can be ignored when running in bare mode.
2026-02-06 11:57:18.343 Thread 'MainThread': missing ScriptRunContext! This warning can be ignored when running in bare mode.
2026-02-06 11:57:18.343 Thread 'MainThread': missing ScriptRunContext! This warning can be ignored when running in bare mode.
2026-02-06 11:57:18.343 Thread 'MainThread': missing ScriptRunContext! This warning can be ignored when running in bare mode.
2026-02-06 11:57:18.343 Thread 'MainThread': missing ScriptRunContext! This warning can be ignored when running in bare mode.
2026-02-06 11:57:18.343 Thread 'MainThread': missing ScriptRunContext! This warning can be ignored when running in bare mode.
2026-02-06 11:57:18.343 Thread 'MainThread': missing ScriptRunContext! This warning can be ignored when running in bare mode.
2026-02-06 11:57:18.343 Thread 'MainThread': missing ScriptRunContext! This warning can be ignored when running in bare mode.
2026-02-06 11:57:18.343 Thread 'MainThread': missing ScriptRunContext! This warning can be ignored when running in bare mode.
----------------------------- Captured log setup ------------------------------
INFO     src.core.cache:cache.py:164 Cache cleared
D:\Projet_streamlit\assistant_matanne\tests\services\test_phase11_recipes_shopping.py:284: TypeError: CoursesService.__init__() takes 1 positional argument but 2 were given
E   TypeError: CoursesService.__init__() takes 1 positional argument but 2 were given
---------------------------- Captured stdout setup ----------------------------
[32mINFO[0m | src.core.cache            | Cache cleared
---------------------------- Captured stderr setup ----------------------------
2026-02-06 11:57:18.349 Thread 'MainThread': missing ScriptRunContext! This warning can be ignored when running in bare mode.
2026-02-06 11:57:18.349 Thread 'MainThread': missing ScriptRunContext! This warning can be ignored when running in bare mode.
2026-02-06 11:57:18.349 Thread 'MainThread': missing ScriptRunContext! This warning can be ignored when running in bare mode.
2026-02-06 11:57:18.349 Thread 'MainThread': missing ScriptRunContext! This warning can be ignored when running in bare mode.
2026-02-06 11:57:18.349 Thread 'MainThread': missing ScriptRunContext! This warning can be ignored when running in bare mode.
2026-02-06 11:57:18.349 Thread 'MainThread': missing ScriptRunContext! This warning can be ignored when running in bare mode.
2026-02-06 11:57:18.349 Thread 'MainThread': missing ScriptRunContext! This warning can be ignored when running in bare mode.
2026-02-06 11:57:18.349 Thread 'MainThread': missing ScriptRunContext! This warning can be ignored when running in bare mode.
2026-02-06 11:57:18.349 Thread 'MainThread': missing ScriptRunContext! This warning can be ignored when running in bare mode.
2026-02-06 11:57:18.349 Thread 'MainThread': missing ScriptRunContext! This warning can be ignored when running in bare mode.
2026-02-06 11:57:18.349 Thread 'MainThread': missing ScriptRunContext! This warning can be ignored when running in bare mode.
2026-02-06 11:57:18.349 Thread 'MainThread': missing ScriptRunContext! This warning can be ignored when running in bare mode.
----------------------------- Captured log setup ------------------------------
INFO     src.core.cache:cache.py:164 Cache cleared
D:\Projet_streamlit\assistant_matanne\tests\services\test_phase11_recipes_shopping.py:306: TypeError: CoursesService.__init__() takes 1 positional argument but 2 were given
E   TypeError: CoursesService.__init__() takes 1 positional argument but 2 were given
---------------------------- Captured stdout setup ----------------------------
[32mINFO[0m | src.core.cache            | Cache cleared
---------------------------- Captured stderr setup ----------------------------
2026-02-06 11:57:18.355 Thread 'MainThread': missing ScriptRunContext! This warning can be ignored when running in bare mode.
2026-02-06 11:57:18.355 Thread 'MainThread': missing ScriptRunContext! This warning can be ignored when running in bare mode.
2026-02-06 11:57:18.355 Thread 'MainThread': missing ScriptRunContext! This warning can be ignored when running in bare mode.
2026-02-06 11:57:18.355 Thread 'MainThread': missing ScriptRunContext! This warning can be ignored when running in bare mode.
2026-02-06 11:57:18.355 Thread 'MainThread': missing ScriptRunContext! This warning can be ignored when running in bare mode.
2026-02-06 11:57:18.355 Thread 'MainThread': missing ScriptRunContext! This warning can be ignored when running in bare mode.
2026-02-06 11:57:18.355 Thread 'MainThread': missing ScriptRunContext! This warning can be ignored when running in bare mode.
2026-02-06 11:57:18.355 Thread 'MainThread': missing ScriptRunContext! This warning can be ignored when running in bare mode.
2026-02-06 11:57:18.355 Thread 'MainThread': missing ScriptRunContext! This warning can be ignored when running in bare mode.
2026-02-06 11:57:18.355 Thread 'MainThread': missing ScriptRunContext! This warning can be ignored when running in bare mode.
2026-02-06 11:57:18.355 Thread 'MainThread': missing ScriptRunContext! This warning can be ignored when running in bare mode.
2026-02-06 11:57:18.355 Thread 'MainThread': missing ScriptRunContext! This warning can be ignored when running in bare mode.
----------------------------- Captured log setup ------------------------------
INFO     src.core.cache:cache.py:164 Cache cleared
D:\Projet_streamlit\assistant_matanne\tests\services\test_phase11_recipes_shopping.py:326: TypeError: CoursesService.__init__() takes 1 positional argument but 2 were given
E   TypeError: CoursesService.__init__() takes 1 positional argument but 2 were given
---------------------------- Captured stdout setup ----------------------------
[32mINFO[0m | src.core.cache            | Cache cleared
---------------------------- Captured stderr setup ----------------------------
2026-02-06 11:57:18.361 Thread 'MainThread': missing ScriptRunContext! This warning can be ignored when running in bare mode.
2026-02-06 11:57:18.361 Thread 'MainThread': missing ScriptRunContext! This warning can be ignored when running in bare mode.
2026-02-06 11:57:18.361 Thread 'MainThread': missing ScriptRunContext! This warning can be ignored when running in bare mode.
2026-02-06 11:57:18.361 Thread 'MainThread': missing ScriptRunContext! This warning can be ignored when running in bare mode.
2026-02-06 11:57:18.361 Thread 'MainThread': missing ScriptRunContext! This warning can be ignored when running in bare mode.
2026-02-06 11:57:18.361 Thread 'MainThread': missing ScriptRunContext! This warning can be ignored when running in bare mode.
2026-02-06 11:57:18.361 Thread 'MainThread': missing ScriptRunContext! This warning can be ignored when running in bare mode.
2026-02-06 11:57:18.361 Thread 'MainThread': missing ScriptRunContext! This warning can be ignored when running in bare mode.
2026-02-06 11:57:18.361 Thread 'MainThread': missing ScriptRunContext! This warning can be ignored when running in bare mode.
2026-02-06 11:57:18.361 Thread 'MainThread': missing ScriptRunContext! This warning can be ignored when running in bare mode.
2026-02-06 11:57:18.361 Thread 'MainThread': missing ScriptRunContext! This warning can be ignored when running in bare mode.
2026-02-06 11:57:18.361 Thread 'MainThread': missing ScriptRunContext! This warning can be ignored when running in bare mode.
----------------------------- Captured log setup ------------------------------
INFO     src.core.cache:cache.py:164 Cache cleared
D:\Projet_streamlit\assistant_matanne\tests\services\test_phase11_recipes_shopping.py:351: TypeError: CoursesService.__init__() takes 1 positional argument but 2 were given
E   TypeError: CoursesService.__init__() takes 1 positional argument but 2 were given
---------------------------- Captured stdout setup ----------------------------
[32mINFO[0m | src.core.cache            | Cache cleared
---------------------------- Captured stderr setup ----------------------------
2026-02-06 11:57:18.366 Thread 'MainThread': missing ScriptRunContext! This warning can be ignored when running in bare mode.
2026-02-06 11:57:18.366 Thread 'MainThread': missing ScriptRunContext! This warning can be ignored when running in bare mode.
2026-02-06 11:57:18.367 Thread 'MainThread': missing ScriptRunContext! This warning can be ignored when running in bare mode.
2026-02-06 11:57:18.367 Thread 'MainThread': missing ScriptRunContext! This warning can be ignored when running in bare mode.
2026-02-06 11:57:18.367 Thread 'MainThread': missing ScriptRunContext! This warning can be ignored when running in bare mode.
2026-02-06 11:57:18.367 Thread 'MainThread': missing ScriptRunContext! This warning can be ignored when running in bare mode.
2026-02-06 11:57:18.367 Thread 'MainThread': missing ScriptRunContext! This warning can be ignored when running in bare mode.
2026-02-06 11:57:18.367 Thread 'MainThread': missing ScriptRunContext! This warning can be ignored when running in bare mode.
2026-02-06 11:57:18.367 Thread 'MainThread': missing ScriptRunContext! This warning can be ignored when running in bare mode.
2026-02-06 11:57:18.367 Thread 'MainThread': missing ScriptRunContext! This warning can be ignored when running in bare mode.
2026-02-06 11:57:18.367 Thread 'MainThread': missing ScriptRunContext! This warning can be ignored when running in bare mode.
2026-02-06 11:57:18.367 Thread 'MainThread': missing ScriptRunContext! This warning can be ignored when running in bare mode.
----------------------------- Captured log setup ------------------------------
INFO     src.core.cache:cache.py:164 Cache cleared
D:\Projet_streamlit\assistant_matanne\tests\services\test_phase11_recipes_shopping.py:369: TypeError: CoursesService.__init__() takes 1 positional argument but 2 were given
E   TypeError: RecetteService.__init__() takes 1 positional argument but 2 were given
---------------------------- Captured stdout setup ----------------------------
[32mINFO[0m | src.core.cache            | Cache cleared
---------------------------- Captured stderr setup ----------------------------
2026-02-06 11:57:18.378 Thread 'MainThread': missing ScriptRunContext! This warning can be ignored when running in bare mode.
2026-02-06 11:57:18.378 Thread 'MainThread': missing ScriptRunContext! This warning can be ignored when running in bare mode.
2026-02-06 11:57:18.378 Thread 'MainThread': missing ScriptRunContext! This warning can be ignored when running in bare mode.
2026-02-06 11:57:18.379 Thread 'MainThread': missing ScriptRunContext! This warning can be ignored when running in bare mode.
2026-02-06 11:57:18.379 Thread 'MainThread': missing ScriptRunContext! This warning can be ignored when running in bare mode.
2026-02-06 11:57:18.379 Thread 'MainThread': missing ScriptRunContext! This warning can be ignored when running in bare mode.
2026-02-06 11:57:18.379 Thread 'MainThread': missing ScriptRunContext! This warning can be ignored when running in bare mode.
2026-02-06 11:57:18.379 Thread 'MainThread': missing ScriptRunContext! This warning can be ignored when running in bare mode.
2026-02-06 11:57:18.379 Thread 'MainThread': missing ScriptRunContext! This warning can be ignored when running in bare mode.
2026-02-06 11:57:18.379 Thread 'MainThread': missing ScriptRunContext! This warning can be ignored when running in bare mode.
2026-02-06 11:57:18.379 Thread 'MainThread': missing ScriptRunContext! This warning can be ignored when running in bare mode.
2026-02-06 11:57:18.379 Thread 'MainThread': missing ScriptRunContext! This warning can be ignored when running in bare mode.
----------------------------- Captured log setup ------------------------------
INFO     src.core.cache:cache.py:164 Cache cleared
D:\Projet_streamlit\assistant_matanne\tests\services\test_phase11_recipes_shopping.py:395: TypeError: RecetteService.__init__() takes 1 positional argument but 2 were given
E   TypeError: RecetteService.__init__() takes 1 positional argument but 2 were given
---------------------------- Captured stdout setup ----------------------------
[32mINFO[0m | src.core.cache            | Cache cleared
---------------------------- Captured stderr setup ----------------------------
2026-02-06 11:57:18.386 Thread 'MainThread': missing ScriptRunContext! This warning can be ignored when running in bare mode.
2026-02-06 11:57:18.386 Thread 'MainThread': missing ScriptRunContext! This warning can be ignored when running in bare mode.
2026-02-06 11:57:18.387 Thread 'MainThread': missing ScriptRunContext! This warning can be ignored when running in bare mode.
2026-02-06 11:57:18.387 Thread 'MainThread': missing ScriptRunContext! This warning can be ignored when running in bare mode.
2026-02-06 11:57:18.387 Thread 'MainThread': missing ScriptRunContext! This warning can be ignored when running in bare mode.
2026-02-06 11:57:18.387 Thread 'MainThread': missing ScriptRunContext! This warning can be ignored when running in bare mode.
2026-02-06 11:57:18.387 Thread 'MainThread': missing ScriptRunContext! This warning can be ignored when running in bare mode.
2026-02-06 11:57:18.387 Thread 'MainThread': missing ScriptRunContext! This warning can be ignored when running in bare mode.
2026-02-06 11:57:18.387 Thread 'MainThread': missing ScriptRunContext! This warning can be ignored when running in bare mode.
2026-02-06 11:57:18.387 Thread 'MainThread': missing ScriptRunContext! This warning can be ignored when running in bare mode.
2026-02-06 11:57:18.387 Thread 'MainThread': missing ScriptRunContext! This warning can be ignored when running in bare mode.
2026-02-06 11:57:18.387 Thread 'MainThread': missing ScriptRunContext! This warning can be ignored when running in bare mode.
----------------------------- Captured log setup ------------------------------
INFO     src.core.cache:cache.py:164 Cache cleared
D:\Projet_streamlit\assistant_matanne\tests\services\test_phase11_recipes_shopping.py:409: TypeError: RecetteService.__init__() takes 1 positional argument but 2 were given
E   TypeError: RecetteService.__init__() takes 1 positional argument but 2 were given
---------------------------- Captured stdout setup ----------------------------
[32mINFO[0m | src.core.cache            | Cache cleared
---------------------------- Captured stderr setup ----------------------------
2026-02-06 11:57:18.392 Thread 'MainThread': missing ScriptRunContext! This warning can be ignored when running in bare mode.
2026-02-06 11:57:18.392 Thread 'MainThread': missing ScriptRunContext! This warning can be ignored when running in bare mode.
2026-02-06 11:57:18.392 Thread 'MainThread': missing ScriptRunContext! This warning can be ignored when running in bare mode.
2026-02-06 11:57:18.392 Thread 'MainThread': missing ScriptRunContext! This warning can be ignored when running in bare mode.
2026-02-06 11:57:18.392 Thread 'MainThread': missing ScriptRunContext! This warning can be ignored when running in bare mode.
2026-02-06 11:57:18.393 Thread 'MainThread': missing ScriptRunContext! This warning can be ignored when running in bare mode.
2026-02-06 11:57:18.393 Thread 'MainThread': missing ScriptRunContext! This warning can be ignored when running in bare mode.
2026-02-06 11:57:18.393 Thread 'MainThread': missing ScriptRunContext! This warning can be ignored when running in bare mode.
2026-02-06 11:57:18.393 Thread 'MainThread': missing ScriptRunContext! This warning can be ignored when running in bare mode.
2026-02-06 11:57:18.393 Thread 'MainThread': missing ScriptRunContext! This warning can be ignored when running in bare mode.
2026-02-06 11:57:18.393 Thread 'MainThread': missing ScriptRunContext! This warning can be ignored when running in bare mode.
2026-02-06 11:57:18.393 Thread 'MainThread': missing ScriptRunContext! This warning can be ignored when running in bare mode.
----------------------------- Captured log setup ------------------------------
INFO     src.core.cache:cache.py:164 Cache cleared
D:\Projet_streamlit\assistant_matanne\tests\services\test_phase11_recipes_shopping.py:424: TypeError: RecetteService.__init__() takes 1 positional argument but 2 were given
E   TypeError: RecetteService.__init__() takes 1 positional argument but 2 were given
---------------------------- Captured stdout setup ----------------------------
[32mINFO[0m | src.core.cache            | Cache cleared
---------------------------- Captured stderr setup ----------------------------
2026-02-06 11:57:18.398 Thread 'MainThread': missing ScriptRunContext! This warning can be ignored when running in bare mode.
2026-02-06 11:57:18.398 Thread 'MainThread': missing ScriptRunContext! This warning can be ignored when running in bare mode.
2026-02-06 11:57:18.398 Thread 'MainThread': missing ScriptRunContext! This warning can be ignored when running in bare mode.
2026-02-06 11:57:18.398 Thread 'MainThread': missing ScriptRunContext! This warning can be ignored when running in bare mode.
2026-02-06 11:57:18.398 Thread 'MainThread': missing ScriptRunContext! This warning can be ignored when running in bare mode.
2026-02-06 11:57:18.398 Thread 'MainThread': missing ScriptRunContext! This warning can be ignored when running in bare mode.
2026-02-06 11:57:18.399 Thread 'MainThread': missing ScriptRunContext! This warning can be ignored when running in bare mode.
2026-02-06 11:57:18.399 Thread 'MainThread': missing ScriptRunContext! This warning can be ignored when running in bare mode.
2026-02-06 11:57:18.399 Thread 'MainThread': missing ScriptRunContext! This warning can be ignored when running in bare mode.
2026-02-06 11:57:18.399 Thread 'MainThread': missing ScriptRunContext! This warning can be ignored when running in bare mode.
2026-02-06 11:57:18.399 Thread 'MainThread': missing ScriptRunContext! This warning can be ignored when running in bare mode.
2026-02-06 11:57:18.399 Thread 'MainThread': missing ScriptRunContext! This warning can be ignored when running in bare mode.
----------------------------- Captured log setup ------------------------------
INFO     src.core.cache:cache.py:164 Cache cleared
D:\Projet_streamlit\assistant_matanne\tests\services\test_phase11_recipes_shopping.py:440: TypeError: RecetteService.__init__() takes 1 positional argument but 2 were given
E   TypeError: RecetteService.__init__() takes 1 positional argument but 2 were given
---------------------------- Captured stdout setup ----------------------------
[32mINFO[0m | src.core.cache            | Cache cleared
---------------------------- Captured stderr setup ----------------------------
2026-02-06 11:57:18.404 Thread 'MainThread': missing ScriptRunContext! This warning can be ignored when running in bare mode.
2026-02-06 11:57:18.404 Thread 'MainThread': missing ScriptRunContext! This warning can be ignored when running in bare mode.
2026-02-06 11:57:18.404 Thread 'MainThread': missing ScriptRunContext! This warning can be ignored when running in bare mode.
2026-02-06 11:57:18.404 Thread 'MainThread': missing ScriptRunContext! This warning can be ignored when running in bare mode.
2026-02-06 11:57:18.404 Thread 'MainThread': missing ScriptRunContext! This warning can be ignored when running in bare mode.
2026-02-06 11:57:18.404 Thread 'MainThread': missing ScriptRunContext! This warning can be ignored when running in bare mode.
2026-02-06 11:57:18.404 Thread 'MainThread': missing ScriptRunContext! This warning can be ignored when running in bare mode.
2026-02-06 11:57:18.404 Thread 'MainThread': missing ScriptRunContext! This warning can be ignored when running in bare mode.
2026-02-06 11:57:18.404 Thread 'MainThread': missing ScriptRunContext! This warning can be ignored when running in bare mode.
2026-02-06 11:57:18.404 Thread 'MainThread': missing ScriptRunContext! This warning can be ignored when running in bare mode.
2026-02-06 11:57:18.405 Thread 'MainThread': missing ScriptRunContext! This warning can be ignored when running in bare mode.
2026-02-06 11:57:18.405 Thread 'MainThread': missing ScriptRunContext! This warning can be ignored when running in bare mode.
----------------------------- Captured log setup ------------------------------
INFO     src.core.cache:cache.py:164 Cache cleared
D:\Projet_streamlit\assistant_matanne\tests\services\test_phase11_recipes_shopping.py:460: TypeError: RecetteService.__init__() takes 1 positional argument but 2 were given
E   TypeError: RecetteService.__init__() takes 1 positional argument but 2 were given
---------------------------- Captured stdout setup ----------------------------
[32mINFO[0m | src.core.cache            | Cache cleared
---------------------------- Captured stderr setup ----------------------------
2026-02-06 11:57:18.411 Thread 'MainThread': missing ScriptRunContext! This warning can be ignored when running in bare mode.
2026-02-06 11:57:18.411 Thread 'MainThread': missing ScriptRunContext! This warning can be ignored when running in bare mode.
2026-02-06 11:57:18.411 Thread 'MainThread': missing ScriptRunContext! This warning can be ignored when running in bare mode.
2026-02-06 11:57:18.412 Thread 'MainThread': missing ScriptRunContext! This warning can be ignored when running in bare mode.
2026-02-06 11:57:18.412 Thread 'MainThread': missing ScriptRunContext! This warning can be ignored when running in bare mode.
2026-02-06 11:57:18.412 Thread 'MainThread': missing ScriptRunContext! This warning can be ignored when running in bare mode.
2026-02-06 11:57:18.412 Thread 'MainThread': missing ScriptRunContext! This warning can be ignored when running in bare mode.
2026-02-06 11:57:18.412 Thread 'MainThread': missing ScriptRunContext! This warning can be ignored when running in bare mode.
2026-02-06 11:57:18.412 Thread 'MainThread': missing ScriptRunContext! This warning can be ignored when running in bare mode.
2026-02-06 11:57:18.412 Thread 'MainThread': missing ScriptRunContext! This warning can be ignored when running in bare mode.
2026-02-06 11:57:18.412 Thread 'MainThread': missing ScriptRunContext! This warning can be ignored when running in bare mode.
2026-02-06 11:57:18.412 Thread 'MainThread': missing ScriptRunContext! This warning can be ignored when running in bare mode.
----------------------------- Captured log setup ------------------------------
INFO     src.core.cache:cache.py:164 Cache cleared
D:\Projet_streamlit\assistant_matanne\tests\services\test_phase11_recipes_shopping.py:481: TypeError: RecetteService.__init__() takes 1 positional argument but 2 were given
E   TypeError: RecetteService.__init__() takes 1 positional argument but 2 were given
---------------------------- Captured stdout setup ----------------------------
[32mINFO[0m | src.core.cache            | Cache cleared
---------------------------- Captured stderr setup ----------------------------
2026-02-06 11:57:18.420 Thread 'MainThread': missing ScriptRunContext! This warning can be ignored when running in bare mode.
2026-02-06 11:57:18.420 Thread 'MainThread': missing ScriptRunContext! This warning can be ignored when running in bare mode.
2026-02-06 11:57:18.421 Thread 'MainThread': missing ScriptRunContext! This warning can be ignored when running in bare mode.
2026-02-06 11:57:18.421 Thread 'MainThread': missing ScriptRunContext! This warning can be ignored when running in bare mode.
2026-02-06 11:57:18.421 Thread 'MainThread': missing ScriptRunContext! This warning can be ignored when running in bare mode.
2026-02-06 11:57:18.421 Thread 'MainThread': missing ScriptRunContext! This warning can be ignored when running in bare mode.
2026-02-06 11:57:18.421 Thread 'MainThread': missing ScriptRunContext! This warning can be ignored when running in bare mode.
2026-02-06 11:57:18.421 Thread 'MainThread': missing ScriptRunContext! This warning can be ignored when running in bare mode.
2026-02-06 11:57:18.421 Thread 'MainThread': missing ScriptRunContext! This warning can be ignored when running in bare mode.
2026-02-06 11:57:18.421 Thread 'MainThread': missing ScriptRunContext! This warning can be ignored when running in bare mode.
2026-02-06 11:57:18.421 Thread 'MainThread': missing ScriptRunContext! This warning can be ignored when running in bare mode.
2026-02-06 11:57:18.421 Thread 'MainThread': missing ScriptRunContext! This warning can be ignored when running in bare mode.
----------------------------- Captured log setup ------------------------------
INFO     src.core.cache:cache.py:164 Cache cleared
D:\Projet_streamlit\assistant_matanne\tests\services\test_phase11_recipes_shopping.py:493: TypeError: RecetteService.__init__() takes 1 positional argument but 2 were given
E   TypeError: RecetteService.__init__() takes 1 positional argument but 2 were given
---------------------------- Captured stdout setup ----------------------------
[32mINFO[0m | src.core.cache            | Cache cleared
---------------------------- Captured stderr setup ----------------------------
2026-02-06 11:57:18.427 Thread 'MainThread': missing ScriptRunContext! This warning can be ignored when running in bare mode.
2026-02-06 11:57:18.427 Thread 'MainThread': missing ScriptRunContext! This warning can be ignored when running in bare mode.
2026-02-06 11:57:18.427 Thread 'MainThread': missing ScriptRunContext! This warning can be ignored when running in bare mode.
2026-02-06 11:57:18.427 Thread 'MainThread': missing ScriptRunContext! This warning can be ignored when running in bare mode.
2026-02-06 11:57:18.427 Thread 'MainThread': missing ScriptRunContext! This warning can be ignored when running in bare mode.
2026-02-06 11:57:18.427 Thread 'MainThread': missing ScriptRunContext! This warning can be ignored when running in bare mode.
2026-02-06 11:57:18.427 Thread 'MainThread': missing ScriptRunContext! This warning can be ignored when running in bare mode.
2026-02-06 11:57:18.427 Thread 'MainThread': missing ScriptRunContext! This warning can be ignored when running in bare mode.
2026-02-06 11:57:18.427 Thread 'MainThread': missing ScriptRunContext! This warning can be ignored when running in bare mode.
2026-02-06 11:57:18.427 Thread 'MainThread': missing ScriptRunContext! This warning can be ignored when running in bare mode.
2026-02-06 11:57:18.428 Thread 'MainThread': missing ScriptRunContext! This warning can be ignored when running in bare mode.
2026-02-06 11:57:18.428 Thread 'MainThread': missing ScriptRunContext! This warning can be ignored when running in bare mode.
----------------------------- Captured log setup ------------------------------
INFO     src.core.cache:cache.py:164 Cache cleared
D:\Projet_streamlit\assistant_matanne\tests\services\test_phase11_recipes_shopping.py:507: TypeError: RecetteService.__init__() takes 1 positional argument but 2 were given
E   TypeError: RecetteService.__init__() takes 1 positional argument but 2 were given
---------------------------- Captured stdout setup ----------------------------
[32mINFO[0m | src.core.cache            | Cache cleared
---------------------------- Captured stderr setup ----------------------------
2026-02-06 11:57:18.435 Thread 'MainThread': missing ScriptRunContext! This warning can be ignored when running in bare mode.
2026-02-06 11:57:18.435 Thread 'MainThread': missing ScriptRunContext! This warning can be ignored when running in bare mode.
2026-02-06 11:57:18.435 Thread 'MainThread': missing ScriptRunContext! This warning can be ignored when running in bare mode.
2026-02-06 11:57:18.435 Thread 'MainThread': missing ScriptRunContext! This warning can be ignored when running in bare mode.
2026-02-06 11:57:18.435 Thread 'MainThread': missing ScriptRunContext! This warning can be ignored when running in bare mode.
2026-02-06 11:57:18.435 Thread 'MainThread': missing ScriptRunContext! This warning can be ignored when running in bare mode.
2026-02-06 11:57:18.435 Thread 'MainThread': missing ScriptRunContext! This warning can be ignored when running in bare mode.
2026-02-06 11:57:18.435 Thread 'MainThread': missing ScriptRunContext! This warning can be ignored when running in bare mode.
2026-02-06 11:57:18.435 Thread 'MainThread': missing ScriptRunContext! This warning can be ignored when running in bare mode.
2026-02-06 11:57:18.435 Thread 'MainThread': missing ScriptRunContext! This warning can be ignored when running in bare mode.
2026-02-06 11:57:18.435 Thread 'MainThread': missing ScriptRunContext! This warning can be ignored when running in bare mode.
2026-02-06 11:57:18.435 Thread 'MainThread': missing ScriptRunContext! This warning can be ignored when running in bare mode.
----------------------------- Captured log setup ------------------------------
INFO     src.core.cache:cache.py:164 Cache cleared
D:\Projet_streamlit\assistant_matanne\tests\services\test_phase12_edge_cases.py:37: TypeError: RecetteService.__init__() takes 1 positional argument but 2 were given
E   TypeError: CoursesService.__init__() takes 1 positional argument but 2 were given
---------------------------- Captured stdout setup ----------------------------
[32mINFO[0m | src.core.cache            | Cache cleared
---------------------------- Captured stderr setup ----------------------------
2026-02-06 11:57:18.442 Thread 'MainThread': missing ScriptRunContext! This warning can be ignored when running in bare mode.
2026-02-06 11:57:18.442 Thread 'MainThread': missing ScriptRunContext! This warning can be ignored when running in bare mode.
2026-02-06 11:57:18.442 Thread 'MainThread': missing ScriptRunContext! This warning can be ignored when running in bare mode.
2026-02-06 11:57:18.442 Thread 'MainThread': missing ScriptRunContext! This warning can be ignored when running in bare mode.
2026-02-06 11:57:18.442 Thread 'MainThread': missing ScriptRunContext! This warning can be ignored when running in bare mode.
2026-02-06 11:57:18.442 Thread 'MainThread': missing ScriptRunContext! This warning can be ignored when running in bare mode.
2026-02-06 11:57:18.442 Thread 'MainThread': missing ScriptRunContext! This warning can be ignored when running in bare mode.
2026-02-06 11:57:18.442 Thread 'MainThread': missing ScriptRunContext! This warning can be ignored when running in bare mode.
2026-02-06 11:57:18.442 Thread 'MainThread': missing ScriptRunContext! This warning can be ignored when running in bare mode.
2026-02-06 11:57:18.442 Thread 'MainThread': missing ScriptRunContext! This warning can be ignored when running in bare mode.
2026-02-06 11:57:18.443 Thread 'MainThread': missing ScriptRunContext! This warning can be ignored when running in bare mode.
2026-02-06 11:57:18.443 Thread 'MainThread': missing ScriptRunContext! This warning can be ignored when running in bare mode.
----------------------------- Captured log setup ------------------------------
INFO     src.core.cache:cache.py:164 Cache cleared
D:\Projet_streamlit\assistant_matanne\tests\services\test_phase12_edge_cases.py:83: TypeError: CoursesService.__init__() takes 1 positional argument but 2 were given
E   TypeError: InventaireService.__init__() takes 1 positional argument but 2 were given
---------------------------- Captured stdout setup ----------------------------
[32mINFO[0m | src.core.cache            | Cache cleared
---------------------------- Captured stderr setup ----------------------------
2026-02-06 11:57:18.450 Thread 'MainThread': missing ScriptRunContext! This warning can be ignored when running in bare mode.
2026-02-06 11:57:18.451 Thread 'MainThread': missing ScriptRunContext! This warning can be ignored when running in bare mode.
2026-02-06 11:57:18.451 Thread 'MainThread': missing ScriptRunContext! This warning can be ignored when running in bare mode.
2026-02-06 11:57:18.451 Thread 'MainThread': missing ScriptRunContext! This warning can be ignored when running in bare mode.
2026-02-06 11:57:18.451 Thread 'MainThread': missing ScriptRunContext! This warning can be ignored when running in bare mode.
2026-02-06 11:57:18.451 Thread 'MainThread': missing ScriptRunContext! This warning can be ignored when running in bare mode.
2026-02-06 11:57:18.451 Thread 'MainThread': missing ScriptRunContext! This warning can be ignored when running in bare mode.
2026-02-06 11:57:18.451 Thread 'MainThread': missing ScriptRunContext! This warning can be ignored when running in bare mode.
2026-02-06 11:57:18.451 Thread 'MainThread': missing ScriptRunContext! This warning can be ignored when running in bare mode.
2026-02-06 11:57:18.451 Thread 'MainThread': missing ScriptRunContext! This warning can be ignored when running in bare mode.
2026-02-06 11:57:18.451 Thread 'MainThread': missing ScriptRunContext! This warning can be ignored when running in bare mode.
2026-02-06 11:57:18.451 Thread 'MainThread': missing ScriptRunContext! This warning can be ignored when running in bare mode.
----------------------------- Captured log setup ------------------------------
INFO     src.core.cache:cache.py:164 Cache cleared
D:\Projet_streamlit\assistant_matanne\tests\services\test_phase12_edge_cases.py:118: TypeError: InventaireService.__init__() takes 1 positional argument but 2 were given
E   TypeError: PlanningService.__init__() takes 1 positional argument but 2 were given
---------------------------- Captured stdout setup ----------------------------
[32mINFO[0m | src.core.cache            | Cache cleared
---------------------------- Captured stderr setup ----------------------------
2026-02-06 11:57:18.457 Thread 'MainThread': missing ScriptRunContext! This warning can be ignored when running in bare mode.
2026-02-06 11:57:18.457 Thread 'MainThread': missing ScriptRunContext! This warning can be ignored when running in bare mode.
2026-02-06 11:57:18.457 Thread 'MainThread': missing ScriptRunContext! This warning can be ignored when running in bare mode.
2026-02-06 11:57:18.457 Thread 'MainThread': missing ScriptRunContext! This warning can be ignored when running in bare mode.
2026-02-06 11:57:18.457 Thread 'MainThread': missing ScriptRunContext! This warning can be ignored when running in bare mode.
2026-02-06 11:57:18.457 Thread 'MainThread': missing ScriptRunContext! This warning can be ignored when running in bare mode.
2026-02-06 11:57:18.457 Thread 'MainThread': missing ScriptRunContext! This warning can be ignored when running in bare mode.
2026-02-06 11:57:18.457 Thread 'MainThread': missing ScriptRunContext! This warning can be ignored when running in bare mode.
2026-02-06 11:57:18.457 Thread 'MainThread': missing ScriptRunContext! This warning can be ignored when running in bare mode.
2026-02-06 11:57:18.457 Thread 'MainThread': missing ScriptRunContext! This warning can be ignored when running in bare mode.
2026-02-06 11:57:18.457 Thread 'MainThread': missing ScriptRunContext! This warning can be ignored when running in bare mode.
2026-02-06 11:57:18.457 Thread 'MainThread': missing ScriptRunContext! This warning can be ignored when running in bare mode.
----------------------------- Captured log setup ------------------------------
INFO     src.core.cache:cache.py:164 Cache cleared
D:\Projet_streamlit\assistant_matanne\tests\services\test_phase12_edge_cases.py:145: TypeError: PlanningService.__init__() takes 1 positional argument but 2 were given
E   TypeError: PlanningService.__init__() takes 1 positional argument but 2 were given
---------------------------- Captured stdout setup ----------------------------
[32mINFO[0m | src.core.cache            | Cache cleared
---------------------------- Captured stderr setup ----------------------------
2026-02-06 11:57:18.466 Thread 'MainThread': missing ScriptRunContext! This warning can be ignored when running in bare mode.
2026-02-06 11:57:18.466 Thread 'MainThread': missing ScriptRunContext! This warning can be ignored when running in bare mode.
2026-02-06 11:57:18.466 Thread 'MainThread': missing ScriptRunContext! This warning can be ignored when running in bare mode.
2026-02-06 11:57:18.466 Thread 'MainThread': missing ScriptRunContext! This warning can be ignored when running in bare mode.
2026-02-06 11:57:18.466 Thread 'MainThread': missing ScriptRunContext! This warning can be ignored when running in bare mode.
2026-02-06 11:57:18.466 Thread 'MainThread': missing ScriptRunContext! This warning can be ignored when running in bare mode.
2026-02-06 11:57:18.466 Thread 'MainThread': missing ScriptRunContext! This warning can be ignored when running in bare mode.
2026-02-06 11:57:18.466 Thread 'MainThread': missing ScriptRunContext! This warning can be ignored when running in bare mode.
2026-02-06 11:57:18.466 Thread 'MainThread': missing ScriptRunContext! This warning can be ignored when running in bare mode.
2026-02-06 11:57:18.467 Thread 'MainThread': missing ScriptRunContext! This warning can be ignored when running in bare mode.
2026-02-06 11:57:18.467 Thread 'MainThread': missing ScriptRunContext! This warning can be ignored when running in bare mode.
2026-02-06 11:57:18.467 Thread 'MainThread': missing ScriptRunContext! This warning can be ignored when running in bare mode.
----------------------------- Captured log setup ------------------------------
INFO     src.core.cache:cache.py:164 Cache cleared
D:\Projet_streamlit\assistant_matanne\tests\services\test_phase12_edge_cases.py:155: TypeError: PlanningService.__init__() takes 1 positional argument but 2 were given
E   TypeError: BudgetService.__init__() takes 1 positional argument but 2 were given
---------------------------- Captured stdout setup ----------------------------
[32mINFO[0m | src.core.cache            | Cache cleared
---------------------------- Captured stderr setup ----------------------------
2026-02-06 11:57:18.473 Thread 'MainThread': missing ScriptRunContext! This warning can be ignored when running in bare mode.
2026-02-06 11:57:18.473 Thread 'MainThread': missing ScriptRunContext! This warning can be ignored when running in bare mode.
2026-02-06 11:57:18.473 Thread 'MainThread': missing ScriptRunContext! This warning can be ignored when running in bare mode.
2026-02-06 11:57:18.473 Thread 'MainThread': missing ScriptRunContext! This warning can be ignored when running in bare mode.
2026-02-06 11:57:18.473 Thread 'MainThread': missing ScriptRunContext! This warning can be ignored when running in bare mode.
2026-02-06 11:57:18.473 Thread 'MainThread': missing ScriptRunContext! This warning can be ignored when running in bare mode.
2026-02-06 11:57:18.473 Thread 'MainThread': missing ScriptRunContext! This warning can be ignored when running in bare mode.
2026-02-06 11:57:18.473 Thread 'MainThread': missing ScriptRunContext! This warning can be ignored when running in bare mode.
2026-02-06 11:57:18.473 Thread 'MainThread': missing ScriptRunContext! This warning can be ignored when running in bare mode.
2026-02-06 11:57:18.473 Thread 'MainThread': missing ScriptRunContext! This warning can be ignored when running in bare mode.
2026-02-06 11:57:18.473 Thread 'MainThread': missing ScriptRunContext! This warning can be ignored when running in bare mode.
2026-02-06 11:57:18.473 Thread 'MainThread': missing ScriptRunContext! This warning can be ignored when running in bare mode.
----------------------------- Captured log setup ------------------------------
INFO     src.core.cache:cache.py:164 Cache cleared
D:\Projet_streamlit\assistant_matanne\tests\services\test_phase12_edge_cases.py:165: TypeError: BudgetService.__init__() takes 1 positional argument but 2 were given
E   TypeError: BudgetService.__init__() takes 1 positional argument but 2 were given
---------------------------- Captured stdout setup ----------------------------
[32mINFO[0m | src.core.cache            | Cache cleared
---------------------------- Captured stderr setup ----------------------------
2026-02-06 11:57:18.480 Thread 'MainThread': missing ScriptRunContext! This warning can be ignored when running in bare mode.
2026-02-06 11:57:18.480 Thread 'MainThread': missing ScriptRunContext! This warning can be ignored when running in bare mode.
2026-02-06 11:57:18.480 Thread 'MainThread': missing ScriptRunContext! This warning can be ignored when running in bare mode.
2026-02-06 11:57:18.480 Thread 'MainThread': missing ScriptRunContext! This warning can be ignored when running in bare mode.
2026-02-06 11:57:18.480 Thread 'MainThread': missing ScriptRunContext! This warning can be ignored when running in bare mode.
2026-02-06 11:57:18.480 Thread 'MainThread': missing ScriptRunContext! This warning can be ignored when running in bare mode.
2026-02-06 11:57:18.480 Thread 'MainThread': missing ScriptRunContext! This warning can be ignored when running in bare mode.
2026-02-06 11:57:18.480 Thread 'MainThread': missing ScriptRunContext! This warning can be ignored when running in bare mode.
2026-02-06 11:57:18.480 Thread 'MainThread': missing ScriptRunContext! This warning can be ignored when running in bare mode.
2026-02-06 11:57:18.480 Thread 'MainThread': missing ScriptRunContext! This warning can be ignored when running in bare mode.
2026-02-06 11:57:18.480 Thread 'MainThread': missing ScriptRunContext! This warning can be ignored when running in bare mode.
2026-02-06 11:57:18.481 Thread 'MainThread': missing ScriptRunContext! This warning can be ignored when running in bare mode.
----------------------------- Captured log setup ------------------------------
INFO     src.core.cache:cache.py:164 Cache cleared
D:\Projet_streamlit\assistant_matanne\tests\services\test_phase12_edge_cases.py:190: TypeError: BudgetService.__init__() takes 1 positional argument but 2 were given
E   TypeError: InventaireService.__init__() takes 1 positional argument but 2 were given
---------------------------- Captured stdout setup ----------------------------
[32mINFO[0m | src.core.cache            | Cache cleared
---------------------------- Captured stderr setup ----------------------------
2026-02-06 11:57:18.486 Thread 'MainThread': missing ScriptRunContext! This warning can be ignored when running in bare mode.
2026-02-06 11:57:18.486 Thread 'MainThread': missing ScriptRunContext! This warning can be ignored when running in bare mode.
2026-02-06 11:57:18.486 Thread 'MainThread': missing ScriptRunContext! This warning can be ignored when running in bare mode.
2026-02-06 11:57:18.486 Thread 'MainThread': missing ScriptRunContext! This warning can be ignored when running in bare mode.
2026-02-06 11:57:18.486 Thread 'MainThread': missing ScriptRunContext! This warning can be ignored when running in bare mode.
2026-02-06 11:57:18.486 Thread 'MainThread': missing ScriptRunContext! This warning can be ignored when running in bare mode.
2026-02-06 11:57:18.486 Thread 'MainThread': missing ScriptRunContext! This warning can be ignored when running in bare mode.
2026-02-06 11:57:18.486 Thread 'MainThread': missing ScriptRunContext! This warning can be ignored when running in bare mode.
2026-02-06 11:57:18.487 Thread 'MainThread': missing ScriptRunContext! This warning can be ignored when running in bare mode.
2026-02-06 11:57:18.487 Thread 'MainThread': missing ScriptRunContext! This warning can be ignored when running in bare mode.
2026-02-06 11:57:18.487 Thread 'MainThread': missing ScriptRunContext! This warning can be ignored when running in bare mode.
2026-02-06 11:57:18.487 Thread 'MainThread': missing ScriptRunContext! This warning can be ignored when running in bare mode.
----------------------------- Captured log setup ------------------------------
INFO     src.core.cache:cache.py:164 Cache cleared
D:\Projet_streamlit\assistant_matanne\tests\services\test_phase12_edge_cases.py:227: TypeError: InventaireService.__init__() takes 1 positional argument but 2 were given
E   TypeError: PlanningService.__init__() takes 1 positional argument but 2 were given
---------------------------- Captured stdout setup ----------------------------
[32mINFO[0m | src.core.cache            | Cache cleared
---------------------------- Captured stderr setup ----------------------------
2026-02-06 11:57:18.492 Thread 'MainThread': missing ScriptRunContext! This warning can be ignored when running in bare mode.
2026-02-06 11:57:18.492 Thread 'MainThread': missing ScriptRunContext! This warning can be ignored when running in bare mode.
2026-02-06 11:57:18.492 Thread 'MainThread': missing ScriptRunContext! This warning can be ignored when running in bare mode.
2026-02-06 11:57:18.492 Thread 'MainThread': missing ScriptRunContext! This warning can be ignored when running in bare mode.
2026-02-06 11:57:18.492 Thread 'MainThread': missing ScriptRunContext! This warning can be ignored when running in bare mode.
2026-02-06 11:57:18.492 Thread 'MainThread': missing ScriptRunContext! This warning can be ignored when running in bare mode.
2026-02-06 11:57:18.492 Thread 'MainThread': missing ScriptRunContext! This warning can be ignored when running in bare mode.
2026-02-06 11:57:18.492 Thread 'MainThread': missing ScriptRunContext! This warning can be ignored when running in bare mode.
2026-02-06 11:57:18.492 Thread 'MainThread': missing ScriptRunContext! This warning can be ignored when running in bare mode.
2026-02-06 11:57:18.492 Thread 'MainThread': missing ScriptRunContext! This warning can be ignored when running in bare mode.
2026-02-06 11:57:18.493 Thread 'MainThread': missing ScriptRunContext! This warning can be ignored when running in bare mode.
2026-02-06 11:57:18.493 Thread 'MainThread': missing ScriptRunContext! This warning can be ignored when running in bare mode.
----------------------------- Captured log setup ------------------------------
INFO     src.core.cache:cache.py:164 Cache cleared
D:\Projet_streamlit\assistant_matanne\tests\services\test_phase12_edge_cases.py:248: TypeError: PlanningService.__init__() takes 1 positional argument but 2 were given
E   TypeError: BudgetService.__init__() takes 1 positional argument but 2 were given
---------------------------- Captured stdout setup ----------------------------
[32mINFO[0m | src.core.cache            | Cache cleared
---------------------------- Captured stderr setup ----------------------------
2026-02-06 11:57:18.498 Thread 'MainThread': missing ScriptRunContext! This warning can be ignored when running in bare mode.
2026-02-06 11:57:18.498 Thread 'MainThread': missing ScriptRunContext! This warning can be ignored when running in bare mode.
2026-02-06 11:57:18.498 Thread 'MainThread': missing ScriptRunContext! This warning can be ignored when running in bare mode.
2026-02-06 11:57:18.498 Thread 'MainThread': missing ScriptRunContext! This warning can be ignored when running in bare mode.
2026-02-06 11:57:18.498 Thread 'MainThread': missing ScriptRunContext! This warning can be ignored when running in bare mode.
2026-02-06 11:57:18.498 Thread 'MainThread': missing ScriptRunContext! This warning can be ignored when running in bare mode.
2026-02-06 11:57:18.498 Thread 'MainThread': missing ScriptRunContext! This warning can be ignored when running in bare mode.
2026-02-06 11:57:18.498 Thread 'MainThread': missing ScriptRunContext! This warning can be ignored when running in bare mode.
2026-02-06 11:57:18.498 Thread 'MainThread': missing ScriptRunContext! This warning can be ignored when running in bare mode.
2026-02-06 11:57:18.498 Thread 'MainThread': missing ScriptRunContext! This warning can be ignored when running in bare mode.
2026-02-06 11:57:18.498 Thread 'MainThread': missing ScriptRunContext! This warning can be ignored when running in bare mode.
2026-02-06 11:57:18.499 Thread 'MainThread': missing ScriptRunContext! This warning can be ignored when running in bare mode.
----------------------------- Captured log setup ------------------------------
INFO     src.core.cache:cache.py:164 Cache cleared
D:\Projet_streamlit\assistant_matanne\tests\services\test_phase12_edge_cases.py:274: TypeError: BudgetService.__init__() takes 1 positional argument but 2 were given
E   TypeError: InventaireService.__init__() takes 1 positional argument but 2 were given
---------------------------- Captured stdout setup ----------------------------
[32mINFO[0m | src.core.cache            | Cache cleared
---------------------------- Captured stderr setup ----------------------------
2026-02-06 11:57:18.504 Thread 'MainThread': missing ScriptRunContext! This warning can be ignored when running in bare mode.
2026-02-06 11:57:18.504 Thread 'MainThread': missing ScriptRunContext! This warning can be ignored when running in bare mode.
2026-02-06 11:57:18.504 Thread 'MainThread': missing ScriptRunContext! This warning can be ignored when running in bare mode.
2026-02-06 11:57:18.504 Thread 'MainThread': missing ScriptRunContext! This warning can be ignored when running in bare mode.
2026-02-06 11:57:18.504 Thread 'MainThread': missing ScriptRunContext! This warning can be ignored when running in bare mode.
2026-02-06 11:57:18.504 Thread 'MainThread': missing ScriptRunContext! This warning can be ignored when running in bare mode.
2026-02-06 11:57:18.504 Thread 'MainThread': missing ScriptRunContext! This warning can be ignored when running in bare mode.
2026-02-06 11:57:18.504 Thread 'MainThread': missing ScriptRunContext! This warning can be ignored when running in bare mode.
2026-02-06 11:57:18.504 Thread 'MainThread': missing ScriptRunContext! This warning can be ignored when running in bare mode.
2026-02-06 11:57:18.505 Thread 'MainThread': missing ScriptRunContext! This warning can be ignored when running in bare mode.
2026-02-06 11:57:18.505 Thread 'MainThread': missing ScriptRunContext! This warning can be ignored when running in bare mode.
2026-02-06 11:57:18.505 Thread 'MainThread': missing ScriptRunContext! This warning can be ignored when running in bare mode.
----------------------------- Captured log setup ------------------------------
INFO     src.core.cache:cache.py:164 Cache cleared
D:\Projet_streamlit\assistant_matanne\tests\services\test_phase12_edge_cases.py:304: TypeError: InventaireService.__init__() takes 1 positional argument but 2 were given
E   TypeError: PlanningService.__init__() takes 1 positional argument but 2 were given
---------------------------- Captured stdout setup ----------------------------
[32mINFO[0m | src.core.cache            | Cache cleared
---------------------------- Captured stderr setup ----------------------------
2026-02-06 11:57:18.510 Thread 'MainThread': missing ScriptRunContext! This warning can be ignored when running in bare mode.
2026-02-06 11:57:18.510 Thread 'MainThread': missing ScriptRunContext! This warning can be ignored when running in bare mode.
2026-02-06 11:57:18.510 Thread 'MainThread': missing ScriptRunContext! This warning can be ignored when running in bare mode.
2026-02-06 11:57:18.510 Thread 'MainThread': missing ScriptRunContext! This warning can be ignored when running in bare mode.
2026-02-06 11:57:18.510 Thread 'MainThread': missing ScriptRunContext! This warning can be ignored when running in bare mode.
2026-02-06 11:57:18.510 Thread 'MainThread': missing ScriptRunContext! This warning can be ignored when running in bare mode.
2026-02-06 11:57:18.510 Thread 'MainThread': missing ScriptRunContext! This warning can be ignored when running in bare mode.
2026-02-06 11:57:18.510 Thread 'MainThread': missing ScriptRunContext! This warning can be ignored when running in bare mode.
2026-02-06 11:57:18.510 Thread 'MainThread': missing ScriptRunContext! This warning can be ignored when running in bare mode.
2026-02-06 11:57:18.511 Thread 'MainThread': missing ScriptRunContext! This warning can be ignored when running in bare mode.
2026-02-06 11:57:18.511 Thread 'MainThread': missing ScriptRunContext! This warning can be ignored when running in bare mode.
2026-02-06 11:57:18.511 Thread 'MainThread': missing ScriptRunContext! This warning can be ignored when running in bare mode.
----------------------------- Captured log setup ------------------------------
INFO     src.core.cache:cache.py:164 Cache cleared
D:\Projet_streamlit\assistant_matanne\tests\services\test_phase12_edge_cases.py:321: TypeError: PlanningService.__init__() takes 1 positional argument but 2 were given
E   TypeError: BudgetService.__init__() takes 1 positional argument but 2 were given
---------------------------- Captured stdout setup ----------------------------
[32mINFO[0m | src.core.cache            | Cache cleared
---------------------------- Captured stderr setup ----------------------------
2026-02-06 11:57:18.516 Thread 'MainThread': missing ScriptRunContext! This warning can be ignored when running in bare mode.
2026-02-06 11:57:18.516 Thread 'MainThread': missing ScriptRunContext! This warning can be ignored when running in bare mode.
2026-02-06 11:57:18.516 Thread 'MainThread': missing ScriptRunContext! This warning can be ignored when running in bare mode.
2026-02-06 11:57:18.516 Thread 'MainThread': missing ScriptRunContext! This warning can be ignored when running in bare mode.
2026-02-06 11:57:18.516 Thread 'MainThread': missing ScriptRunContext! This warning can be ignored when running in bare mode.
2026-02-06 11:57:18.517 Thread 'MainThread': missing ScriptRunContext! This warning can be ignored when running in bare mode.
2026-02-06 11:57:18.517 Thread 'MainThread': missing ScriptRunContext! This warning can be ignored when running in bare mode.
2026-02-06 11:57:18.517 Thread 'MainThread': missing ScriptRunContext! This warning can be ignored when running in bare mode.
2026-02-06 11:57:18.517 Thread 'MainThread': missing ScriptRunContext! This warning can be ignored when running in bare mode.
2026-02-06 11:57:18.517 Thread 'MainThread': missing ScriptRunContext! This warning can be ignored when running in bare mode.
2026-02-06 11:57:18.517 Thread 'MainThread': missing ScriptRunContext! This warning can be ignored when running in bare mode.
2026-02-06 11:57:18.517 Thread 'MainThread': missing ScriptRunContext! This warning can be ignored when running in bare mode.
----------------------------- Captured log setup ------------------------------
INFO     src.core.cache:cache.py:164 Cache cleared
D:\Projet_streamlit\assistant_matanne\tests\services\test_phase12_edge_cases.py:339: TypeError: BudgetService.__init__() takes 1 positional argument but 2 were given
E   TypeError: InventaireService.__init__() takes 1 positional argument but 2 were given
---------------------------- Captured stdout setup ----------------------------
[32mINFO[0m | src.core.cache            | Cache cleared
---------------------------- Captured stderr setup ----------------------------
2026-02-06 11:57:18.522 Thread 'MainThread': missing ScriptRunContext! This warning can be ignored when running in bare mode.
2026-02-06 11:57:18.522 Thread 'MainThread': missing ScriptRunContext! This warning can be ignored when running in bare mode.
2026-02-06 11:57:18.522 Thread 'MainThread': missing ScriptRunContext! This warning can be ignored when running in bare mode.
2026-02-06 11:57:18.522 Thread 'MainThread': missing ScriptRunContext! This warning can be ignored when running in bare mode.
2026-02-06 11:57:18.522 Thread 'MainThread': missing ScriptRunContext! This warning can be ignored when running in bare mode.
2026-02-06 11:57:18.522 Thread 'MainThread': missing ScriptRunContext! This warning can be ignored when running in bare mode.
2026-02-06 11:57:18.522 Thread 'MainThread': missing ScriptRunContext! This warning can be ignored when running in bare mode.
2026-02-06 11:57:18.522 Thread 'MainThread': missing ScriptRunContext! This warning can be ignored when running in bare mode.
2026-02-06 11:57:18.523 Thread 'MainThread': missing ScriptRunContext! This warning can be ignored when running in bare mode.
2026-02-06 11:57:18.523 Thread 'MainThread': missing ScriptRunContext! This warning can be ignored when running in bare mode.
2026-02-06 11:57:18.523 Thread 'MainThread': missing ScriptRunContext! This warning can be ignored when running in bare mode.
2026-02-06 11:57:18.523 Thread 'MainThread': missing ScriptRunContext! This warning can be ignored when running in bare mode.
----------------------------- Captured log setup ------------------------------
INFO     src.core.cache:cache.py:164 Cache cleared
D:\Projet_streamlit\assistant_matanne\tests\services\test_phase12_edge_cases.py:371: TypeError: InventaireService.__init__() takes 1 positional argument but 2 were given
E   TypeError: BudgetService.__init__() takes 1 positional argument but 2 were given
---------------------------- Captured stdout setup ----------------------------
[32mINFO[0m | src.core.cache            | Cache cleared
---------------------------- Captured stderr setup ----------------------------
2026-02-06 11:57:18.531 Thread 'MainThread': missing ScriptRunContext! This warning can be ignored when running in bare mode.
2026-02-06 11:57:18.531 Thread 'MainThread': missing ScriptRunContext! This warning can be ignored when running in bare mode.
2026-02-06 11:57:18.531 Thread 'MainThread': missing ScriptRunContext! This warning can be ignored when running in bare mode.
2026-02-06 11:57:18.531 Thread 'MainThread': missing ScriptRunContext! This warning can be ignored when running in bare mode.
2026-02-06 11:57:18.531 Thread 'MainThread': missing ScriptRunContext! This warning can be ignored when running in bare mode.
2026-02-06 11:57:18.531 Thread 'MainThread': missing ScriptRunContext! This warning can be ignored when running in bare mode.
2026-02-06 11:57:18.531 Thread 'MainThread': missing ScriptRunContext! This warning can be ignored when running in bare mode.
2026-02-06 11:57:18.531 Thread 'MainThread': missing ScriptRunContext! This warning can be ignored when running in bare mode.
2026-02-06 11:57:18.531 Thread 'MainThread': missing ScriptRunContext! This warning can be ignored when running in bare mode.
2026-02-06 11:57:18.531 Thread 'MainThread': missing ScriptRunContext! This warning can be ignored when running in bare mode.
2026-02-06 11:57:18.531 Thread 'MainThread': missing ScriptRunContext! This warning can be ignored when running in bare mode.
2026-02-06 11:57:18.531 Thread 'MainThread': missing ScriptRunContext! This warning can be ignored when running in bare mode.
----------------------------- Captured log setup ------------------------------
INFO     src.core.cache:cache.py:164 Cache cleared
D:\Projet_streamlit\assistant_matanne\tests\services\test_phase12_edge_cases.py:389: TypeError: BudgetService.__init__() takes 1 positional argument but 2 were given
E   TypeError: RecetteService.__init__() takes 1 positional argument but 2 were given
---------------------------- Captured stdout setup ----------------------------
[32mINFO[0m | src.core.cache            | Cache cleared
---------------------------- Captured stderr setup ----------------------------
2026-02-06 11:57:18.537 Thread 'MainThread': missing ScriptRunContext! This warning can be ignored when running in bare mode.
2026-02-06 11:57:18.537 Thread 'MainThread': missing ScriptRunContext! This warning can be ignored when running in bare mode.
2026-02-06 11:57:18.537 Thread 'MainThread': missing ScriptRunContext! This warning can be ignored when running in bare mode.
2026-02-06 11:57:18.537 Thread 'MainThread': missing ScriptRunContext! This warning can be ignored when running in bare mode.
2026-02-06 11:57:18.537 Thread 'MainThread': missing ScriptRunContext! This warning can be ignored when running in bare mode.
2026-02-06 11:57:18.537 Thread 'MainThread': missing ScriptRunContext! This warning can be ignored when running in bare mode.
2026-02-06 11:57:18.537 Thread 'MainThread': missing ScriptRunContext! This warning can be ignored when running in bare mode.
2026-02-06 11:57:18.537 Thread 'MainThread': missing ScriptRunContext! This warning can be ignored when running in bare mode.
2026-02-06 11:57:18.537 Thread 'MainThread': missing ScriptRunContext! This warning can be ignored when running in bare mode.
2026-02-06 11:57:18.537 Thread 'MainThread': missing ScriptRunContext! This warning can be ignored when running in bare mode.
2026-02-06 11:57:18.537 Thread 'MainThread': missing ScriptRunContext! This warning can be ignored when running in bare mode.
2026-02-06 11:57:18.537 Thread 'MainThread': missing ScriptRunContext! This warning can be ignored when running in bare mode.
----------------------------- Captured log setup ------------------------------
INFO     src.core.cache:cache.py:164 Cache cleared
D:\Projet_streamlit\assistant_matanne\tests\services\test_phase12_edge_cases.py:420: TypeError: RecetteService.__init__() takes 1 positional argument but 2 were given
E   TypeError: BudgetService.__init__() takes 1 positional argument but 2 were given
---------------------------- Captured stdout setup ----------------------------
[32mINFO[0m | src.core.cache            | Cache cleared
---------------------------- Captured stderr setup ----------------------------
2026-02-06 11:57:18.543 Thread 'MainThread': missing ScriptRunContext! This warning can be ignored when running in bare mode.
2026-02-06 11:57:18.543 Thread 'MainThread': missing ScriptRunContext! This warning can be ignored when running in bare mode.
2026-02-06 11:57:18.543 Thread 'MainThread': missing ScriptRunContext! This warning can be ignored when running in bare mode.
2026-02-06 11:57:18.543 Thread 'MainThread': missing ScriptRunContext! This warning can be ignored when running in bare mode.
2026-02-06 11:57:18.543 Thread 'MainThread': missing ScriptRunContext! This warning can be ignored when running in bare mode.
2026-02-06 11:57:18.543 Thread 'MainThread': missing ScriptRunContext! This warning can be ignored when running in bare mode.
2026-02-06 11:57:18.543 Thread 'MainThread': missing ScriptRunContext! This warning can be ignored when running in bare mode.
2026-02-06 11:57:18.543 Thread 'MainThread': missing ScriptRunContext! This warning can be ignored when running in bare mode.
2026-02-06 11:57:18.543 Thread 'MainThread': missing ScriptRunContext! This warning can be ignored when running in bare mode.
2026-02-06 11:57:18.543 Thread 'MainThread': missing ScriptRunContext! This warning can be ignored when running in bare mode.
2026-02-06 11:57:18.543 Thread 'MainThread': missing ScriptRunContext! This warning can be ignored when running in bare mode.
2026-02-06 11:57:18.543 Thread 'MainThread': missing ScriptRunContext! This warning can be ignored when running in bare mode.
----------------------------- Captured log setup ------------------------------
INFO     src.core.cache:cache.py:164 Cache cleared
D:\Projet_streamlit\assistant_matanne\tests\services\test_phase12_edge_cases.py:432: TypeError: BudgetService.__init__() takes 1 positional argument but 2 were given
E   TypeError: PlanningService.__init__() takes 1 positional argument but 2 were given
---------------------------- Captured stdout setup ----------------------------
[32mINFO[0m | src.core.cache            | Cache cleared
---------------------------- Captured stderr setup ----------------------------
2026-02-06 11:57:18.549 Thread 'MainThread': missing ScriptRunContext! This warning can be ignored when running in bare mode.
2026-02-06 11:57:18.549 Thread 'MainThread': missing ScriptRunContext! This warning can be ignored when running in bare mode.
2026-02-06 11:57:18.549 Thread 'MainThread': missing ScriptRunContext! This warning can be ignored when running in bare mode.
2026-02-06 11:57:18.549 Thread 'MainThread': missing ScriptRunContext! This warning can be ignored when running in bare mode.
2026-02-06 11:57:18.549 Thread 'MainThread': missing ScriptRunContext! This warning can be ignored when running in bare mode.
2026-02-06 11:57:18.549 Thread 'MainThread': missing ScriptRunContext! This warning can be ignored when running in bare mode.
2026-02-06 11:57:18.549 Thread 'MainThread': missing ScriptRunContext! This warning can be ignored when running in bare mode.
2026-02-06 11:57:18.549 Thread 'MainThread': missing ScriptRunContext! This warning can be ignored when running in bare mode.
2026-02-06 11:57:18.549 Thread 'MainThread': missing ScriptRunContext! This warning can be ignored when running in bare mode.
2026-02-06 11:57:18.549 Thread 'MainThread': missing ScriptRunContext! This warning can be ignored when running in bare mode.
2026-02-06 11:57:18.549 Thread 'MainThread': missing ScriptRunContext! This warning can be ignored when running in bare mode.
2026-02-06 11:57:18.549 Thread 'MainThread': missing ScriptRunContext! This warning can be ignored when running in bare mode.
----------------------------- Captured log setup ------------------------------
INFO     src.core.cache:cache.py:164 Cache cleared
D:\Projet_streamlit\assistant_matanne\tests\services\test_phase12_edge_cases.py:445: TypeError: PlanningService.__init__() takes 1 positional argument but 2 were given
E   TypeError: CoursesService.__init__() takes 1 positional argument but 2 were given
---------------------------- Captured stdout setup ----------------------------
[32mINFO[0m | src.core.cache            | Cache cleared
---------------------------- Captured stderr setup ----------------------------
2026-02-06 11:57:18.555 Thread 'MainThread': missing ScriptRunContext! This warning can be ignored when running in bare mode.
2026-02-06 11:57:18.555 Thread 'MainThread': missing ScriptRunContext! This warning can be ignored when running in bare mode.
2026-02-06 11:57:18.555 Thread 'MainThread': missing ScriptRunContext! This warning can be ignored when running in bare mode.
2026-02-06 11:57:18.555 Thread 'MainThread': missing ScriptRunContext! This warning can be ignored when running in bare mode.
2026-02-06 11:57:18.555 Thread 'MainThread': missing ScriptRunContext! This warning can be ignored when running in bare mode.
2026-02-06 11:57:18.555 Thread 'MainThread': missing ScriptRunContext! This warning can be ignored when running in bare mode.
2026-02-06 11:57:18.555 Thread 'MainThread': missing ScriptRunContext! This warning can be ignored when running in bare mode.
2026-02-06 11:57:18.555 Thread 'MainThread': missing ScriptRunContext! This warning can be ignored when running in bare mode.
2026-02-06 11:57:18.555 Thread 'MainThread': missing ScriptRunContext! This warning can be ignored when running in bare mode.
2026-02-06 11:57:18.555 Thread 'MainThread': missing ScriptRunContext! This warning can be ignored when running in bare mode.
2026-02-06 11:57:18.555 Thread 'MainThread': missing ScriptRunContext! This warning can be ignored when running in bare mode.
2026-02-06 11:57:18.555 Thread 'MainThread': missing ScriptRunContext! This warning can be ignored when running in bare mode.
----------------------------- Captured log setup ------------------------------
INFO     src.core.cache:cache.py:164 Cache cleared
D:\Projet_streamlit\assistant_matanne\tests\services\test_phase12_edge_cases.py:460: TypeError: CoursesService.__init__() takes 1 positional argument but 2 were given
E   TypeError: RecetteService.__init__() takes 1 positional argument but 2 were given
---------------------------- Captured stdout setup ----------------------------
[32mINFO[0m | src.core.cache            | Cache cleared
---------------------------- Captured stderr setup ----------------------------
2026-02-06 11:57:18.561 Thread 'MainThread': missing ScriptRunContext! This warning can be ignored when running in bare mode.
2026-02-06 11:57:18.561 Thread 'MainThread': missing ScriptRunContext! This warning can be ignored when running in bare mode.
2026-02-06 11:57:18.561 Thread 'MainThread': missing ScriptRunContext! This warning can be ignored when running in bare mode.
2026-02-06 11:57:18.561 Thread 'MainThread': missing ScriptRunContext! This warning can be ignored when running in bare mode.
2026-02-06 11:57:18.561 Thread 'MainThread': missing ScriptRunContext! This warning can be ignored when running in bare mode.
2026-02-06 11:57:18.561 Thread 'MainThread': missing ScriptRunContext! This warning can be ignored when running in bare mode.
2026-02-06 11:57:18.561 Thread 'MainThread': missing ScriptRunContext! This warning can be ignored when running in bare mode.
2026-02-06 11:57:18.561 Thread 'MainThread': missing ScriptRunContext! This warning can be ignored when running in bare mode.
2026-02-06 11:57:18.561 Thread 'MainThread': missing ScriptRunContext! This warning can be ignored when running in bare mode.
2026-02-06 11:57:18.561 Thread 'MainThread': missing ScriptRunContext! This warning can be ignored when running in bare mode.
2026-02-06 11:57:18.561 Thread 'MainThread': missing ScriptRunContext! This warning can be ignored when running in bare mode.
2026-02-06 11:57:18.561 Thread 'MainThread': missing ScriptRunContext! This warning can be ignored when running in bare mode.
----------------------------- Captured log setup ------------------------------
INFO     src.core.cache:cache.py:164 Cache cleared
D:\Projet_streamlit\assistant_matanne\tests\services\test_phase12_edge_cases.py:470: TypeError: RecetteService.__init__() takes 1 positional argument but 2 were given
E   TypeError: PlanningService.__init__() takes 1 positional argument but 2 were given
---------------------------- Captured stdout setup ----------------------------
[32mINFO[0m | src.core.cache            | Cache cleared
---------------------------- Captured stderr setup ----------------------------
2026-02-06 11:57:18.567 Thread 'MainThread': missing ScriptRunContext! This warning can be ignored when running in bare mode.
2026-02-06 11:57:18.567 Thread 'MainThread': missing ScriptRunContext! This warning can be ignored when running in bare mode.
2026-02-06 11:57:18.567 Thread 'MainThread': missing ScriptRunContext! This warning can be ignored when running in bare mode.
2026-02-06 11:57:18.567 Thread 'MainThread': missing ScriptRunContext! This warning can be ignored when running in bare mode.
2026-02-06 11:57:18.567 Thread 'MainThread': missing ScriptRunContext! This warning can be ignored when running in bare mode.
2026-02-06 11:57:18.567 Thread 'MainThread': missing ScriptRunContext! This warning can be ignored when running in bare mode.
2026-02-06 11:57:18.567 Thread 'MainThread': missing ScriptRunContext! This warning can be ignored when running in bare mode.
2026-02-06 11:57:18.567 Thread 'MainThread': missing ScriptRunContext! This warning can be ignored when running in bare mode.
2026-02-06 11:57:18.567 Thread 'MainThread': missing ScriptRunContext! This warning can be ignored when running in bare mode.
2026-02-06 11:57:18.567 Thread 'MainThread': missing ScriptRunContext! This warning can be ignored when running in bare mode.
2026-02-06 11:57:18.567 Thread 'MainThread': missing ScriptRunContext! This warning can be ignored when running in bare mode.
2026-02-06 11:57:18.567 Thread 'MainThread': missing ScriptRunContext! This warning can be ignored when running in bare mode.
----------------------------- Captured log setup ------------------------------
INFO     src.core.cache:cache.py:164 Cache cleared
D:\Projet_streamlit\assistant_matanne\tests\services\test_phase12_edge_cases.py:482: TypeError: PlanningService.__init__() takes 1 positional argument but 2 were given
E   TypeError: PlanningService.__init__() takes 1 positional argument but 2 were given
---------------------------- Captured stdout setup ----------------------------
[32mINFO[0m | src.core.cache            | Cache cleared
---------------------------- Captured stderr setup ----------------------------
2026-02-06 11:57:18.574 Thread 'MainThread': missing ScriptRunContext! This warning can be ignored when running in bare mode.
2026-02-06 11:57:18.574 Thread 'MainThread': missing ScriptRunContext! This warning can be ignored when running in bare mode.
2026-02-06 11:57:18.574 Thread 'MainThread': missing ScriptRunContext! This warning can be ignored when running in bare mode.
2026-02-06 11:57:18.574 Thread 'MainThread': missing ScriptRunContext! This warning can be ignored when running in bare mode.
2026-02-06 11:57:18.574 Thread 'MainThread': missing ScriptRunContext! This warning can be ignored when running in bare mode.
2026-02-06 11:57:18.574 Thread 'MainThread': missing ScriptRunContext! This warning can be ignored when running in bare mode.
2026-02-06 11:57:18.574 Thread 'MainThread': missing ScriptRunContext! This warning can be ignored when running in bare mode.
2026-02-06 11:57:18.574 Thread 'MainThread': missing ScriptRunContext! This warning can be ignored when running in bare mode.
2026-02-06 11:57:18.574 Thread 'MainThread': missing ScriptRunContext! This warning can be ignored when running in bare mode.
2026-02-06 11:57:18.574 Thread 'MainThread': missing ScriptRunContext! This warning can be ignored when running in bare mode.
2026-02-06 11:57:18.574 Thread 'MainThread': missing ScriptRunContext! This warning can be ignored when running in bare mode.
2026-02-06 11:57:18.574 Thread 'MainThread': missing ScriptRunContext! This warning can be ignored when running in bare mode.
----------------------------- Captured log setup ------------------------------
INFO     src.core.cache:cache.py:164 Cache cleared
D:\Projet_streamlit\assistant_matanne\tests\services\test_phase12_edge_cases.py:508: TypeError: PlanningService.__init__() takes 1 positional argument but 2 were given
E   TypeError: BudgetService.__init__() takes 1 positional argument but 2 were given
---------------------------- Captured stdout setup ----------------------------
[32mINFO[0m | src.core.cache            | Cache cleared
---------------------------- Captured stderr setup ----------------------------
2026-02-06 11:57:18.582 Thread 'MainThread': missing ScriptRunContext! This warning can be ignored when running in bare mode.
2026-02-06 11:57:18.582 Thread 'MainThread': missing ScriptRunContext! This warning can be ignored when running in bare mode.
2026-02-06 11:57:18.582 Thread 'MainThread': missing ScriptRunContext! This warning can be ignored when running in bare mode.
2026-02-06 11:57:18.582 Thread 'MainThread': missing ScriptRunContext! This warning can be ignored when running in bare mode.
2026-02-06 11:57:18.582 Thread 'MainThread': missing ScriptRunContext! This warning can be ignored when running in bare mode.
2026-02-06 11:57:18.582 Thread 'MainThread': missing ScriptRunContext! This warning can be ignored when running in bare mode.
2026-02-06 11:57:18.582 Thread 'MainThread': missing ScriptRunContext! This warning can be ignored when running in bare mode.
2026-02-06 11:57:18.582 Thread 'MainThread': missing ScriptRunContext! This warning can be ignored when running in bare mode.
2026-02-06 11:57:18.583 Thread 'MainThread': missing ScriptRunContext! This warning can be ignored when running in bare mode.
2026-02-06 11:57:18.583 Thread 'MainThread': missing ScriptRunContext! This warning can be ignored when running in bare mode.
2026-02-06 11:57:18.583 Thread 'MainThread': missing ScriptRunContext! This warning can be ignored when running in bare mode.
2026-02-06 11:57:18.583 Thread 'MainThread': missing ScriptRunContext! This warning can be ignored when running in bare mode.
----------------------------- Captured log setup ------------------------------
INFO     src.core.cache:cache.py:164 Cache cleared
D:\Projet_streamlit\assistant_matanne\tests\services\test_phase12_edge_cases.py:522: TypeError: BudgetService.__init__() takes 1 positional argument but 2 were given
E   AssertionError: assert '<lambda>' == 'ArticleInventaire'
      
      - ArticleInventaire
      + <lambda>
---------------------------- Captured stdout setup ----------------------------
[32mINFO[0m | src.core.cache            | Cache cleared
---------------------------- Captured stderr setup ----------------------------
2026-02-06 11:57:20.417 Thread 'MainThread': missing ScriptRunContext! This warning can be ignored when running in bare mode.
2026-02-06 11:57:20.417 Thread 'MainThread': missing ScriptRunContext! This warning can be ignored when running in bare mode.
2026-02-06 11:57:20.417 Thread 'MainThread': missing ScriptRunContext! This warning can be ignored when running in bare mode.
2026-02-06 11:57:20.417 Thread 'MainThread': missing ScriptRunContext! This warning can be ignored when running in bare mode.
2026-02-06 11:57:20.417 Thread 'MainThread': missing ScriptRunContext! This warning can be ignored when running in bare mode.
2026-02-06 11:57:20.417 Thread 'MainThread': missing ScriptRunContext! This warning can be ignored when running in bare mode.
2026-02-06 11:57:20.417 Thread 'MainThread': missing ScriptRunContext! This warning can be ignored when running in bare mode.
2026-02-06 11:57:20.417 Thread 'MainThread': missing ScriptRunContext! This warning can be ignored when running in bare mode.
2026-02-06 11:57:20.417 Thread 'MainThread': missing ScriptRunContext! This warning can be ignored when running in bare mode.
2026-02-06 11:57:20.417 Thread 'MainThread': missing ScriptRunContext! This warning can be ignored when running in bare mode.
2026-02-06 11:57:20.417 Thread 'MainThread': missing ScriptRunContext! This warning can be ignored when running in bare mode.
2026-02-06 11:57:20.417 Thread 'MainThread': missing ScriptRunContext! This warning can be ignored when running in bare mode.
----------------------------- Captured log setup ------------------------------
INFO     src.core.cache:cache.py:164 Cache cleared
D:\Projet_streamlit\assistant_matanne\tests\services\test_services_coverage_80_part2.py:506: AssertionError: assert '<lambda>' == 'ArticleInventaire'
E   AttributeError: 'MockArticleInventaire' object has no attribute '_sa_instance_state'

The above exception was the direct cause of the following exception:
E   sqlalchemy.orm.exc.UnmappedInstanceError: Class 'api.test_main.MockArticleInventaire' is not mapped
---------------------------- Captured stdout setup ----------------------------
[32mINFO[0m | src.core.cache            | Cache cleared
---------------------------- Captured stderr setup ----------------------------
2026-02-06 11:57:21.099 Thread 'MainThread': missing ScriptRunContext! This warning can be ignored when running in bare mode.
2026-02-06 11:57:21.099 Thread 'MainThread': missing ScriptRunContext! This warning can be ignored when running in bare mode.
2026-02-06 11:57:21.099 Thread 'MainThread': missing ScriptRunContext! This warning can be ignored when running in bare mode.
2026-02-06 11:57:21.099 Thread 'MainThread': missing ScriptRunContext! This warning can be ignored when running in bare mode.
2026-02-06 11:57:21.099 Thread 'MainThread': missing ScriptRunContext! This warning can be ignored when running in bare mode.
2026-02-06 11:57:21.099 Thread 'MainThread': missing ScriptRunContext! This warning can be ignored when running in bare mode.
2026-02-06 11:57:21.099 Thread 'MainThread': missing ScriptRunContext! This warning can be ignored when running in bare mode.
2026-02-06 11:57:21.099 Thread 'MainThread': missing ScriptRunContext! This warning can be ignored when running in bare mode.
2026-02-06 11:57:21.099 Thread 'MainThread': missing ScriptRunContext! This warning can be ignored when running in bare mode.
2026-02-06 11:57:21.099 Thread 'MainThread': missing ScriptRunContext! This warning can be ignored when running in bare mode.
2026-02-06 11:57:21.099 Thread 'MainThread': missing ScriptRunContext! This warning can be ignored when running in bare mode.
2026-02-06 11:57:21.099 Thread 'MainThread': missing ScriptRunContext! This warning can be ignored when running in bare mode.
----------------------------- Captured log setup ------------------------------
INFO     src.core.cache:cache.py:164 Cache cleared
C:\Users\Nemo\AppData\Local\Programs\Python\Python311\Lib\site-packages\sqlalchemy\orm\session.py:3465: sqlalchemy.orm.exc.UnmappedInstanceError: Class 'api.test_main.MockArticleInventaire' is not mapped
E   sqlite3.IntegrityError: NOT NULL constraint failed: liste_courses.liste_id

The above exception was the direct cause of the following exception:
E   sqlalchemy.exc.IntegrityError: (sqlite3.IntegrityError) NOT NULL constraint failed: liste_courses.liste_id
    [SQL: INSERT INTO liste_courses (liste_id, ingredient_id, quantite_necessaire, priorite, achete, suggere_par_ia, cree_le, achete_le, rayon_magasin, magasin_cible, notes) VALUES (?, ?, ?, ?, ?, ?, ?, ?, ?, ?, ?)]
    [parameters: (None, 1, 2.0, 'moyenne', 0, 0, '2026-02-06 10:57:21.131862', None, 'Boulangerie', None, None)]
    (Background on this error at: https://sqlalche.me/e/20/gkpj)
---------------------------- Captured stdout setup ----------------------------
[32mINFO[0m | src.core.cache            | Cache cleared
---------------------------- Captured stderr setup ----------------------------
2026-02-06 11:57:21.123 Thread 'MainThread': missing ScriptRunContext! This warning can be ignored when running in bare mode.
2026-02-06 11:57:21.123 Thread 'MainThread': missing ScriptRunContext! This warning can be ignored when running in bare mode.
2026-02-06 11:57:21.123 Thread 'MainThread': missing ScriptRunContext! This warning can be ignored when running in bare mode.
2026-02-06 11:57:21.123 Thread 'MainThread': missing ScriptRunContext! This warning can be ignored when running in bare mode.
2026-02-06 11:57:21.123 Thread 'MainThread': missing ScriptRunContext! This warning can be ignored when running in bare mode.
2026-02-06 11:57:21.123 Thread 'MainThread': missing ScriptRunContext! This warning can be ignored when running in bare mode.
2026-02-06 11:57:21.123 Thread 'MainThread': missing ScriptRunContext! This warning can be ignored when running in bare mode.
2026-02-06 11:57:21.123 Thread 'MainThread': missing ScriptRunContext! This warning can be ignored when running in bare mode.
2026-02-06 11:57:21.123 Thread 'MainThread': missing ScriptRunContext! This warning can be ignored when running in bare mode.
2026-02-06 11:57:21.123 Thread 'MainThread': missing ScriptRunContext! This warning can be ignored when running in bare mode.
2026-02-06 11:57:21.123 Thread 'MainThread': missing ScriptRunContext! This warning can be ignored when running in bare mode.
2026-02-06 11:57:21.123 Thread 'MainThread': missing ScriptRunContext! This warning can be ignored when running in bare mode.
----------------------------- Captured log setup ------------------------------
INFO     src.core.cache:cache.py:164 Cache cleared
C:\Users\Nemo\AppData\Local\Programs\Python\Python311\Lib\site-packages\sqlalchemy\engine\default.py:952: sqlalchemy.exc.IntegrityError: (sqlite3.IntegrityError) NOT NULL constraint failed: liste_courses.liste_id
E   sqlite3.IntegrityError: NOT NULL constraint failed: liste_courses.liste_id

The above exception was the direct cause of the following exception:
E   sqlalchemy.exc.IntegrityError: (sqlite3.IntegrityError) NOT NULL constraint failed: liste_courses.liste_id
    [SQL: INSERT INTO liste_courses (liste_id, ingredient_id, quantite_necessaire, priorite, achete, suggere_par_ia, cree_le, achete_le, rayon_magasin, magasin_cible, notes) VALUES (?, ?, ?, ?, ?, ?, ?, ?, ?, ?, ?) RETURNING id]
    [parameters: (None, 1, 1.5, 'moyenne', 0, 0, '2026-02-06 10:57:21.157827', None, None, None, None)]
    (Background on this error at: https://sqlalche.me/e/20/gkpj)
---------------------------- Captured stdout setup ----------------------------
[32mINFO[0m | src.core.cache            | Cache cleared
---------------------------- Captured stderr setup ----------------------------
2026-02-06 11:57:21.144 Thread 'MainThread': missing ScriptRunContext! This warning can be ignored when running in bare mode.
2026-02-06 11:57:21.144 Thread 'MainThread': missing ScriptRunContext! This warning can be ignored when running in bare mode.
2026-02-06 11:57:21.144 Thread 'MainThread': missing ScriptRunContext! This warning can be ignored when running in bare mode.
2026-02-06 11:57:21.144 Thread 'MainThread': missing ScriptRunContext! This warning can be ignored when running in bare mode.
2026-02-06 11:57:21.144 Thread 'MainThread': missing ScriptRunContext! This warning can be ignored when running in bare mode.
2026-02-06 11:57:21.144 Thread 'MainThread': missing ScriptRunContext! This warning can be ignored when running in bare mode.
2026-02-06 11:57:21.144 Thread 'MainThread': missing ScriptRunContext! This warning can be ignored when running in bare mode.
2026-02-06 11:57:21.144 Thread 'MainThread': missing ScriptRunContext! This warning can be ignored when running in bare mode.
2026-02-06 11:57:21.145 Thread 'MainThread': missing ScriptRunContext! This warning can be ignored when running in bare mode.
2026-02-06 11:57:21.145 Thread 'MainThread': missing ScriptRunContext! This warning can be ignored when running in bare mode.
2026-02-06 11:57:21.145 Thread 'MainThread': missing ScriptRunContext! This warning can be ignored when running in bare mode.
2026-02-06 11:57:21.145 Thread 'MainThread': missing ScriptRunContext! This warning can be ignored when running in bare mode.
----------------------------- Captured log setup ------------------------------
INFO     src.core.cache:cache.py:164 Cache cleared
C:\Users\Nemo\AppData\Local\Programs\Python\Python311\Lib\site-packages\sqlalchemy\engine\default.py:952: sqlalchemy.exc.IntegrityError: (sqlite3.IntegrityError) NOT NULL constraint failed: liste_courses.liste_id
E   sqlite3.IntegrityError: NOT NULL constraint failed: liste_courses.liste_id

The above exception was the direct cause of the following exception:
E   sqlalchemy.exc.IntegrityError: (sqlite3.IntegrityError) NOT NULL constraint failed: liste_courses.liste_id
    [SQL: INSERT INTO liste_courses (liste_id, ingredient_id, quantite_necessaire, priorite, achete, suggere_par_ia, cree_le, achete_le, rayon_magasin, magasin_cible, notes) VALUES (?, ?, ?, ?, ?, ?, ?, ?, ?, ?, ?)]
    [parameters: (None, 1, 6.0, 'moyenne', 0, 0, '2026-02-06 10:57:21.186824', None, 'Laitier', None, None)]
    (Background on this error at: https://sqlalche.me/e/20/gkpj)
---------------------------- Captured stdout setup ----------------------------
[32mINFO[0m | src.core.cache            | Cache cleared
---------------------------- Captured stderr setup ----------------------------
2026-02-06 11:57:21.178 Thread 'MainThread': missing ScriptRunContext! This warning can be ignored when running in bare mode.
2026-02-06 11:57:21.178 Thread 'MainThread': missing ScriptRunContext! This warning can be ignored when running in bare mode.
2026-02-06 11:57:21.178 Thread 'MainThread': missing ScriptRunContext! This warning can be ignored when running in bare mode.
2026-02-06 11:57:21.179 Thread 'MainThread': missing ScriptRunContext! This warning can be ignored when running in bare mode.
2026-02-06 11:57:21.179 Thread 'MainThread': missing ScriptRunContext! This warning can be ignored when running in bare mode.
2026-02-06 11:57:21.179 Thread 'MainThread': missing ScriptRunContext! This warning can be ignored when running in bare mode.
2026-02-06 11:57:21.179 Thread 'MainThread': missing ScriptRunContext! This warning can be ignored when running in bare mode.
2026-02-06 11:57:21.179 Thread 'MainThread': missing ScriptRunContext! This warning can be ignored when running in bare mode.
2026-02-06 11:57:21.179 Thread 'MainThread': missing ScriptRunContext! This warning can be ignored when running in bare mode.
2026-02-06 11:57:21.179 Thread 'MainThread': missing ScriptRunContext! This warning can be ignored when running in bare mode.
2026-02-06 11:57:21.179 Thread 'MainThread': missing ScriptRunContext! This warning can be ignored when running in bare mode.
2026-02-06 11:57:21.179 Thread 'MainThread': missing ScriptRunContext! This warning can be ignored when running in bare mode.
----------------------------- Captured log setup ------------------------------
INFO     src.core.cache:cache.py:164 Cache cleared
C:\Users\Nemo\AppData\Local\Programs\Python\Python311\Lib\site-packages\sqlalchemy\engine\default.py:952: sqlalchemy.exc.IntegrityError: (sqlite3.IntegrityError) NOT NULL constraint failed: liste_courses.liste_id
=========================== short test summary info ===========================
FAILED tests/core/test_database_deep.py::TestAliases::test_get_db_context_alias
FAILED tests/services/test_phase10_budget_real.py::TestBudgetCreation::test_create_monthly_budget
FAILED tests/services/test_phase10_budget_real.py::TestBudgetCreation::test_create_budget_with_categories
FAILED tests/services/test_phase10_budget_real.py::TestExpenseTracking::test_record_expense
FAILED tests/services/test_phase10_budget_real.py::TestExpenseTracking::test_record_multiple_expenses
FAILED tests/services/test_phase10_budget_real.py::TestExpenseTracking::test_record_expense_with_tags
FAILED tests/services/test_phase10_budget_real.py::TestBudgetAnalysis::test_calculate_total_spent
FAILED tests/services/test_phase10_budget_real.py::TestBudgetAnalysis::test_calculate_remaining_budget
FAILED tests/services/test_phase10_budget_real.py::TestBudgetAnalysis::test_calculate_percentage_spent
FAILED tests/services/test_phase10_budget_real.py::TestBudgetAnalysis::test_get_expenses_by_category
FAILED tests/services/test_phase10_budget_real.py::TestBudgetAlerts::test_alert_budget_exceeded
FAILED tests/services/test_phase10_budget_real.py::TestBudgetAlerts::test_alert_category_exceeded
FAILED tests/services/test_phase10_budget_real.py::TestBudgetAlerts::test_alert_approaching_limit
FAILED tests/services/test_phase10_budget_real.py::TestBudgetForecasting::test_forecast_spending
FAILED tests/services/test_phase10_budget_real.py::TestBudgetForecasting::test_compare_to_previous_periods
FAILED tests/services/test_phase10_budget_real.py::TestBudgetExport::test_export_to_csv
FAILED tests/services/test_phase10_budget_real.py::TestBudgetExport::test_generate_report
FAILED tests/services/test_phase10_budget_real.py::TestBudgetValidation::test_validate_expense_amount
FAILED tests/services/test_phase10_budget_real.py::TestBudgetValidation::test_validate_budget_dates
FAILED tests/services/test_phase10_budget_real.py::TestBudgetValidation::test_validate_positive_budget_amount
FAILED tests/services/test_phase10_budget_real.py::TestBudgetRecurring::test_create_recurring_budget
FAILED tests/services/test_phase10_budget_real.py::TestBudgetRecurring::test_clone_budget
FAILED tests/services/test_phase10_inventory_real.py::TestInventoryCreation::test_create_article_complet
FAILED tests/services/test_phase10_inventory_real.py::TestInventoryCreation::test_create_multiple_articles
FAILED tests/services/test_phase10_inventory_real.py::TestInventoryAlerts::test_alert_when_stock_below_minimum
FAILED tests/services/test_phase10_inventory_real.py::TestInventoryAlerts::test_alert_when_expiring_soon
FAILED tests/services/test_phase10_inventory_real.py::TestInventoryAlerts::test_no_alert_for_healthy_stock
FAILED tests/services/test_phase10_inventory_real.py::TestInventoryAlerts::test_alert_when_stock_above_maximum
FAILED tests/services/test_phase10_inventory_real.py::TestInventoryConsumption::test_consume_ArticleInventaire
FAILED tests/services/test_phase10_inventory_real.py::TestInventoryConsumption::test_consumption_creates_history
FAILED tests/services/test_phase10_inventory_real.py::TestInventoryConsumption::test_prevent_overconsumption
FAILED tests/services/test_phase10_inventory_real.py::TestInventoryConsumption::test_consumption_triggers_alert
FAILED tests/services/test_phase10_inventory_real.py::TestInventoryRestocking::test_restock_ArticleInventaire
FAILED tests/services/test_phase10_inventory_real.py::TestInventoryRestocking::test_restock_respects_maximum
FAILED tests/services/test_phase10_inventory_real.py::TestInventoryRestocking::test_restock_clears_alert
FAILED tests/services/test_phase10_inventory_real.py::TestInventoryCategories::test_filter_by_category
FAILED tests/services/test_phase10_inventory_real.py::TestInventoryCategories::test_category_statistics
FAILED tests/services/test_phase10_inventory_real.py::TestInventoryExpiration::test_list_expired_items
FAILED tests/services/test_phase10_inventory_real.py::TestInventoryExpiration::test_warn_expiring_soon
FAILED tests/services/test_phase10_inventory_real.py::TestInventoryExpiration::test_automatically_remove_expired
FAILED tests/services/test_phase10_inventory_real.py::TestInventoryCalculations::test_calculate_inventory_value
FAILED tests/services/test_phase10_inventory_real.py::TestInventoryCalculations::test_calculate_consumption_average
FAILED tests/services/test_phase10_inventory_real.py::TestInventorySync::test_sync_articles_from_shopping_list
FAILED tests/services/test_phase10_inventory_real.py::TestInventoryEdgeCases::test_zero_quantity_articles
FAILED tests/services/test_phase10_inventory_real.py::TestInventoryEdgeCases::test_negative_quantity_prevention
FAILED tests/services/test_phase10_inventory_real.py::TestInventoryEdgeCases::test_fractional_quantities
FAILED tests/services/test_phase11_recipes_shopping.py::TestRecipeSuggestions::test_suggest_recipes_by_time
FAILED tests/services/test_phase11_recipes_shopping.py::TestRecipeSuggestions::test_suggest_recipes_by_ingredients
FAILED tests/services/test_phase11_recipes_shopping.py::TestRecipeSuggestions::test_suggest_seasonal_recipes
FAILED tests/services/test_phase11_recipes_shopping.py::TestNutritionCalculations::test_calculate_recipe_nutrition
FAILED tests/services/test_phase11_recipes_shopping.py::TestNutritionCalculations::test_calculate_per_portion
FAILED tests/services/test_phase11_recipes_shopping.py::TestNutritionCalculations::test_compare_nutrition_between_recipes
FAILED tests/services/test_phase11_recipes_shopping.py::TestAllergenManagement::test_detect_allergens_in_recipe
FAILED tests/services/test_phase11_recipes_shopping.py::TestAllergenManagement::test_filter_recipes_by_allergens
FAILED tests/services/test_phase11_recipes_shopping.py::TestAllergenManagement::test_cross_contamination_warning
FAILED tests/services/test_phase11_recipes_shopping.py::TestShoppingListGeneration::test_generate_shopping_list_from_recipes
FAILED tests/services/test_phase11_recipes_shopping.py::TestShoppingListGeneration::test_consolidate_ingredients
FAILED tests/services/test_phase11_recipes_shopping.py::TestShoppingListGeneration::test_categorize_shopping_list
FAILED tests/services/test_phase11_recipes_shopping.py::TestShoppingListGeneration::test_estimate_shopping_cost
FAILED tests/services/test_phase11_recipes_shopping.py::TestShoppingOptimization::test_optimize_by_store_aisle
FAILED tests/services/test_phase11_recipes_shopping.py::TestShoppingOptimization::test_optimize_by_budget
FAILED tests/services/test_phase11_recipes_shopping.py::TestRecipeRatings::test_rate_recipe
FAILED tests/services/test_phase11_recipes_shopping.py::TestRecipeRatings::test_get_popular_recipes
FAILED tests/services/test_phase11_recipes_shopping.py::TestRecipeRatings::test_get_recipe_comments
FAILED tests/services/test_phase11_recipes_shopping.py::TestRecipeVariations::test_adapt_recipe_portions
FAILED tests/services/test_phase11_recipes_shopping.py::TestRecipeVariations::test_create_recipe_variation
FAILED tests/services/test_phase11_recipes_shopping.py::TestRecipeEdgeCases::test_recipe_with_no_ingredients
FAILED tests/services/test_phase11_recipes_shopping.py::TestRecipeEdgeCases::test_recipe_with_complex_preparation
FAILED tests/services/test_phase11_recipes_shopping.py::TestRecipeEdgeCases::test_recipe_search_case_insensitive
FAILED tests/services/test_phase12_edge_cases.py::TestComplexWorkflows::test_plan_week_to_shopping_to_budget
FAILED tests/services/test_phase12_edge_cases.py::TestComplexWorkflows::test_shopping_to_inventory_to_planning
FAILED tests/services/test_phase12_edge_cases.py::TestComplexWorkflows::test_inventory_alert_triggers_shopping
FAILED tests/services/test_phase12_edge_cases.py::TestErrorHandling::test_handle_missing_recipe
FAILED tests/services/test_phase12_edge_cases.py::TestErrorHandling::test_handle_invalid_date_range
FAILED tests/services/test_phase12_edge_cases.py::TestErrorHandling::test_handle_budget_exceeded
FAILED tests/services/test_phase12_edge_cases.py::TestErrorHandling::test_handle_duplicate_entries
FAILED tests/services/test_phase12_edge_cases.py::TestDataConsistency::test_inventory_sync_consistency
FAILED tests/services/test_phase12_edge_cases.py::TestDataConsistency::test_planning_nutrition_consistency
FAILED tests/services/test_phase12_edge_cases.py::TestDataConsistency::test_budget_expense_consistency
FAILED tests/services/test_phase12_edge_cases.py::TestPerformance::test_handle_large_inventory
FAILED tests/services/test_phase12_edge_cases.py::TestPerformance::test_handle_large_planning
FAILED tests/services/test_phase12_edge_cases.py::TestPerformance::test_handle_many_expenses
FAILED tests/services/test_phase12_edge_cases.py::TestConcurrency::test_concurrent_inventory_consumption
FAILED tests/services/test_phase12_edge_cases.py::TestConcurrency::test_concurrent_budget_entries
FAILED tests/services/test_phase12_edge_cases.py::TestDataValidation::test_validate_recipe_ingredients
FAILED tests/services/test_phase12_edge_cases.py::TestDataValidation::test_validate_budget_amounts
FAILED tests/services/test_phase12_edge_cases.py::TestDataValidation::test_validate_dates_are_consistent
FAILED tests/services/test_phase12_edge_cases.py::TestIntegrationEdgeCases::test_empty_shopping_list
FAILED tests/services/test_phase12_edge_cases.py::TestIntegrationEdgeCases::test_recipe_with_no_nutritional_data
FAILED tests/services/test_phase12_edge_cases.py::TestIntegrationEdgeCases::test_planning_with_restricted_diets
FAILED tests/services/test_phase12_edge_cases.py::TestRecoveryMechanisms::test_recover_from_missing_data
FAILED tests/services/test_phase12_edge_cases.py::TestRecoveryMechanisms::test_rollback_on_transaction_failure
FAILED tests/services/test_services_coverage_80_part2.py::TestRapportsPDFServiceInit::test_service_init
FAILED tests/services/test_services_integration.py::TestInventaireServiceIntegration::test_article_inventory_query
FAILED tests/services/test_services_integration.py::TestCoursesServiceIntegration::test_article_courses_creation
FAILED tests/services/test_services_integration.py::TestCoursesServiceIntegration::test_multiple_articles_courses
FAILED tests/services/test_services_integration.py::TestCrossServiceIntegration::test_full_workflow_recipe_to_courses
SKIPPED [1] tests\api\test_api_coverage_80.py:758: PyJWT not installed
SKIPPED [1] tests\api\test_api_deep.py:526: RateLimiter.check_rate_limit returns coroutine in some contexts
SKIPPED [1] tests\api\test_api_deep.py:545: RateLimiter.check_rate_limit returns coroutine in some contexts
SKIPPED [1] tests\api\test_api_deep.py:593: RateLimiter.check_rate_limit returns coroutine in some contexts
SKIPPED [1] tests\api\test_api_deep.py:752: Requires PyJWT package
SKIPPED [1] tests\api\test_api_deep.py:903: Requires full FastAPI context
SKIPPED [1] tests\api\test_api_deep.py:924: Requires full FastAPI context
SKIPPED [1] tests\api\test_api_deep.py:981: Requires specific DB context mock
SKIPPED [1] tests\api\test_api_deep.py:1018: Requires AuthService integration
SKIPPED [1] tests\api\test_api_deep.py:1045: Requires AuthService integration
SKIPPED [1] tests\api\test_api_deep.py:1066: Requires AuthService integration
SKIPPED [68] tests\api\test_api_endpoints_basic.py: API endpoints return 500 - DB connection issues
SKIPPED [1] tests\api\test_api_endpoints_basic.py:66: API endpoints return 500 - DB connection issues
SKIPPED [1] tests\api\test_api_endpoints_basic.py:161: API endpoints return 500 - DB connection issues
SKIPPED [1] tests\api\test_api_endpoints_basic.py:232: API endpoints return 500 - DB connection issues
SKIPPED [1] tests\api\test_api_endpoints_basic.py:319: API endpoints return 500 - DB connection issues
SKIPPED [1] tests\api\test_api_endpoints_basic.py:390: API endpoints return 500 - DB connection issues
SKIPPED [1] tests\api\test_api_endpoints_basic.py:462: API endpoints return 500 - DB connection issues
SKIPPED [1] tests\api\test_api_endpoints_basic.py:518: API endpoints return 500 - DB connection issues
SKIPPED [1] tests\api\test_api_endpoints_basic.py:592: API endpoints return 500 - DB connection issues
SKIPPED [1] tests\api\test_api_endpoints_basic.py:655: API endpoints return 500 - DB connection issues
SKIPPED [1] tests\api\test_api_endpoints_basic.py:765: API endpoints return 500 - DB connection issues
SKIPPED [52] tests\api\test_api_endpoints_crud.py: API endpoints return errors
SKIPPED [1] tests\api\test_api_endpoints_crud.py:113: API endpoints return errors
SKIPPED [1] tests\api\test_api_endpoints_crud.py:165: API endpoints return errors
SKIPPED [1] tests\api\test_api_endpoints_crud.py:229: API endpoints return errors
SKIPPED [1] tests\api\test_api_endpoints_crud.py:313: API endpoints return errors
SKIPPED [1] tests\api\test_api_endpoints_crud.py:365: API endpoints return errors
SKIPPED [1] tests\api\test_api_endpoints_crud.py:422: API endpoints return errors
SKIPPED [1] tests\api\test_api_endpoints_crud.py:473: API endpoints return errors
SKIPPED [1] tests\api\test_api_endpoints_crud.py:561: API endpoints return errors
SKIPPED [1] tests\api\test_api_endpoints_crud.py:620: API endpoints return errors
SKIPPED [43] tests\api\test_api_integration.py: API endpoints return 500 errors
SKIPPED [1] tests\api\test_api_integration.py:362: API endpoints return 500 errors
SKIPPED [1] tests\api\test_api_integration.py:458: API endpoints return 500 errors
SKIPPED [1] tests\api\test_api_integration.py:572: API endpoints return 500 errors
SKIPPED [1] tests\api\test_api_integration.py:664: API endpoints return 500 errors
SKIPPED [1] tests\api\test_main.py:27: API has DB connection issues - returns 500
SKIPPED [1] tests\api\test_main.py:194: API has DB connection issues - returns 500
SKIPPED [1] tests\api\test_main.py:176: API has DB connection issues - returns 500
SKIPPED [1] tests\api\test_main.py:182: API has DB connection issues - returns 500
SKIPPED [1] tests\api\test_main.py:188: API has DB connection issues - returns 500
SKIPPED [1] tests\core\test_ai_modules.py:31: Mock Mistral incompatible avec httpx-client actuel
SKIPPED [1] tests\core\test_ai_modules.py:36: Mock Mistral incompatible avec httpx-client actuel
SKIPPED [1] tests\core\test_ai_modules.py:166: API non disponible: 'ClientIA' object has no attribute 'obtenir_suggestions'
SKIPPED [1] tests\core\test_cache_multi.py:82: Test flaky en CI - timing dÚpendant
SKIPPED [1] tests\core\test_cache_multi.py:99: Test flaky en CI - timing dÚpendant
SKIPPED [1] tests\core\test_cache_multi.py:216: Test flaky en CI - timing dÚpendant
SKIPPED [1] tests\core\test_cache_multi.py:230: Test flaky - invalidation fichier non fiable en CI
SKIPPED [6] tests\core\test_cache_multi.py: Tests flaky - dÚpendance sur singleton et Útat partagÚ
SKIPPED [1] tests\core\test_cache_multi.py:388: Test flaky en CI - singleton partagÚ
SKIPPED [1] tests\core\test_cache_multi.py:420: Test flaky en CI - singleton partagÚ
SKIPPED [1] tests\core\test_cache_multi.py:438: Test flaky en CI - singleton partagÚ
SKIPPED [1] tests\core\test_cache_multi_deep.py:253: L2SessionCache import streamlit localement - mock difficile
SKIPPED [1] tests\core\test_cache_multi_deep.py:261: L2SessionCache import streamlit localement - mock difficile
SKIPPED [1] tests\core\test_cache_multi_deep.py:275: L2SessionCache import streamlit localement - mock difficile
SKIPPED [1] tests\core\test_cache_multi_deep.py:296: L2SessionCache import streamlit localement - mock difficile
SKIPPED [1] tests\core\test_cache_multi_deep.py:308: L2SessionCache import streamlit localement - mock difficile
SKIPPED [1] tests\core\test_cache_multi_deep.py:322: L2SessionCache import streamlit localement - mock difficile
SKIPPED [1] tests\core\test_cache_multi_deep.py:334: L2SessionCache import streamlit localement - mock difficile
SKIPPED [1] tests\core\test_cache_multi_deep.py:349: L2SessionCache import streamlit localement - mock difficile
SKIPPED [1] tests\core\test_config_deep.py:220: DÚpendance complexe sur _get_mistral_api_key_from_secrets et st.secrets
SKIPPED [1] tests\core\test_database.py:177: get_db_context is a lambda wrapper, not direct alias
SKIPPED [1] tests\core\test_database_extended.py: get_db_context is a lambda wrapper, not direct alias
SKIPPED [1] tests\core\test_models_batch_cooking.py:18: Table batch_meals non crÚÚe dans le scope de la session de test
SKIPPED [1] tests\core\test_models_batch_cooking.py:23: Recette.temps_preparation NOT NULL - test incomplet
SKIPPED [1] tests\core\test_models_batch_cooking.py:28: Table batch_meals non crÚÚe dans le scope de la session de test
SKIPPED [1] tests\core\test_models_batch_cooking.py:33: Table batch_meals non crÚÚe dans le scope de la session de test
SKIPPED [1] tests\core\test_models_batch_cooking.py:38: Table batch_meals non crÚÚe dans le scope de la session de test
SKIPPED [1] tests\core\test_models_comprehensive.py:25: NÚcessite crÚation Ingredient et ListeCourses d'abord
SKIPPED [1] tests\core\test_models_comprehensive.py:31: NÚcessite crÚation Ingredient et ListeCourses d'abord
SKIPPED [1] tests\core\test_models_comprehensive.py:36: NÚcessite crÚation Ingredient et ListeCourses d'abord
SKIPPED [1] tests\core\test_models_comprehensive.py:41: NÚcessite crÚation Ingredient et ListeCourses d'abord
SKIPPED [1] tests\core\test_models_comprehensive.py:51: NÚcessite crÚation Ingredient d'abord - FK obligatoire
SKIPPED [1] tests\core\test_models_comprehensive.py:56: NÚcessite crÚation Ingredient d'abord - FK obligatoire
SKIPPED [1] tests\core\test_models_comprehensive.py:61: NÚcessite crÚation Ingredient d'abord - FK obligatoire
SKIPPED [1] tests\core\test_models_comprehensive.py:82: Table non crÚÚe dans le scope de la session de test
SKIPPED [1] tests\core\test_models_comprehensive.py:87: Table non crÚÚe dans le scope de la session de test
SKIPPED [1] tests\core\test_models_comprehensive.py:149: Table non crÚÚe dans le scope de la session de test
SKIPPED [1] tests\core\test_models_comprehensive.py:154: Table non crÚÚe dans le scope de la session de test
SKIPPED [1] tests\core\test_models_comprehensive.py:164: Table non crÚÚe dans le scope de la session de test
SKIPPED [1] tests\core\test_models_comprehensive.py:169: Table non crÚÚe dans le scope de la session de test
SKIPPED [1] tests\core\test_performance_optimizations_deep.py:33: Mock du package redis difficile - singleton dÚjÓ crÚÚ
SKIPPED [1] tests\core\test_performance_optimizations_deep.py:48: Mock du singleton RedisCache difficile
SKIPPED [1] tests\core\test_sql_optimizer.py:92: DummyModel n'a pas de relation 'rel' - test incomplet
SKIPPED [11] tests\domains\maison\ui\test_eco_tips.py: EcoAction model doesn't have cout_initial field
SKIPPED [6] tests\domains\maison\ui\test_jardin.py: MockQuery object issues with filter/first
SKIPPED [10] tests\domains\maison\ui\test_jardin_zones.py: GardenZone model field mismatches - prochaine_action KeyError
SKIPPED [17] tests\domains\test_core_workflows.py: module 'src.services' attribute errors
SKIPPED [1] tests\domains\test_domains_coverage_80.py:686: Function not available
SKIPPED [23] tests\domains\test_logic_comprehensive.py: Models created without required fields
SKIPPED [24] tests\integration\test_integration_business_logic.py: UnmappedInstanceError and IntegrityError - model mapping issues
SKIPPED [35] tests\integration\test_integration_crud_models.py: IntegrityError - ArticleCourses requires liste_courses_id FK
SKIPPED [1] tests\property_tests\test_models_hypothesis.py:19: Hypothesis not installed
SKIPPED [1] tests\services\test_additional_services.py:23: WeatherService non disponible
SKIPPED [1] tests\services\test_additional_services.py:32: Impossible d'initialiser: cannot import name 'WeatherService' from 'src.services.weather' (D:\Projet_streamlit\assistant_matanne\src\services\weather.py)
SKIPPED [1] tests\services\test_additional_services.py:48: WeatherService non disponible
SKIPPED [1] tests\services\test_additional_services.py:64: WeatherService non disponible
SKIPPED [1] tests\services\test_additional_services.py:77: PushNotificationsService non disponible
SKIPPED [1] tests\services\test_additional_services.py:86: Impossible d'initialiser: cannot import name 'PushNotificationsService' from 'src.services.push_notifications' (D:\Projet_streamlit\assistant_matanne\src\services\push_notifications.py)
SKIPPED [1] tests\services\test_additional_services.py:104: Service non disponible
SKIPPED [1] tests\services\test_additional_services.py:120: Service non disponible
SKIPPED [1] tests\services\test_additional_services.py:133: GarminSyncService non disponible
SKIPPED [1] tests\services\test_additional_services.py:142: Impossible d'initialiser: cannot import name 'GarminSyncService' from 'src.services.garmin_sync' (D:\Projet_streamlit\assistant_matanne\src\services\garmin_sync.py)
SKIPPED [1] tests\services\test_additional_services.py:156: Service non disponible
SKIPPED [1] tests\services\test_courses_service.py:82: Mock complexe - Ó revoir
SKIPPED [1] tests\services\test_courses_service.py:152: Mock complexe sur les caches - Ó revoir
SKIPPED [1] tests\services\test_courses_service.py:161: Mock complexe sur les caches - Ó revoir
SKIPPED [1] tests\services\test_courses_service.py: Mocks complexes de BD - Ó amÚliorer ultÚrieurement
SKIPPED [22] tests\services\test_critical_services.py: get_xxx_service() takes 0 arguments but test passes db
SKIPPED [23] tests\services\test_direct_methods.py: Models require temps_preparation and other fields
SKIPPED [68] tests\services\test_domains_coverage.py: Wrong class names: SuggestionIA, PlanningJour, UserPreferences
SKIPPED [32] tests\services\test_inventaire_extended.py: InventaireService() doesn't accept db parameter
SKIPPED [36] tests\services\test_maison_extended.py: Tests avec signatures incorrectes
SKIPPED [27] tests\services\test_planning_extended.py: Tests avec signatures incorrectes
SKIPPED [39] tests\services\test_tier1_critical.py: Tests gÚnÚrÚs automatiquement avec signatures incorrectes
SKIPPED [16] tests\test_api.py: module 'src.api' has no attribute 'routes'
SKIPPED [1] tests\test_core_utils.py:35: ExceptionApp.__init__() doesn't accept extra_info kwarg
SKIPPED [4] tests\test_core_utils.py: src.core.validators module does not exist
SKIPPED [2] tests\test_core_utils.py: Some constants like MAX_BATCH_SIZE, TIMEOUT_SECONDES don't exist
SKIPPED [2] tests\test_core_utils.py: src.core.utils module does not exist
SKIPPED [10] tests\test_integrations.py: module 'src.services' attribute errors
SKIPPED [16] tests\test_services_extended.py: Service classes don't have 'db' attribute - use singleton pattern
SKIPPED [19] tests\ui\test_components_additional.py: UI component modules don't exist
SKIPPED [14] tests\ui\test_components_extended.py: src.ui.components.buttons module doesn't exist
SKIPPED [1] tests\utils\test_helpers_general.py:19: Helper functions tested (format_dict, etc.) don't exist
SKIPPED [1] tests\utils\test_helpers_general.py:27: Helper functions tested (format_dict, etc.) don't exist
SKIPPED [1] tests\utils\test_helpers_general.py:36: Helper functions tested (format_dict, etc.) don't exist
SKIPPED [1] tests\utils\test_helpers_general.py:44: Helper functions tested (format_dict, etc.) don't exist
SKIPPED [1] tests\utils\test_helpers_general.py:56: Helper functions tested (format_dict, etc.) don't exist
SKIPPED [1] tests\utils\test_helpers_general.py:64: Helper functions tested (format_dict, etc.) don't exist
SKIPPED [1] tests\utils\test_helpers_general.py:72: Helper functions tested (format_dict, etc.) don't exist
SKIPPED [1] tests\utils\test_helpers_general.py:79: Helper functions tested (format_dict, etc.) don't exist
SKIPPED [1] tests\utils\test_helpers_general.py:91: Helper functions tested (format_dict, etc.) don't exist
SKIPPED [1] tests\utils\test_helpers_general.py:98: Helper functions tested (format_dict, etc.) don't exist
SKIPPED [1] tests\utils\test_helpers_general.py:105: Helper functions tested (format_dict, etc.) don't exist
SKIPPED [1] tests\utils\test_helpers_general.py:116: Helper functions tested (format_dict, etc.) don't exist
SKIPPED [1] tests\utils\test_helpers_general.py:127: Helper functions tested (format_dict, etc.) don't exist
SKIPPED [1] tests\utils\test_helpers_general.py:138: Helper functions tested (format_dict, etc.) don't exist
SKIPPED [1] tests\utils\test_helpers_general.py:153: Helper functions tested (format_dict, etc.) don't exist
SKIPPED [1] tests\utils\test_helpers_general.py:160: Helper functions tested (format_dict, etc.) don't exist
SKIPPED [1] tests\utils\test_helpers_general.py:167: Helper functions tested (format_dict, etc.) don't exist
SKIPPED [1] tests\utils\test_image_generator.py:22: Image generator functions don't exist
SKIPPED [1] tests\utils\test_image_generator.py:31: Image generator functions don't exist
SKIPPED [1] tests\utils\test_image_generator.py:39: Image generator functions don't exist
SKIPPED [1] tests\utils\test_image_generator.py:47: Image generator functions don't exist
SKIPPED [1] tests\utils\test_image_generator.py:64: Image generator functions don't exist
SKIPPED [1] tests\utils\test_image_generator.py:79: Image generator functions don't exist
SKIPPED [1] tests\utils\test_image_generator.py:94: Image generator functions don't exist
SKIPPED [1] tests\utils\test_image_generator.py:105: Image generator functions don't exist
SKIPPED [1] tests\utils\test_image_generator.py:115: Image generator functions don't exist
SKIPPED [1] tests\utils\test_image_generator.py:123: Image generator functions don't exist
SKIPPED [1] tests\utils\test_image_generator.py:131: Image generator functions don't exist
SKIPPED [1] tests\utils\test_image_generator.py:145: Image generator functions don't exist
SKIPPED [1] tests\utils\test_image_generator.py:153: Image generator functions don't exist
SKIPPED [1] tests\utils\test_utilities_comprehensive.py:26: Formatters de dates non disponibles
SKIPPED [1] tests\utils\test_utilities_comprehensive.py:39: Formatters non disponibles
SKIPPED [1] tests\utils\test_utilities_comprehensive.py:52: Formatters non disponibles
SKIPPED [1] tests\utils\test_utilities_comprehensive.py:64: Formatters non disponibles
SKIPPED [1] tests\utils\test_utilities_comprehensive.py:81: Formatters de nombres non disponibles
SKIPPED [1] tests\utils\test_utilities_comprehensive.py:94: Formatters non disponibles
SKIPPED [1] tests\utils\test_utilities_comprehensive.py:107: Formatters non disponibles
SKIPPED [1] tests\utils\test_utilities_comprehensive.py:119: Formatters non disponibles
SKIPPED [1] tests\utils\test_utilities_comprehensive.py:136: Formatters de texte non disponibles
SKIPPED [1] tests\utils\test_utilities_comprehensive.py:179: Formatters d'unitÚs non disponibles
SKIPPED [1] tests\utils\test_utilities_comprehensive.py:191: Formatters non disponibles
SKIPPED [1] tests\utils\test_utilities_comprehensive.py:203: Formatters non disponibles
SKIPPED [1] tests\utils\test_utilities_comprehensive.py:220: Validateurs non disponibles
SKIPPED [1] tests\utils\test_utilities_comprehensive.py:233: Validateurs non disponibles
SKIPPED [1] tests\utils\test_utilities_comprehensive.py:247: Validateurs non disponibles
SKIPPED [1] tests\utils\test_utilities_comprehensive.py:264: Validateurs alimentaires non disponibles
SKIPPED [1] tests\utils\test_utilities_comprehensive.py:276: Validateurs non disponibles
SKIPPED [1] tests\utils\test_utilities_comprehensive.py:293: Helpers de donnÚes non disponibles
SKIPPED [1] tests\utils\test_utilities_comprehensive.py:306: Helpers non disponibles
SKIPPED [1] tests\utils\test_utilities_comprehensive.py:319: Helpers non disponibles
SKIPPED [1] tests\utils\test_utilities_comprehensive.py:336: Helpers de dates non disponibles
SKIPPED [1] tests\utils\test_utilities_comprehensive.py:347: Helpers non disponibles
SKIPPED [1] tests\utils\test_utilities_comprehensive.py:364: Helpers alimentaires non disponibles
SKIPPED [1] tests\utils\test_utilities_comprehensive.py:378: Helpers non disponibles
SKIPPED [1] tests\utils\test_utilities_comprehensive.py:390: Helpers non disponibles
==== 97 failed, 5229 passed, 779 skipped, 37 warnings in 101.34s (0:01:41) ====
