============================= test session starts =============================
platform win32 -- Python 3.11.8, pytest-9.0.2, pluggy-1.6.0
rootdir: D:\Projet_streamlit\assistant_matanne
configfile: pytest.ini
plugins: anyio-4.12.1, asyncio-1.3.0, cov-7.0.0
asyncio: mode=Mode.STRICT, debug=False, asyncio_default_fixture_loop_scope=function, asyncio_default_test_loop_scope=function
collected 623 items

tests\services\weather\test_service.py ................................. [  5%]
............................                                             [  9%]
tests\services\weather\test_utils.py ................................... [ 15%]
........................................................................ [ 26%]
...................................................                      [ 35%]
tests\services\web\test_pwa.py ......................................... [ 41%]
.......................................................................  [ 53%]
tests\services\web\test_synchronisation.py ............................. [ 57%]
.............................................................            [ 67%]
tests\services\notifications\test_inventaire.py ........................ [ 71%]
.....                                                                    [ 72%]
tests\services\notifications\test_notif_ntfy.py ........................ [ 76%]
...........                                                              [ 77%]
tests\services\notifications\test_notif_web.py ......................... [ 81%]
..s......................................                                [ 88%]
tests\services\notifications\test_ui.py ............                     [ 90%]
tests\services\notifications\test_utils.py ............................. [ 95%]
...............................                                          [100%]

=============================== tests coverage ================================
_______________ coverage: platform win32, python 3.11.8-final-0 _______________

Name                                       Stmts   Miss Branch BrPart   Cover
-----------------------------------------------------------------------------
src\services\notifications\__init__.py         7      0      0      0 100.00%
src\services\notifications\inventaire.py     108      1     36      3  97.22%
src\services\notifications\notif_ntfy.py     126     10     28      4  89.61%
src\services\notifications\notif_web.py      252      7     60      4  96.47%
src\services\notifications\types.py          146     11      0      0  92.47%
src\services\notifications\ui.py              46      5      2      1  87.50%
src\services\notifications\utils.py          148      2     52      4  97.00%
src\services\weather\__init__.py               3      0      0      0 100.00%
src\services\weather\service.py              273     58     84      7  76.75%
src\services\weather\utils.py                250      5    132      3  97.91%
src\services\web\__init__.py                   3      0      0      0 100.00%
src\services\web\pwa.py                       49      0      0      0 100.00%
src\services\web\synchronisation.py          249     32     50      2  87.96%
-----------------------------------------------------------------------------
TOTAL                                       1660    131    444     28  91.40%
=========================== short test summary info ===========================
SKIPPED [1] tests\services\notifications\test_notif_web.py:470: could not import 'pywebpush': No module named 'pywebpush'
======================= 622 passed, 1 skipped in 41.47s =======================
